../Core/Src/bootloader.c:28:13:SendError	16	static
../Core/Src/bootloader.c:40:13:SendCmdAck	24	static
../Core/Src/bootloader.c:52:13:SendPacketAck	24	static
../Core/Src/bootloader.c:64:13:SendPacketNAck	24	static
../Core/Src/bootloader.c:76:6:test	8	static
../Core/Src/bootloader.c:84:6:Bootloader_Run	24	static
../Core/Src/bootloader.c:231:6:Bootloader_JumToApplication	24	static,ignoring_inline_asm
../Core/Src/bootloader.c:257:6:Bootloader_CheckApplicationExist	16	static
../Core/Src/bootloader.c:277:9:Bootloader_EraseApplication	16	static
../Core/Src/bootloader.c:302:9:Bootloader_DownloadFW	40	static
../Core/Src/bootloader.c:352:9:Bootloader_VerifyAppChecksum	24	static
