Archive member included to satisfy reference by file (symbol)

c:/st/stm32cubeide_1.12.1/stm32cubeide/plugins/com.st.stm32cube.ide.mcu.externaltools.gnu-tools-for-stm32.10.3-2021.10.win32_1.0.200.202301161003/tools/bin/../lib/gcc/arm-none-eabi/10.3.1/../../../../arm-none-eabi/lib/thumb/v7e-m+fp/hard\libc_nano.a(lib_a-errno.o)
                              ./Core/Src/syscalls.o (__errno)
c:/st/stm32cubeide_1.12.1/stm32cubeide/plugins/com.st.stm32cube.ide.mcu.externaltools.gnu-tools-for-stm32.10.3-2021.10.win32_1.0.200.202301161003/tools/bin/../lib/gcc/arm-none-eabi/10.3.1/../../../../arm-none-eabi/lib/thumb/v7e-m+fp/hard\libc_nano.a(lib_a-exit.o)
                              c:/st/stm32cubeide_1.12.1/stm32cubeide/plugins/com.st.stm32cube.ide.mcu.externaltools.gnu-tools-for-stm32.10.3-2021.10.win32_1.0.200.202301161003/tools/bin/../lib/gcc/arm-none-eabi/10.3.1/../../../../arm-none-eabi/lib/thumb/v7e-m+fp/hard/crt0.o (exit)
c:/st/stm32cubeide_1.12.1/stm32cubeide/plugins/com.st.stm32cube.ide.mcu.externaltools.gnu-tools-for-stm32.10.3-2021.10.win32_1.0.200.202301161003/tools/bin/../lib/gcc/arm-none-eabi/10.3.1/../../../../arm-none-eabi/lib/thumb/v7e-m+fp/hard\libc_nano.a(lib_a-impure.o)
                              c:/st/stm32cubeide_1.12.1/stm32cubeide/plugins/com.st.stm32cube.ide.mcu.externaltools.gnu-tools-for-stm32.10.3-2021.10.win32_1.0.200.202301161003/tools/bin/../lib/gcc/arm-none-eabi/10.3.1/../../../../arm-none-eabi/lib/thumb/v7e-m+fp/hard\libc_nano.a(lib_a-exit.o) (_global_impure_ptr)
c:/st/stm32cubeide_1.12.1/stm32cubeide/plugins/com.st.stm32cube.ide.mcu.externaltools.gnu-tools-for-stm32.10.3-2021.10.win32_1.0.200.202301161003/tools/bin/../lib/gcc/arm-none-eabi/10.3.1/../../../../arm-none-eabi/lib/thumb/v7e-m+fp/hard\libc_nano.a(lib_a-init.o)
                              c:/st/stm32cubeide_1.12.1/stm32cubeide/plugins/com.st.stm32cube.ide.mcu.externaltools.gnu-tools-for-stm32.10.3-2021.10.win32_1.0.200.202301161003/tools/bin/../lib/gcc/arm-none-eabi/10.3.1/../../../../arm-none-eabi/lib/thumb/v7e-m+fp/hard/crt0.o (__libc_init_array)
c:/st/stm32cubeide_1.12.1/stm32cubeide/plugins/com.st.stm32cube.ide.mcu.externaltools.gnu-tools-for-stm32.10.3-2021.10.win32_1.0.200.202301161003/tools/bin/../lib/gcc/arm-none-eabi/10.3.1/../../../../arm-none-eabi/lib/thumb/v7e-m+fp/hard\libc_nano.a(lib_a-memset.o)
                              c:/st/stm32cubeide_1.12.1/stm32cubeide/plugins/com.st.stm32cube.ide.mcu.externaltools.gnu-tools-for-stm32.10.3-2021.10.win32_1.0.200.202301161003/tools/bin/../lib/gcc/arm-none-eabi/10.3.1/../../../../arm-none-eabi/lib/thumb/v7e-m+fp/hard/crt0.o (memset)
c:/st/stm32cubeide_1.12.1/stm32cubeide/plugins/com.st.stm32cube.ide.mcu.externaltools.gnu-tools-for-stm32.10.3-2021.10.win32_1.0.200.202301161003/tools/bin/../lib/gcc/arm-none-eabi/10.3.1/thumb/v7e-m+fp/hard\libgcc.a(_aeabi_uldivmod.o)
                              ./Drivers/STM32F4xx_HAL_Driver/Src/stm32f4xx_hal_rcc.o (__aeabi_uldivmod)
c:/st/stm32cubeide_1.12.1/stm32cubeide/plugins/com.st.stm32cube.ide.mcu.externaltools.gnu-tools-for-stm32.10.3-2021.10.win32_1.0.200.202301161003/tools/bin/../lib/gcc/arm-none-eabi/10.3.1/thumb/v7e-m+fp/hard\libgcc.a(_udivmoddi4.o)
                              c:/st/stm32cubeide_1.12.1/stm32cubeide/plugins/com.st.stm32cube.ide.mcu.externaltools.gnu-tools-for-stm32.10.3-2021.10.win32_1.0.200.202301161003/tools/bin/../lib/gcc/arm-none-eabi/10.3.1/thumb/v7e-m+fp/hard\libgcc.a(_aeabi_uldivmod.o) (__udivmoddi4)
c:/st/stm32cubeide_1.12.1/stm32cubeide/plugins/com.st.stm32cube.ide.mcu.externaltools.gnu-tools-for-stm32.10.3-2021.10.win32_1.0.200.202301161003/tools/bin/../lib/gcc/arm-none-eabi/10.3.1/thumb/v7e-m+fp/hard\libgcc.a(_dvmd_tls.o)
                              c:/st/stm32cubeide_1.12.1/stm32cubeide/plugins/com.st.stm32cube.ide.mcu.externaltools.gnu-tools-for-stm32.10.3-2021.10.win32_1.0.200.202301161003/tools/bin/../lib/gcc/arm-none-eabi/10.3.1/thumb/v7e-m+fp/hard\libgcc.a(_aeabi_uldivmod.o) (__aeabi_ldiv0)

Discarded input sections

 .text          0x0000000000000000        0x0 c:/st/stm32cubeide_1.12.1/stm32cubeide/plugins/com.st.stm32cube.ide.mcu.externaltools.gnu-tools-for-stm32.10.3-2021.10.win32_1.0.200.202301161003/tools/bin/../lib/gcc/arm-none-eabi/10.3.1/thumb/v7e-m+fp/hard/crti.o
 .data          0x0000000000000000        0x0 c:/st/stm32cubeide_1.12.1/stm32cubeide/plugins/com.st.stm32cube.ide.mcu.externaltools.gnu-tools-for-stm32.10.3-2021.10.win32_1.0.200.202301161003/tools/bin/../lib/gcc/arm-none-eabi/10.3.1/thumb/v7e-m+fp/hard/crti.o
 .bss           0x0000000000000000        0x0 c:/st/stm32cubeide_1.12.1/stm32cubeide/plugins/com.st.stm32cube.ide.mcu.externaltools.gnu-tools-for-stm32.10.3-2021.10.win32_1.0.200.202301161003/tools/bin/../lib/gcc/arm-none-eabi/10.3.1/thumb/v7e-m+fp/hard/crti.o
[...]
Memory Configuration

Name             Origin             Length             Attributes
RAM              0x0000000020000000 0x0000000000020000 xrw
FLASH            0x0000000008000000 0x0000000000010000 xr
*default*        0x0000000000000000 0xffffffffffffffff

Linker script and memory map

LOAD c:/st/stm32cubeide_1.12.1/stm32cubeide/plugins/com.st.stm32cube.ide.mcu.externaltools.gnu-tools-for-stm32.10.3-2021.10.win32_1.0.200.202301161003/tools/bin/../lib/gcc/arm-none-eabi/10.3.1/thumb/v7e-m+fp/hard/crti.o
LOAD c:/st/stm32cubeide_1.12.1/stm32cubeide/plugins/com.st.stm32cube.ide.mcu.externaltools.gnu-tools-for-stm32.10.3-2021.10.win32_1.0.200.202301161003/tools/bin/../lib/gcc/arm-none-eabi/10.3.1/thumb/v7e-m+fp/hard/crtbegin.o
LOAD c:/st/stm32cubeide_1.12.1/stm32cubeide/plugins/com.st.stm32cube.ide.mcu.externaltools.gnu-tools-for-stm32.10.3-2021.10.win32_1.0.200.202301161003/tools/bin/../lib/gcc/arm-none-eabi/10.3.1/../../../../arm-none-eabi/lib/thumb/v7e-m+fp/hard/crt0.o
LOAD ./Core/Src/bootloader.o
LOAD ./Core/Src/flash.o
LOAD ./Core/Src/main.o
LOAD ./Core/Src/stm32f4xx_hal_msp.o
LOAD ./Core/Src/stm32f4xx_it.o
LOAD ./Core/Src/syscalls.o
LOAD ./Core/Src/sysmem.o
LOAD ./Core/Src/system_stm32f4xx.o
LOAD ./Core/Startup/startup_stm32f411ceux.o
LOAD ./Drivers/STM32F4xx_HAL_Driver/Src/stm32f4xx_hal.o
LOAD ./Drivers/STM32F4xx_HAL_Driver/Src/stm32f4xx_hal_cortex.o
LOAD ./Drivers/STM32F4xx_HAL_Driver/Src/stm32f4xx_hal_crc.o
LOAD ./Drivers/STM32F4xx_HAL_Driver/Src/stm32f4xx_hal_dma.o
LOAD ./Drivers/STM32F4xx_HAL_Driver/Src/stm32f4xx_hal_dma_ex.o
LOAD ./Drivers/STM32F4xx_HAL_Driver/Src/stm32f4xx_hal_exti.o
LOAD ./Drivers/STM32F4xx_HAL_Driver/Src/stm32f4xx_hal_flash.o
LOAD ./Drivers/STM32F4xx_HAL_Driver/Src/stm32f4xx_hal_flash_ex.o
LOAD ./Drivers/STM32F4xx_HAL_Driver/Src/stm32f4xx_hal_flash_ramfunc.o
LOAD ./Drivers/STM32F4xx_HAL_Driver/Src/stm32f4xx_hal_gpio.o
LOAD ./Drivers/STM32F4xx_HAL_Driver/Src/stm32f4xx_hal_pcd.o
LOAD ./Drivers/STM32F4xx_HAL_Driver/Src/stm32f4xx_hal_pcd_ex.o
LOAD ./Drivers/STM32F4xx_HAL_Driver/Src/stm32f4xx_hal_pwr.o
LOAD ./Drivers/STM32F4xx_HAL_Driver/Src/stm32f4xx_hal_pwr_ex.o
LOAD ./Drivers/STM32F4xx_HAL_Driver/Src/stm32f4xx_hal_rcc.o
LOAD ./Drivers/STM32F4xx_HAL_Driver/Src/stm32f4xx_hal_rcc_ex.o
LOAD ./Drivers/STM32F4xx_HAL_Driver/Src/stm32f4xx_hal_tim.o
LOAD ./Drivers/STM32F4xx_HAL_Driver/Src/stm32f4xx_hal_tim_ex.o
LOAD ./Drivers/STM32F4xx_HAL_Driver/Src/stm32f4xx_ll_usb.o
LOAD ./Middlewares/ST/STM32_USB_Device_Library/Class/CDC/Src/usbd_cdc.o
LOAD ./Middlewares/ST/STM32_USB_Device_Library/Core/Src/usbd_core.o
LOAD ./Middlewares/ST/STM32_USB_Device_Library/Core/Src/usbd_ctlreq.o
LOAD ./Middlewares/ST/STM32_USB_Device_Library/Core/Src/usbd_ioreq.o
LOAD ./USB_DEVICE/App/usb_device.o
LOAD ./USB_DEVICE/App/usbd_cdc_if.o
LOAD ./USB_DEVICE/App/usbd_desc.o
LOAD ./USB_DEVICE/Target/usbd_conf.o
START GROUP
LOAD c:/st/stm32cubeide_1.12.1/stm32cubeide/plugins/com.st.stm32cube.ide.mcu.externaltools.gnu-tools-for-stm32.10.3-2021.10.win32_1.0.200.202301161003/tools/bin/../lib/gcc/arm-none-eabi/10.3.1/../../../../arm-none-eabi/lib/thumb/v7e-m+fp/hard\libc_nano.a
LOAD c:/st/stm32cubeide_1.12.1/stm32cubeide/plugins/com.st.stm32cube.ide.mcu.externaltools.gnu-tools-for-stm32.10.3-2021.10.win32_1.0.200.202301161003/tools/bin/../lib/gcc/arm-none-eabi/10.3.1/../../../../arm-none-eabi/lib/thumb/v7e-m+fp/hard\libm.a
END GROUP
START GROUP
LOAD c:/st/stm32cubeide_1.12.1/stm32cubeide/plugins/com.st.stm32cube.ide.mcu.externaltools.gnu-tools-for-stm32.10.3-2021.10.win32_1.0.200.202301161003/tools/bin/../lib/gcc/arm-none-eabi/10.3.1/thumb/v7e-m+fp/hard\libgcc.a
LOAD c:/st/stm32cubeide_1.12.1/stm32cubeide/plugins/com.st.stm32cube.ide.mcu.externaltools.gnu-tools-for-stm32.10.3-2021.10.win32_1.0.200.202301161003/tools/bin/../lib/gcc/arm-none-eabi/10.3.1/../../../../arm-none-eabi/lib/thumb/v7e-m+fp/hard\libc_nano.a
END GROUP
START GROUP
LOAD c:/st/stm32cubeide_1.12.1/stm32cubeide/plugins/com.st.stm32cube.ide.mcu.externaltools.gnu-tools-for-stm32.10.3-2021.10.win32_1.0.200.202301161003/tools/bin/../lib/gcc/arm-none-eabi/10.3.1/thumb/v7e-m+fp/hard\libgcc.a
LOAD c:/st/stm32cubeide_1.12.1/stm32cubeide/plugins/com.st.stm32cube.ide.mcu.externaltools.gnu-tools-for-stm32.10.3-2021.10.win32_1.0.200.202301161003/tools/bin/../lib/gcc/arm-none-eabi/10.3.1/../../../../arm-none-eabi/lib/thumb/v7e-m+fp/hard\libc_nano.a
LOAD c:/st/stm32cubeide_1.12.1/stm32cubeide/plugins/com.st.stm32cube.ide.mcu.externaltools.gnu-tools-for-stm32.10.3-2021.10.win32_1.0.200.202301161003/tools/bin/../lib/gcc/arm-none-eabi/10.3.1/../../../../arm-none-eabi/lib/thumb/v7e-m+fp/hard\libnosys.a
END GROUP
START GROUP
LOAD c:/st/stm32cubeide_1.12.1/stm32cubeide/plugins/com.st.stm32cube.ide.mcu.externaltools.gnu-tools-for-stm32.10.3-2021.10.win32_1.0.200.202301161003/tools/bin/../lib/gcc/arm-none-eabi/10.3.1/thumb/v7e-m+fp/hard\libgcc.a
LOAD c:/st/stm32cubeide_1.12.1/stm32cubeide/plugins/com.st.stm32cube.ide.mcu.externaltools.gnu-tools-for-stm32.10.3-2021.10.win32_1.0.200.202301161003/tools/bin/../lib/gcc/arm-none-eabi/10.3.1/../../../../arm-none-eabi/lib/thumb/v7e-m+fp/hard\libc_nano.a
LOAD c:/st/stm32cubeide_1.12.1/stm32cubeide/plugins/com.st.stm32cube.ide.mcu.externaltools.gnu-tools-for-stm32.10.3-2021.10.win32_1.0.200.202301161003/tools/bin/../lib/gcc/arm-none-eabi/10.3.1/../../../../arm-none-eabi/lib/thumb/v7e-m+fp/hard\libnosys.a
END GROUP
LOAD c:/st/stm32cubeide_1.12.1/stm32cubeide/plugins/com.st.stm32cube.ide.mcu.externaltools.gnu-tools-for-stm32.10.3-2021.10.win32_1.0.200.202301161003/tools/bin/../lib/gcc/arm-none-eabi/10.3.1/thumb/v7e-m+fp/hard/crtend.o
LOAD c:/st/stm32cubeide_1.12.1/stm32cubeide/plugins/com.st.stm32cube.ide.mcu.externaltools.gnu-tools-for-stm32.10.3-2021.10.win32_1.0.200.202301161003/tools/bin/../lib/gcc/arm-none-eabi/10.3.1/thumb/v7e-m+fp/hard/crtn.o
                0x0000000020020000                _estack = (ORIGIN (RAM) + LENGTH (RAM))
                0x0000000000000200                _Min_Heap_Size = 0x200
                0x0000000000000400                _Min_Stack_Size = 0x400

.isr_vector     0x0000000008000000      0x198
                0x0000000008000000                . = ALIGN (0x4)
 *(.isr_vector)
 .isr_vector    0x0000000008000000      0x198 ./Core/Startup/startup_stm32f411ceux.o
                0x0000000008000000                g_pfnVectors
                0x0000000008000198                . = ALIGN (0x4)

.text           0x0000000008000198     0x7eb4
                0x0000000008000198                . = ALIGN (0x4)
 *(.text)
 .text          0x0000000008000198       0x40 c:/st/stm32cubeide_1.12.1/stm32cubeide/plugins/com.st.stm32cube.ide.mcu.externaltools.gnu-tools-for-stm32.10.3-2021.10.win32_1.0.200.202301161003/tools/bin/../lib/gcc/arm-none-eabi/10.3.1/thumb/v7e-m+fp/hard/crtbegin.o
 .text          0x00000000080001d8       0x30 c:/st/stm32cubeide_1.12.1/stm32cubeide/plugins/com.st.stm32cube.ide.mcu.externaltools.gnu-tools-for-stm32.10.3-2021.10.win32_1.0.200.202301161003/tools/bin/../lib/gcc/arm-none-eabi/10.3.1/thumb/v7e-m+fp/hard\libgcc.a(_aeabi_uldivmod.o)
                0x00000000080001d8                __aeabi_uldivmod
 .text          0x0000000008000208      0x2d0 c:/st/stm32cubeide_1.12.1/stm32cubeide/plugins/com.st.stm32cube.ide.mcu.externaltools.gnu-tools-for-stm32.10.3-2021.10.win32_1.0.200.202301161003/tools/bin/../lib/gcc/arm-none-eabi/10.3.1/thumb/v7e-m+fp/hard\libgcc.a(_udivmoddi4.o)
                0x0000000008000208                __udivmoddi4
 .text          0x00000000080004d8        0x4 c:/st/stm32cubeide_1.12.1/stm32cubeide/plugins/com.st.stm32cube.ide.mcu.externaltools.gnu-tools-for-stm32.10.3-2021.10.win32_1.0.200.202301161003/tools/bin/../lib/gcc/arm-none-eabi/10.3.1/thumb/v7e-m+fp/hard\libgcc.a(_dvmd_tls.o)
                0x00000000080004d8                __aeabi_idiv0
                0x00000000080004d8                __aeabi_ldiv0
 *(.text*)
 .text.SendError
                0x00000000080004dc       0x44 ./Core/Src/bootloader.o
 .text.SendCmdAck
                0x0000000008000520       0x44 ./Core/Src/bootloader.o
 .text.SendPacketAck
                0x0000000008000564       0x4c ./Core/Src/bootloader.o
 .text.SendPacketNAck
                0x00000000080005b0       0x4c ./Core/Src/bootloader.o
 .text.Bootloader_Run
                0x00000000080005fc      0x198 ./Core/Src/bootloader.o
                0x00000000080005fc                Bootloader_Run
 .text.Bootloader_JumToApplication
                0x0000000008000794       0x5c ./Core/Src/bootloader.o
                0x0000000008000794                Bootloader_JumToApplication
 .text.Bootloader_CheckApplicationExist
                0x00000000080007f0       0x3c ./Core/Src/bootloader.o
                0x00000000080007f0                Bootloader_CheckApplicationExist
 .text.Bootloader_EraseApplication
                0x000000000800082c       0x52 ./Core/Src/bootloader.o
                0x000000000800082c                Bootloader_EraseApplication
 *fill*         0x000000000800087e        0x2 
 .text.Bootloader_DownloadFW
                0x0000000008000880       0xb4 ./Core/Src/bootloader.o
                0x0000000008000880                Bootloader_DownloadFW
 .text.Bootloader_VerifyAppChecksum
                0x0000000008000934       0x30 ./Core/Src/bootloader.o
                0x0000000008000934                Bootloader_VerifyAppChecksum
 .text.Flash_Init
                0x0000000008000964       0x2c ./Core/Src/flash.o
                0x0000000008000964                Flash_Init
 .text.Flash_EraseSector
                0x0000000008000990       0x50 ./Core/Src/flash.o
                0x0000000008000990                Flash_EraseSector
 .text.Flash_Write_Word
                0x00000000080009e0       0xb8 ./Core/Src/flash.o
                0x00000000080009e0                Flash_Write_Word
 .text.Flash_Read_Word
                0x0000000008000a98       0x74 ./Core/Src/flash.o
                0x0000000008000a98                Flash_Read_Word
 .text.Flash_GetChecksum
                0x0000000008000b0c       0x24 ./Core/Src/flash.o
                0x0000000008000b0c                Flash_GetChecksum
 .text.main     0x0000000008000b30       0x6c ./Core/Src/main.o
                0x0000000008000b30                main
 .text.SystemClock_Config
                0x0000000008000b9c       0xd8 ./Core/Src/main.o
                0x0000000008000b9c                SystemClock_Config
 .text.MX_CRC_Init
                0x0000000008000c74       0x28 ./Core/Src/main.o
 .text.MX_GPIO_Init
                0x0000000008000c9c       0xdc ./Core/Src/main.o
 .text.Error_Handler
                0x0000000008000d78        0xa ./Core/Src/main.o
                0x0000000008000d78                Error_Handler
 *fill*         0x0000000008000d82        0x2 
 .text.HAL_MspInit
                0x0000000008000d84       0x50 ./Core/Src/stm32f4xx_hal_msp.o
                0x0000000008000d84                HAL_MspInit
 .text.HAL_CRC_MspInit
                0x0000000008000dd4       0x44 ./Core/Src/stm32f4xx_hal_msp.o
                0x0000000008000dd4                HAL_CRC_MspInit
 .text.NMI_Handler
                0x0000000008000e18        0x6 ./Core/Src/stm32f4xx_it.o
                0x0000000008000e18                NMI_Handler
 .text.HardFault_Handler
                0x0000000008000e1e        0x6 ./Core/Src/stm32f4xx_it.o
                0x0000000008000e1e                HardFault_Handler
 .text.MemManage_Handler
                0x0000000008000e24        0x6 ./Core/Src/stm32f4xx_it.o
                0x0000000008000e24                MemManage_Handler
 .text.BusFault_Handler
                0x0000000008000e2a        0x6 ./Core/Src/stm32f4xx_it.o
                0x0000000008000e2a                BusFault_Handler
 .text.UsageFault_Handler
                0x0000000008000e30        0x6 ./Core/Src/stm32f4xx_it.o
                0x0000000008000e30                UsageFault_Handler
 .text.SVC_Handler
                0x0000000008000e36        0xe ./Core/Src/stm32f4xx_it.o
                0x0000000008000e36                SVC_Handler
 .text.DebugMon_Handler
                0x0000000008000e44        0xe ./Core/Src/stm32f4xx_it.o
                0x0000000008000e44                DebugMon_Handler
 .text.PendSV_Handler
                0x0000000008000e52        0xe ./Core/Src/stm32f4xx_it.o
                0x0000000008000e52                PendSV_Handler
 .text.SysTick_Handler
                0x0000000008000e60        0xc ./Core/Src/stm32f4xx_it.o
                0x0000000008000e60                SysTick_Handler
 .text.OTG_FS_IRQHandler
                0x0000000008000e6c       0x14 ./Core/Src/stm32f4xx_it.o
                0x0000000008000e6c                OTG_FS_IRQHandler
 .text.SystemInit
                0x0000000008000e80       0x24 ./Core/Src/system_stm32f4xx.o
                0x0000000008000e80                SystemInit
 .text.Reset_Handler
                0x0000000008000ea4       0x50 ./Core/Startup/startup_stm32f411ceux.o
                0x0000000008000ea4                Reset_Handler
 .text.Default_Handler
                0x0000000008000ef4        0x2 ./Core/Startup/startup_stm32f411ceux.o
                0x0000000008000ef4                RTC_Alarm_IRQHandler
                0x0000000008000ef4                EXTI2_IRQHandler
                0x0000000008000ef4                SPI4_IRQHandler
                0x0000000008000ef4                TIM1_CC_IRQHandler
                0x0000000008000ef4                DMA2_Stream5_IRQHandler
                0x0000000008000ef4                DMA1_Stream5_IRQHandler
                0x0000000008000ef4                PVD_IRQHandler
                0x0000000008000ef4                SDIO_IRQHandler
                0x0000000008000ef4                TAMP_STAMP_IRQHandler
                0x0000000008000ef4                EXTI3_IRQHandler
                0x0000000008000ef4                TIM1_UP_TIM10_IRQHandler
                0x0000000008000ef4                I2C3_ER_IRQHandler
                0x0000000008000ef4                EXTI0_IRQHandler
                0x0000000008000ef4                I2C2_EV_IRQHandler
                0x0000000008000ef4                DMA1_Stream2_IRQHandler
                0x0000000008000ef4                FPU_IRQHandler
                0x0000000008000ef4                DMA2_Stream2_IRQHandler
                0x0000000008000ef4                SPI1_IRQHandler
                0x0000000008000ef4                TIM1_BRK_TIM9_IRQHandler
                0x0000000008000ef4                DMA2_Stream3_IRQHandler
                0x0000000008000ef4                USART6_IRQHandler
                0x0000000008000ef4                DMA2_Stream0_IRQHandler
                0x0000000008000ef4                TIM4_IRQHandler
                0x0000000008000ef4                I2C1_EV_IRQHandler
                0x0000000008000ef4                DMA1_Stream6_IRQHandler
                0x0000000008000ef4                DMA1_Stream1_IRQHandler
                0x0000000008000ef4                TIM3_IRQHandler
                0x0000000008000ef4                RCC_IRQHandler
                0x0000000008000ef4                Default_Handler
                0x0000000008000ef4                EXTI15_10_IRQHandler
                0x0000000008000ef4                ADC_IRQHandler
                0x0000000008000ef4                DMA1_Stream7_IRQHandler
                0x0000000008000ef4                SPI5_IRQHandler
                0x0000000008000ef4                TIM5_IRQHandler
                0x0000000008000ef4                DMA2_Stream7_IRQHandler
                0x0000000008000ef4                I2C3_EV_IRQHandler
                0x0000000008000ef4                EXTI9_5_IRQHandler
                0x0000000008000ef4                RTC_WKUP_IRQHandler
                0x0000000008000ef4                SPI2_IRQHandler
                0x0000000008000ef4                DMA1_Stream0_IRQHandler
                0x0000000008000ef4                EXTI4_IRQHandler
                0x0000000008000ef4                WWDG_IRQHandler
                0x0000000008000ef4                TIM2_IRQHandler
                0x0000000008000ef4                OTG_FS_WKUP_IRQHandler
                0x0000000008000ef4                TIM1_TRG_COM_TIM11_IRQHandler
                0x0000000008000ef4                EXTI1_IRQHandler
                0x0000000008000ef4                USART2_IRQHandler
                0x0000000008000ef4                I2C2_ER_IRQHandler
                0x0000000008000ef4                DMA2_Stream1_IRQHandler
                0x0000000008000ef4                FLASH_IRQHandler
                0x0000000008000ef4                DMA2_Stream4_IRQHandler
                0x0000000008000ef4                USART1_IRQHandler
                0x0000000008000ef4                SPI3_IRQHandler
                0x0000000008000ef4                DMA1_Stream4_IRQHandler
                0x0000000008000ef4                I2C1_ER_IRQHandler
                0x0000000008000ef4                DMA2_Stream6_IRQHandler
                0x0000000008000ef4                DMA1_Stream3_IRQHandler
 *fill*         0x0000000008000ef6        0x2 
 .text.HAL_Init
                0x0000000008000ef8       0x44 ./Drivers/STM32F4xx_HAL_Driver/Src/stm32f4xx_hal.o
                0x0000000008000ef8                HAL_Init
 .text.HAL_DeInit
                0x0000000008000f3c       0x58 ./Drivers/STM32F4xx_HAL_Driver/Src/stm32f4xx_hal.o
                0x0000000008000f3c                HAL_DeInit
 .text.HAL_MspDeInit
                0x0000000008000f94        0xe ./Drivers/STM32F4xx_HAL_Driver/Src/stm32f4xx_hal.o
                0x0000000008000f94                HAL_MspDeInit
 *fill*         0x0000000008000fa2        0x2 
 .text.HAL_InitTick
                0x0000000008000fa4       0x60 ./Drivers/STM32F4xx_HAL_Driver/Src/stm32f4xx_hal.o
                0x0000000008000fa4                HAL_InitTick
 .text.HAL_IncTick
                0x0000000008001004       0x28 ./Drivers/STM32F4xx_HAL_Driver/Src/stm32f4xx_hal.o
                0x0000000008001004                HAL_IncTick
 .text.HAL_GetTick
                0x000000000800102c       0x18 ./Drivers/STM32F4xx_HAL_Driver/Src/stm32f4xx_hal.o
                0x000000000800102c                HAL_GetTick
 .text.HAL_Delay
                0x0000000008001044       0x48 ./Drivers/STM32F4xx_HAL_Driver/Src/stm32f4xx_hal.o
                0x0000000008001044                HAL_Delay
 .text.__NVIC_SetPriorityGrouping
                0x000000000800108c       0x48 ./Drivers/STM32F4xx_HAL_Driver/Src/stm32f4xx_hal_cortex.o
 .text.__NVIC_GetPriorityGrouping
                0x00000000080010d4       0x1c ./Drivers/STM32F4xx_HAL_Driver/Src/stm32f4xx_hal_cortex.o
 .text.__NVIC_EnableIRQ
                0x00000000080010f0       0x3c ./Drivers/STM32F4xx_HAL_Driver/Src/stm32f4xx_hal_cortex.o
 .text.__NVIC_SetPriority
                0x000000000800112c       0x54 ./Drivers/STM32F4xx_HAL_Driver/Src/stm32f4xx_hal_cortex.o
 .text.NVIC_EncodePriority
                0x0000000008001180       0x66 ./Drivers/STM32F4xx_HAL_Driver/Src/stm32f4xx_hal_cortex.o
 *fill*         0x00000000080011e6        0x2 
 .text.SysTick_Config
                0x00000000080011e8       0x44 ./Drivers/STM32F4xx_HAL_Driver/Src/stm32f4xx_hal_cortex.o
 .text.HAL_NVIC_SetPriorityGrouping
                0x000000000800122c       0x16 ./Drivers/STM32F4xx_HAL_Driver/Src/stm32f4xx_hal_cortex.o
                0x000000000800122c                HAL_NVIC_SetPriorityGrouping
 .text.HAL_NVIC_SetPriority
                0x0000000008001242       0x38 ./Drivers/STM32F4xx_HAL_Driver/Src/stm32f4xx_hal_cortex.o
                0x0000000008001242                HAL_NVIC_SetPriority
 .text.HAL_NVIC_EnableIRQ
                0x000000000800127a       0x1c ./Drivers/STM32F4xx_HAL_Driver/Src/stm32f4xx_hal_cortex.o
                0x000000000800127a                HAL_NVIC_EnableIRQ
 .text.HAL_SYSTICK_Config
                0x0000000008001296       0x18 ./Drivers/STM32F4xx_HAL_Driver/Src/stm32f4xx_hal_cortex.o
                0x0000000008001296                HAL_SYSTICK_Config
 .text.HAL_CRC_Init
                0x00000000080012ae       0x38 ./Drivers/STM32F4xx_HAL_Driver/Src/stm32f4xx_hal_crc.o
                0x00000000080012ae                HAL_CRC_Init
 .text.HAL_CRC_Calculate
                0x00000000080012e6       0x66 ./Drivers/STM32F4xx_HAL_Driver/Src/stm32f4xx_hal_crc.o
                0x00000000080012e6                HAL_CRC_Calculate
 .text.HAL_FLASH_Program
                0x000000000800134c       0xa8 ./Drivers/STM32F4xx_HAL_Driver/Src/stm32f4xx_hal_flash.o
                0x000000000800134c                HAL_FLASH_Program
 .text.HAL_FLASH_Unlock
                0x00000000080013f4       0x44 ./Drivers/STM32F4xx_HAL_Driver/Src/stm32f4xx_hal_flash.o
                0x00000000080013f4                HAL_FLASH_Unlock
 .text.HAL_FLASH_Lock
                0x0000000008001438       0x20 ./Drivers/STM32F4xx_HAL_Driver/Src/stm32f4xx_hal_flash.o
                0x0000000008001438                HAL_FLASH_Lock
 .text.FLASH_WaitForLastOperation
                0x0000000008001458       0x80 ./Drivers/STM32F4xx_HAL_Driver/Src/stm32f4xx_hal_flash.o
                0x0000000008001458                FLASH_WaitForLastOperation
 .text.FLASH_Program_DoubleWord
                0x00000000080014d8       0x64 ./Drivers/STM32F4xx_HAL_Driver/Src/stm32f4xx_hal_flash.o
 .text.FLASH_Program_Word
                0x000000000800153c       0x44 ./Drivers/STM32F4xx_HAL_Driver/Src/stm32f4xx_hal_flash.o
 .text.FLASH_Program_HalfWord
                0x0000000008001580       0x48 ./Drivers/STM32F4xx_HAL_Driver/Src/stm32f4xx_hal_flash.o
 .text.FLASH_Program_Byte
                0x00000000080015c8       0x44 ./Drivers/STM32F4xx_HAL_Driver/Src/stm32f4xx_hal_flash.o
 .text.FLASH_SetErrorCode
                0x000000000800160c       0xcc ./Drivers/STM32F4xx_HAL_Driver/Src/stm32f4xx_hal_flash.o
 .text.HAL_FLASHEx_Erase
                0x00000000080016d8       0xe0 ./Drivers/STM32F4xx_HAL_Driver/Src/stm32f4xx_hal_flash_ex.o
                0x00000000080016d8                HAL_FLASHEx_Erase
 .text.FLASH_MassErase
                0x00000000080017b8       0x48 ./Drivers/STM32F4xx_HAL_Driver/Src/stm32f4xx_hal_flash_ex.o
 .text.FLASH_Erase_Sector
                0x0000000008001800       0x90 ./Drivers/STM32F4xx_HAL_Driver/Src/stm32f4xx_hal_flash_ex.o
                0x0000000008001800                FLASH_Erase_Sector
 .text.FLASH_FlushCaches
                0x0000000008001890       0x8c ./Drivers/STM32F4xx_HAL_Driver/Src/stm32f4xx_hal_flash_ex.o
                0x0000000008001890                FLASH_FlushCaches
 .text.HAL_GPIO_Init
                0x000000000800191c      0x308 ./Drivers/STM32F4xx_HAL_Driver/Src/stm32f4xx_hal_gpio.o
                0x000000000800191c                HAL_GPIO_Init
 .text.HAL_GPIO_ReadPin
                0x0000000008001c24       0x30 ./Drivers/STM32F4xx_HAL_Driver/Src/stm32f4xx_hal_gpio.o
                0x0000000008001c24                HAL_GPIO_ReadPin
 .text.HAL_GPIO_WritePin
                0x0000000008001c54       0x32 ./Drivers/STM32F4xx_HAL_Driver/Src/stm32f4xx_hal_gpio.o
                0x0000000008001c54                HAL_GPIO_WritePin
 .text.HAL_GPIO_TogglePin
                0x0000000008001c86       0x34 ./Drivers/STM32F4xx_HAL_Driver/Src/stm32f4xx_hal_gpio.o
                0x0000000008001c86                HAL_GPIO_TogglePin
 .text.HAL_PCD_Init
                0x0000000008001cba      0x23a ./Drivers/STM32F4xx_HAL_Driver/Src/stm32f4xx_hal_pcd.o
                0x0000000008001cba                HAL_PCD_Init
 .text.HAL_PCD_Start
                0x0000000008001ef4       0x66 ./Drivers/STM32F4xx_HAL_Driver/Src/stm32f4xx_hal_pcd.o
                0x0000000008001ef4                HAL_PCD_Start
 .text.HAL_PCD_IRQHandler
                0x0000000008001f5a      0x93e ./Drivers/STM32F4xx_HAL_Driver/Src/stm32f4xx_hal_pcd.o
                0x0000000008001f5a                HAL_PCD_IRQHandler
 .text.HAL_PCD_SetAddress
                0x0000000008002898       0x4a ./Drivers/STM32F4xx_HAL_Driver/Src/stm32f4xx_hal_pcd.o
                0x0000000008002898                HAL_PCD_SetAddress
 .text.HAL_PCD_EP_Open
                0x00000000080028e2       0xd0 ./Drivers/STM32F4xx_HAL_Driver/Src/stm32f4xx_hal_pcd.o
                0x00000000080028e2                HAL_PCD_EP_Open
 .text.HAL_PCD_EP_Close
                0x00000000080029b2       0x94 ./Drivers/STM32F4xx_HAL_Driver/Src/stm32f4xx_hal_pcd.o
                0x00000000080029b2                HAL_PCD_EP_Close
 .text.HAL_PCD_EP_Receive
                0x0000000008002a46       0x96 ./Drivers/STM32F4xx_HAL_Driver/Src/stm32f4xx_hal_pcd.o
                0x0000000008002a46                HAL_PCD_EP_Receive
 .text.HAL_PCD_EP_GetRxCount
                0x0000000008002adc       0x30 ./Drivers/STM32F4xx_HAL_Driver/Src/stm32f4xx_hal_pcd.o
                0x0000000008002adc                HAL_PCD_EP_GetRxCount
 .text.HAL_PCD_EP_Transmit
                0x0000000008002b0c       0x94 ./Drivers/STM32F4xx_HAL_Driver/Src/stm32f4xx_hal_pcd.o
                0x0000000008002b0c                HAL_PCD_EP_Transmit
 .text.HAL_PCD_EP_SetStall
                0x0000000008002ba0       0xc8 ./Drivers/STM32F4xx_HAL_Driver/Src/stm32f4xx_hal_pcd.o
                0x0000000008002ba0                HAL_PCD_EP_SetStall
 .text.HAL_PCD_EP_ClrStall
                0x0000000008002c68       0xac ./Drivers/STM32F4xx_HAL_Driver/Src/stm32f4xx_hal_pcd.o
                0x0000000008002c68                HAL_PCD_EP_ClrStall
 .text.HAL_PCD_EP_Abort
                0x0000000008002d14       0x62 ./Drivers/STM32F4xx_HAL_Driver/Src/stm32f4xx_hal_pcd.o
                0x0000000008002d14                HAL_PCD_EP_Abort
 .text.PCD_WriteEmptyTxFifo
                0x0000000008002d76      0x11a ./Drivers/STM32F4xx_HAL_Driver/Src/stm32f4xx_hal_pcd.o
 .text.PCD_EP_OutXfrComplete_int
                0x0000000008002e90      0x1d0 ./Drivers/STM32F4xx_HAL_Driver/Src/stm32f4xx_hal_pcd.o
 .text.PCD_EP_OutSetupPacket_int
                0x0000000008003060       0x8c ./Drivers/STM32F4xx_HAL_Driver/Src/stm32f4xx_hal_pcd.o
 .text.HAL_PCDEx_SetTxFiFo
                0x00000000080030ec       0x8e ./Drivers/STM32F4xx_HAL_Driver/Src/stm32f4xx_hal_pcd_ex.o
                0x00000000080030ec                HAL_PCDEx_SetTxFiFo
 .text.HAL_PCDEx_SetRxFiFo
                0x000000000800317a       0x22 ./Drivers/STM32F4xx_HAL_Driver/Src/stm32f4xx_hal_pcd_ex.o
                0x000000000800317a                HAL_PCDEx_SetRxFiFo
 .text.HAL_PCDEx_LPM_Callback
                0x000000000800319c       0x18 ./Drivers/STM32F4xx_HAL_Driver/Src/stm32f4xx_hal_pcd_ex.o
                0x000000000800319c                HAL_PCDEx_LPM_Callback
 .text.HAL_RCC_OscConfig
                0x00000000080031b4      0x4f0 ./Drivers/STM32F4xx_HAL_Driver/Src/stm32f4xx_hal_rcc.o
                0x00000000080031b4                HAL_RCC_OscConfig
 .text.HAL_RCC_ClockConfig
                0x00000000080036a4      0x1cc ./Drivers/STM32F4xx_HAL_Driver/Src/stm32f4xx_hal_rcc.o
                0x00000000080036a4                HAL_RCC_ClockConfig
 .text.HAL_RCC_GetSysClockFreq
                0x0000000008003870      0x18c ./Drivers/STM32F4xx_HAL_Driver/Src/stm32f4xx_hal_rcc.o
                0x0000000008003870                HAL_RCC_GetSysClockFreq
 .text.HAL_RCC_GetHCLKFreq
                0x00000000080039fc       0x18 ./Drivers/STM32F4xx_HAL_Driver/Src/stm32f4xx_hal_rcc.o
                0x00000000080039fc                HAL_RCC_GetHCLKFreq
 .text.HAL_RCC_DeInit
                0x0000000008003a14      0x19c ./Drivers/STM32F4xx_HAL_Driver/Src/stm32f4xx_hal_rcc_ex.o
                0x0000000008003a14                HAL_RCC_DeInit
 .text.USB_CoreInit
                0x0000000008003bb0       0xc2 ./Drivers/STM32F4xx_HAL_Driver/Src/stm32f4xx_ll_usb.o
                0x0000000008003bb0                USB_CoreInit
 *fill*         0x0000000008003c72        0x2 
 .text.USB_SetTurnaroundTime
                0x0000000008003c74      0x144 ./Drivers/STM32F4xx_HAL_Driver/Src/stm32f4xx_ll_usb.o
                0x0000000008003c74                USB_SetTurnaroundTime
 .text.USB_EnableGlobalInt
                0x0000000008003db8       0x22 ./Drivers/STM32F4xx_HAL_Driver/Src/stm32f4xx_ll_usb.o
                0x0000000008003db8                USB_EnableGlobalInt
 .text.USB_DisableGlobalInt
                0x0000000008003dda       0x22 ./Drivers/STM32F4xx_HAL_Driver/Src/stm32f4xx_ll_usb.o
                0x0000000008003dda                USB_DisableGlobalInt
 .text.USB_SetCurrentMode
                0x0000000008003dfc       0x98 ./Drivers/STM32F4xx_HAL_Driver/Src/stm32f4xx_ll_usb.o
                0x0000000008003dfc                USB_SetCurrentMode
 .text.USB_DevInit
                0x0000000008003e94      0x2c8 ./Drivers/STM32F4xx_HAL_Driver/Src/stm32f4xx_ll_usb.o
                0x0000000008003e94                USB_DevInit
 .text.USB_FlushTxFifo
                0x000000000800415c       0x68 ./Drivers/STM32F4xx_HAL_Driver/Src/stm32f4xx_ll_usb.o
                0x000000000800415c                USB_FlushTxFifo
 .text.USB_FlushRxFifo
                0x00000000080041c4       0x60 ./Drivers/STM32F4xx_HAL_Driver/Src/stm32f4xx_ll_usb.o
                0x00000000080041c4                USB_FlushRxFifo
 .text.USB_SetDevSpeed
                0x0000000008004224       0x32 ./Drivers/STM32F4xx_HAL_Driver/Src/stm32f4xx_ll_usb.o
                0x0000000008004224                USB_SetDevSpeed
 .text.USB_GetDevSpeed
                0x0000000008004256       0x4a ./Drivers/STM32F4xx_HAL_Driver/Src/stm32f4xx_ll_usb.o
                0x0000000008004256                USB_GetDevSpeed
 .text.USB_ActivateEndpoint
                0x00000000080042a0      0x10e ./Drivers/STM32F4xx_HAL_Driver/Src/stm32f4xx_ll_usb.o
                0x00000000080042a0                USB_ActivateEndpoint
 *fill*         0x00000000080043ae        0x2 
 .text.USB_DeactivateEndpoint
                0x00000000080043b0      0x1b8 ./Drivers/STM32F4xx_HAL_Driver/Src/stm32f4xx_ll_usb.o
                0x00000000080043b0                USB_DeactivateEndpoint
 .text.USB_EPStartXfer
                0x0000000008004568      0x490 ./Drivers/STM32F4xx_HAL_Driver/Src/stm32f4xx_ll_usb.o
                0x0000000008004568                USB_EPStartXfer
 .text.USB_EP0StartXfer
                0x00000000080049f8      0x2b0 ./Drivers/STM32F4xx_HAL_Driver/Src/stm32f4xx_ll_usb.o
                0x00000000080049f8                USB_EP0StartXfer
 .text.USB_EPStopXfer
                0x0000000008004ca8      0x154 ./Drivers/STM32F4xx_HAL_Driver/Src/stm32f4xx_ll_usb.o
                0x0000000008004ca8                USB_EPStopXfer
 .text.USB_WritePacket
                0x0000000008004dfc       0x7c ./Drivers/STM32F4xx_HAL_Driver/Src/stm32f4xx_ll_usb.o
                0x0000000008004dfc                USB_WritePacket
 .text.USB_ReadPacket
                0x0000000008004e78       0xb0 ./Drivers/STM32F4xx_HAL_Driver/Src/stm32f4xx_ll_usb.o
                0x0000000008004e78                USB_ReadPacket
 .text.USB_EPSetStall
                0x0000000008004f28       0xdc ./Drivers/STM32F4xx_HAL_Driver/Src/stm32f4xx_ll_usb.o
                0x0000000008004f28                USB_EPSetStall
 .text.USB_EPClearStall
                0x0000000008005004       0xcc ./Drivers/STM32F4xx_HAL_Driver/Src/stm32f4xx_ll_usb.o
                0x0000000008005004                USB_EPClearStall
 .text.USB_SetDevAddress
                0x00000000080050d0       0x4c ./Drivers/STM32F4xx_HAL_Driver/Src/stm32f4xx_ll_usb.o
                0x00000000080050d0                USB_SetDevAddress
 .text.USB_DevConnect
                0x000000000800511c       0x42 ./Drivers/STM32F4xx_HAL_Driver/Src/stm32f4xx_ll_usb.o
                0x000000000800511c                USB_DevConnect
 .text.USB_DevDisconnect
                0x000000000800515e       0x42 ./Drivers/STM32F4xx_HAL_Driver/Src/stm32f4xx_ll_usb.o
                0x000000000800515e                USB_DevDisconnect
 .text.USB_ReadInterrupts
                0x00000000080051a0       0x26 ./Drivers/STM32F4xx_HAL_Driver/Src/stm32f4xx_ll_usb.o
                0x00000000080051a0                USB_ReadInterrupts
 .text.USB_ReadDevAllOutEpInterrupt
                0x00000000080051c6       0x34 ./Drivers/STM32F4xx_HAL_Driver/Src/stm32f4xx_ll_usb.o
                0x00000000080051c6                USB_ReadDevAllOutEpInterrupt
 .text.USB_ReadDevAllInEpInterrupt
                0x00000000080051fa       0x34 ./Drivers/STM32F4xx_HAL_Driver/Src/stm32f4xx_ll_usb.o
                0x00000000080051fa                USB_ReadDevAllInEpInterrupt
 .text.USB_ReadDevOutEPInterrupt
                0x000000000800522e       0x3c ./Drivers/STM32F4xx_HAL_Driver/Src/stm32f4xx_ll_usb.o
                0x000000000800522e                USB_ReadDevOutEPInterrupt
 .text.USB_ReadDevInEPInterrupt
                0x000000000800526a       0x5c ./Drivers/STM32F4xx_HAL_Driver/Src/stm32f4xx_ll_usb.o
                0x000000000800526a                USB_ReadDevInEPInterrupt
 .text.USB_GetMode
                0x00000000080052c6       0x1c ./Drivers/STM32F4xx_HAL_Driver/Src/stm32f4xx_ll_usb.o
                0x00000000080052c6                USB_GetMode
 .text.USB_ActivateSetup
                0x00000000080052e2       0x46 ./Drivers/STM32F4xx_HAL_Driver/Src/stm32f4xx_ll_usb.o
                0x00000000080052e2                USB_ActivateSetup
 .text.USB_EP0_OutStart
                0x0000000008005328       0xbc ./Drivers/STM32F4xx_HAL_Driver/Src/stm32f4xx_ll_usb.o
                0x0000000008005328                USB_EP0_OutStart
 .text.USB_CoreReset
                0x00000000080053e4       0x68 ./Drivers/STM32F4xx_HAL_Driver/Src/stm32f4xx_ll_usb.o
 .text.USBD_CDC_Init
                0x000000000800544c      0x1f0 ./Middlewares/ST/STM32_USB_Device_Library/Class/CDC/Src/usbd_cdc.o
 .text.USBD_CDC_DeInit
                0x000000000800563c      0x104 ./Middlewares/ST/STM32_USB_Device_Library/Class/CDC/Src/usbd_cdc.o
 .text.USBD_CDC_Setup
                0x0000000008005740      0x1b8 ./Middlewares/ST/STM32_USB_Device_Library/Class/CDC/Src/usbd_cdc.o
 .text.USBD_CDC_DataIn
                0x00000000080058f8       0xfe ./Middlewares/ST/STM32_USB_Device_Library/Class/CDC/Src/usbd_cdc.o
 .text.USBD_CDC_DataOut
                0x00000000080059f6       0x70 ./Middlewares/ST/STM32_USB_Device_Library/Class/CDC/Src/usbd_cdc.o
 .text.USBD_CDC_EP0_RxReady
                0x0000000008005a66       0x76 ./Middlewares/ST/STM32_USB_Device_Library/Class/CDC/Src/usbd_cdc.o
 .text.USBD_CDC_GetFSCfgDesc
                0x0000000008005adc       0x70 ./Middlewares/ST/STM32_USB_Device_Library/Class/CDC/Src/usbd_cdc.o
 .text.USBD_CDC_GetHSCfgDesc
                0x0000000008005b4c       0x70 ./Middlewares/ST/STM32_USB_Device_Library/Class/CDC/Src/usbd_cdc.o
 .text.USBD_CDC_GetOtherSpeedCfgDesc
                0x0000000008005bbc       0x70 ./Middlewares/ST/STM32_USB_Device_Library/Class/CDC/Src/usbd_cdc.o
 .text.USBD_CDC_GetDeviceQualifierDescriptor
                0x0000000008005c2c       0x20 ./Middlewares/ST/STM32_USB_Device_Library/Class/CDC/Src/usbd_cdc.o
                0x0000000008005c2c                USBD_CDC_GetDeviceQualifierDescriptor
 .text.USBD_CDC_RegisterInterface
                0x0000000008005c4c       0x34 ./Middlewares/ST/STM32_USB_Device_Library/Class/CDC/Src/usbd_cdc.o
                0x0000000008005c4c                USBD_CDC_RegisterInterface
 .text.USBD_CDC_SetTxBuffer
                0x0000000008005c80       0x44 ./Middlewares/ST/STM32_USB_Device_Library/Class/CDC/Src/usbd_cdc.o
                0x0000000008005c80                USBD_CDC_SetTxBuffer
 .text.USBD_CDC_SetRxBuffer
                0x0000000008005cc4       0x3a ./Middlewares/ST/STM32_USB_Device_Library/Class/CDC/Src/usbd_cdc.o
                0x0000000008005cc4                USBD_CDC_SetRxBuffer
 *fill*         0x0000000008005cfe        0x2 
 .text.USBD_CDC_TransmitPacket
                0x0000000008005d00       0x8c ./Middlewares/ST/STM32_USB_Device_Library/Class/CDC/Src/usbd_cdc.o
                0x0000000008005d00                USBD_CDC_TransmitPacket
 .text.USBD_CDC_ReceivePacket
                0x0000000008005d8c       0x6c ./Middlewares/ST/STM32_USB_Device_Library/Class/CDC/Src/usbd_cdc.o
                0x0000000008005d8c                USBD_CDC_ReceivePacket
 .text.USBD_Init
                0x0000000008005df8       0x60 ./Middlewares/ST/STM32_USB_Device_Library/Core/Src/usbd_core.o
                0x0000000008005df8                USBD_Init
 .text.USBD_RegisterClass
                0x0000000008005e58       0x6c ./Middlewares/ST/STM32_USB_Device_Library/Core/Src/usbd_core.o
                0x0000000008005e58                USBD_RegisterClass
 .text.USBD_Start
                0x0000000008005ec4       0x18 ./Middlewares/ST/STM32_USB_Device_Library/Core/Src/usbd_core.o
                0x0000000008005ec4                USBD_Start
 .text.USBD_RunTestMode
                0x0000000008005edc       0x16 ./Middlewares/ST/STM32_USB_Device_Library/Core/Src/usbd_core.o
                0x0000000008005edc                USBD_RunTestMode
 .text.USBD_SetClassConfig
                0x0000000008005ef2       0x38 ./Middlewares/ST/STM32_USB_Device_Library/Core/Src/usbd_core.o
                0x0000000008005ef2                USBD_SetClassConfig
 .text.USBD_ClrClassConfig
                0x0000000008005f2a       0x34 ./Middlewares/ST/STM32_USB_Device_Library/Core/Src/usbd_core.o
                0x0000000008005f2a                USBD_ClrClassConfig
 .text.USBD_LL_SetupStage
                0x0000000008005f5e       0xaa ./Middlewares/ST/STM32_USB_Device_Library/Core/Src/usbd_core.o
                0x0000000008005f5e                USBD_LL_SetupStage
 .text.USBD_LL_DataOutStage
                0x0000000008006008      0x166 ./Middlewares/ST/STM32_USB_Device_Library/Core/Src/usbd_core.o
                0x0000000008006008                USBD_LL_DataOutStage
 .text.USBD_LL_DataInStage
                0x000000000800616e      0x164 ./Middlewares/ST/STM32_USB_Device_Library/Core/Src/usbd_core.o
                0x000000000800616e                USBD_LL_DataInStage
 .text.USBD_LL_Reset
                0x00000000080062d2       0xa4 ./Middlewares/ST/STM32_USB_Device_Library/Core/Src/usbd_core.o
                0x00000000080062d2                USBD_LL_Reset
 .text.USBD_LL_SetSpeed
                0x0000000008006376       0x20 ./Middlewares/ST/STM32_USB_Device_Library/Core/Src/usbd_core.o
                0x0000000008006376                USBD_LL_SetSpeed
 .text.USBD_LL_Suspend
                0x0000000008006396       0x2c ./Middlewares/ST/STM32_USB_Device_Library/Core/Src/usbd_core.o
                0x0000000008006396                USBD_LL_Suspend
 .text.USBD_LL_Resume
                0x00000000080063c2       0x30 ./Middlewares/ST/STM32_USB_Device_Library/Core/Src/usbd_core.o
                0x00000000080063c2                USBD_LL_Resume
 .text.USBD_LL_SOF
                0x00000000080063f2       0x40 ./Middlewares/ST/STM32_USB_Device_Library/Core/Src/usbd_core.o
                0x00000000080063f2                USBD_LL_SOF
 .text.USBD_LL_IsoINIncomplete
                0x0000000008006432       0x64 ./Middlewares/ST/STM32_USB_Device_Library/Core/Src/usbd_core.o
                0x0000000008006432                USBD_LL_IsoINIncomplete
 .text.USBD_LL_IsoOUTIncomplete
                0x0000000008006496       0x64 ./Middlewares/ST/STM32_USB_Device_Library/Core/Src/usbd_core.o
                0x0000000008006496                USBD_LL_IsoOUTIncomplete
 .text.USBD_LL_DevConnected
                0x00000000080064fa       0x16 ./Middlewares/ST/STM32_USB_Device_Library/Core/Src/usbd_core.o
                0x00000000080064fa                USBD_LL_DevConnected
 .text.USBD_LL_DevDisconnected
                0x0000000008006510       0x46 ./Middlewares/ST/STM32_USB_Device_Library/Core/Src/usbd_core.o
                0x0000000008006510                USBD_LL_DevDisconnected
 .text.USBD_CoreFindIF
                0x0000000008006556       0x1a ./Middlewares/ST/STM32_USB_Device_Library/Core/Src/usbd_core.o
                0x0000000008006556                USBD_CoreFindIF
 .text.USBD_CoreFindEP
                0x0000000008006570       0x1a ./Middlewares/ST/STM32_USB_Device_Library/Core/Src/usbd_core.o
                0x0000000008006570                USBD_CoreFindEP
 .text.USBD_GetEpDesc
                0x000000000800658a       0x74 ./Middlewares/ST/STM32_USB_Device_Library/Core/Src/usbd_core.o
                0x000000000800658a                USBD_GetEpDesc
 .text.USBD_GetNextDesc
                0x00000000080065fe       0x3a ./Middlewares/ST/STM32_USB_Device_Library/Core/Src/usbd_core.o
                0x00000000080065fe                USBD_GetNextDesc
 .text.SWAPBYTE
                0x0000000008006638       0x3c ./Middlewares/ST/STM32_USB_Device_Library/Core/Src/usbd_ctlreq.o
 .text.USBD_StdDevReq
                0x0000000008006674       0xe4 ./Middlewares/ST/STM32_USB_Device_Library/Core/Src/usbd_ctlreq.o
                0x0000000008006674                USBD_StdDevReq
 .text.USBD_StdItfReq
                0x0000000008006758       0xd8 ./Middlewares/ST/STM32_USB_Device_Library/Core/Src/usbd_ctlreq.o
                0x0000000008006758                USBD_StdItfReq
 .text.USBD_StdEPReq
                0x0000000008006830      0x33a ./Middlewares/ST/STM32_USB_Device_Library/Core/Src/usbd_ctlreq.o
                0x0000000008006830                USBD_StdEPReq
 *fill*         0x0000000008006b6a        0x2 
 .text.USBD_GetDescriptor
                0x0000000008006b6c      0x2d4 ./Middlewares/ST/STM32_USB_Device_Library/Core/Src/usbd_ctlreq.o
 .text.USBD_SetAddress
                0x0000000008006e40       0x88 ./Middlewares/ST/STM32_USB_Device_Library/Core/Src/usbd_ctlreq.o
 .text.USBD_SetConfig
                0x0000000008006ec8      0x154 ./Middlewares/ST/STM32_USB_Device_Library/Core/Src/usbd_ctlreq.o
 .text.USBD_GetConfig
                0x000000000800701c       0x6c ./Middlewares/ST/STM32_USB_Device_Library/Core/Src/usbd_ctlreq.o
 .text.USBD_GetStatus
                0x0000000008007088       0x68 ./Middlewares/ST/STM32_USB_Device_Library/Core/Src/usbd_ctlreq.o
 .text.USBD_SetFeature
                0x00000000080070f0       0x52 ./Middlewares/ST/STM32_USB_Device_Library/Core/Src/usbd_ctlreq.o
 .text.USBD_ClrFeature
                0x0000000008007142       0x44 ./Middlewares/ST/STM32_USB_Device_Library/Core/Src/usbd_ctlreq.o
 .text.USBD_ParseSetupRequest
                0x0000000008007186       0x74 ./Middlewares/ST/STM32_USB_Device_Library/Core/Src/usbd_ctlreq.o
                0x0000000008007186                USBD_ParseSetupRequest
 .text.USBD_CtlError
                0x00000000080071fa       0x22 ./Middlewares/ST/STM32_USB_Device_Library/Core/Src/usbd_ctlreq.o
                0x00000000080071fa                USBD_CtlError
 .text.USBD_GetString
                0x000000000800721c       0x8c ./Middlewares/ST/STM32_USB_Device_Library/Core/Src/usbd_ctlreq.o
                0x000000000800721c                USBD_GetString
 .text.USBD_GetLen
                0x00000000080072a8       0x34 ./Middlewares/ST/STM32_USB_Device_Library/Core/Src/usbd_ctlreq.o
 .text.USBD_CtlSendData
                0x00000000080072dc       0x36 ./Middlewares/ST/STM32_USB_Device_Library/Core/Src/usbd_ioreq.o
                0x00000000080072dc                USBD_CtlSendData
 .text.USBD_CtlContinueSendData
                0x0000000008007312       0x22 ./Middlewares/ST/STM32_USB_Device_Library/Core/Src/usbd_ioreq.o
                0x0000000008007312                USBD_CtlContinueSendData
 .text.USBD_CtlPrepareRx
                0x0000000008007334       0x3a ./Middlewares/ST/STM32_USB_Device_Library/Core/Src/usbd_ioreq.o
                0x0000000008007334                USBD_CtlPrepareRx
 .text.USBD_CtlContinueRx
                0x000000000800736e       0x22 ./Middlewares/ST/STM32_USB_Device_Library/Core/Src/usbd_ioreq.o
                0x000000000800736e                USBD_CtlContinueRx
 .text.USBD_CtlSendStatus
                0x0000000008007390       0x26 ./Middlewares/ST/STM32_USB_Device_Library/Core/Src/usbd_ioreq.o
                0x0000000008007390                USBD_CtlSendStatus
 .text.USBD_CtlReceiveStatus
                0x00000000080073b6       0x26 ./Middlewares/ST/STM32_USB_Device_Library/Core/Src/usbd_ioreq.o
                0x00000000080073b6                USBD_CtlReceiveStatus
 .text.MX_USB_DEVICE_Init
                0x00000000080073dc       0x60 ./USB_DEVICE/App/usb_device.o
                0x00000000080073dc                MX_USB_DEVICE_Init
 .text.CDC_Init_FS
                0x000000000800743c       0x70 ./USB_DEVICE/App/usbd_cdc_if.o
 .text.CDC_DeInit_FS
                0x00000000080074ac       0x10 ./USB_DEVICE/App/usbd_cdc_if.o
 .text.CDC_Control_FS
                0x00000000080074bc       0xe4 ./USB_DEVICE/App/usbd_cdc_if.o
 .text.CDC_Receive_FS
                0x00000000080075a0       0x84 ./USB_DEVICE/App/usbd_cdc_if.o
 .text.CDC_Transmit_FS
                0x0000000008007624       0x4c ./USB_DEVICE/App/usbd_cdc_if.o
                0x0000000008007624                CDC_Transmit_FS
 .text.CDC_TransmitCplt_FS
                0x0000000008007670       0x22 ./USB_DEVICE/App/usbd_cdc_if.o
 *fill*         0x0000000008007692        0x2 
 .text.CDC_ReadRxBuffer_FS
                0x0000000008007694       0x98 ./USB_DEVICE/App/usbd_cdc_if.o
                0x0000000008007694                CDC_ReadRxBuffer_FS
 .text.CDC_GetRxBufferBytesAvailable_FS
                0x000000000800772c       0x50 ./USB_DEVICE/App/usbd_cdc_if.o
                0x000000000800772c                CDC_GetRxBufferBytesAvailable_FS
 .text.CDC_FlushRxBuffer_FS
                0x000000000800777c       0x2c ./USB_DEVICE/App/usbd_cdc_if.o
                0x000000000800777c                CDC_FlushRxBuffer_FS
 .text.USBD_FS_DeviceDescriptor
                0x00000000080077a8       0x24 ./USB_DEVICE/App/usbd_desc.o
                0x00000000080077a8                USBD_FS_DeviceDescriptor
 .text.USBD_FS_LangIDStrDescriptor
                0x00000000080077cc       0x24 ./USB_DEVICE/App/usbd_desc.o
                0x00000000080077cc                USBD_FS_LangIDStrDescriptor
 .text.USBD_FS_ProductStrDescriptor
                0x00000000080077f0       0x3c ./USB_DEVICE/App/usbd_desc.o
                0x00000000080077f0                USBD_FS_ProductStrDescriptor
 .text.USBD_FS_ManufacturerStrDescriptor
                0x000000000800782c       0x28 ./USB_DEVICE/App/usbd_desc.o
                0x000000000800782c                USBD_FS_ManufacturerStrDescriptor
 .text.USBD_FS_SerialStrDescriptor
                0x0000000008007854       0x24 ./USB_DEVICE/App/usbd_desc.o
                0x0000000008007854                USBD_FS_SerialStrDescriptor
 .text.USBD_FS_ConfigStrDescriptor
                0x0000000008007878       0x3c ./USB_DEVICE/App/usbd_desc.o
                0x0000000008007878                USBD_FS_ConfigStrDescriptor
 .text.USBD_FS_InterfaceStrDescriptor
                0x00000000080078b4       0x3c ./USB_DEVICE/App/usbd_desc.o
                0x00000000080078b4                USBD_FS_InterfaceStrDescriptor
 .text.Get_SerialNum
                0x00000000080078f0       0x58 ./USB_DEVICE/App/usbd_desc.o
 .text.IntToUnicode
                0x0000000008007948       0x7e ./USB_DEVICE/App/usbd_desc.o
 *fill*         0x00000000080079c6        0x2 
 .text.HAL_PCD_MspInit
                0x00000000080079c8       0xa8 ./USB_DEVICE/Target/usbd_conf.o
                0x00000000080079c8                HAL_PCD_MspInit
 .text.HAL_PCD_SetupStageCallback
                0x0000000008007a70       0x24 ./USB_DEVICE/Target/usbd_conf.o
                0x0000000008007a70                HAL_PCD_SetupStageCallback
 .text.HAL_PCD_DataOutStageCallback
                0x0000000008007a94       0x36 ./USB_DEVICE/Target/usbd_conf.o
                0x0000000008007a94                HAL_PCD_DataOutStageCallback
 .text.HAL_PCD_DataInStageCallback
                0x0000000008007aca       0x34 ./USB_DEVICE/Target/usbd_conf.o
                0x0000000008007aca                HAL_PCD_DataInStageCallback
 .text.HAL_PCD_SOFCallback
                0x0000000008007afe       0x1c ./USB_DEVICE/Target/usbd_conf.o
                0x0000000008007afe                HAL_PCD_SOFCallback
 .text.HAL_PCD_ResetCallback
                0x0000000008007b1a       0x3c ./USB_DEVICE/Target/usbd_conf.o
                0x0000000008007b1a                HAL_PCD_ResetCallback
 *fill*         0x0000000008007b56        0x2 
 .text.HAL_PCD_SuspendCallback
                0x0000000008007b58       0x4c ./USB_DEVICE/Target/usbd_conf.o
                0x0000000008007b58                HAL_PCD_SuspendCallback
 .text.HAL_PCD_ResumeCallback
                0x0000000008007ba4       0x1c ./USB_DEVICE/Target/usbd_conf.o
                0x0000000008007ba4                HAL_PCD_ResumeCallback
 .text.HAL_PCD_ISOOUTIncompleteCallback
                0x0000000008007bc0       0x24 ./USB_DEVICE/Target/usbd_conf.o
                0x0000000008007bc0                HAL_PCD_ISOOUTIncompleteCallback
 .text.HAL_PCD_ISOINIncompleteCallback
                0x0000000008007be4       0x24 ./USB_DEVICE/Target/usbd_conf.o
                0x0000000008007be4                HAL_PCD_ISOINIncompleteCallback
 .text.HAL_PCD_ConnectCallback
                0x0000000008007c08       0x1c ./USB_DEVICE/Target/usbd_conf.o
                0x0000000008007c08                HAL_PCD_ConnectCallback
 .text.HAL_PCD_DisconnectCallback
                0x0000000008007c24       0x1c ./USB_DEVICE/Target/usbd_conf.o
                0x0000000008007c24                HAL_PCD_DisconnectCallback
 .text.USBD_LL_Init
                0x0000000008007c40       0x98 ./USB_DEVICE/Target/usbd_conf.o
                0x0000000008007c40                USBD_LL_Init
 .text.USBD_LL_Start
                0x0000000008007cd8       0x36 ./USB_DEVICE/Target/usbd_conf.o
                0x0000000008007cd8                USBD_LL_Start
 .text.USBD_LL_OpenEP
                0x0000000008007d0e       0x4c ./USB_DEVICE/Target/usbd_conf.o
                0x0000000008007d0e                USBD_LL_OpenEP
 .text.USBD_LL_CloseEP
                0x0000000008007d5a       0x3e ./USB_DEVICE/Target/usbd_conf.o
                0x0000000008007d5a                USBD_LL_CloseEP
 .text.USBD_LL_StallEP
                0x0000000008007d98       0x3e ./USB_DEVICE/Target/usbd_conf.o
                0x0000000008007d98                USBD_LL_StallEP
 .text.USBD_LL_ClearStallEP
                0x0000000008007dd6       0x3e ./USB_DEVICE/Target/usbd_conf.o
                0x0000000008007dd6                USBD_LL_ClearStallEP
 .text.USBD_LL_IsStallEP
                0x0000000008007e14       0x58 ./USB_DEVICE/Target/usbd_conf.o
                0x0000000008007e14                USBD_LL_IsStallEP
 .text.USBD_LL_SetUSBAddress
                0x0000000008007e6c       0x3e ./USB_DEVICE/Target/usbd_conf.o
                0x0000000008007e6c                USBD_LL_SetUSBAddress
 .text.USBD_LL_Transmit
                0x0000000008007eaa       0x42 ./USB_DEVICE/Target/usbd_conf.o
                0x0000000008007eaa                USBD_LL_Transmit
 .text.USBD_LL_PrepareReceive
                0x0000000008007eec       0x42 ./USB_DEVICE/Target/usbd_conf.o
                0x0000000008007eec                USBD_LL_PrepareReceive
 .text.USBD_LL_GetRxDataSize
                0x0000000008007f2e       0x26 ./USB_DEVICE/Target/usbd_conf.o
                0x0000000008007f2e                USBD_LL_GetRxDataSize
 .text.USBD_static_malloc
                0x0000000008007f54       0x1c ./USB_DEVICE/Target/usbd_conf.o
                0x0000000008007f54                USBD_static_malloc
 .text.USBD_static_free
                0x0000000008007f70       0x14 ./USB_DEVICE/Target/usbd_conf.o
                0x0000000008007f70                USBD_static_free
 .text.USBD_Get_USB_Status
                0x0000000008007f84       0x58 ./USB_DEVICE/Target/usbd_conf.o
                0x0000000008007f84                USBD_Get_USB_Status
 .text.__libc_init_array
                0x0000000008007fdc       0x48 c:/st/stm32cubeide_1.12.1/stm32cubeide/plugins/com.st.stm32cube.ide.mcu.externaltools.gnu-tools-for-stm32.10.3-2021.10.win32_1.0.200.202301161003/tools/bin/../lib/gcc/arm-none-eabi/10.3.1/../../../../arm-none-eabi/lib/thumb/v7e-m+fp/hard\libc_nano.a(lib_a-init.o)
                0x0000000008007fdc                __libc_init_array
 .text.memset   0x0000000008008024       0x10 c:/st/stm32cubeide_1.12.1/stm32cubeide/plugins/com.st.stm32cube.ide.mcu.externaltools.gnu-tools-for-stm32.10.3-2021.10.win32_1.0.200.202301161003/tools/bin/../lib/gcc/arm-none-eabi/10.3.1/../../../../arm-none-eabi/lib/thumb/v7e-m+fp/hard\libc_nano.a(lib_a-memset.o)
                0x0000000008008024                memset
 *(.glue_7)
 .glue_7        0x0000000008008034        0x0 linker stubs
 *(.glue_7t)
 .glue_7t       0x0000000008008034        0x0 linker stubs
 *(.eh_frame)
 .eh_frame      0x0000000008008034        0x0 c:/st/stm32cubeide_1.12.1/stm32cubeide/plugins/com.st.stm32cube.ide.mcu.externaltools.gnu-tools-for-stm32.10.3-2021.10.win32_1.0.200.202301161003/tools/bin/../lib/gcc/arm-none-eabi/10.3.1/thumb/v7e-m+fp/hard/crtbegin.o
 *(.init)
 .init          0x0000000008008034        0x4 c:/st/stm32cubeide_1.12.1/stm32cubeide/plugins/com.st.stm32cube.ide.mcu.externaltools.gnu-tools-for-stm32.10.3-2021.10.win32_1.0.200.202301161003/tools/bin/../lib/gcc/arm-none-eabi/10.3.1/thumb/v7e-m+fp/hard/crti.o
                0x0000000008008034                _init
 .init          0x0000000008008038        0x8 c:/st/stm32cubeide_1.12.1/stm32cubeide/plugins/com.st.stm32cube.ide.mcu.externaltools.gnu-tools-for-stm32.10.3-2021.10.win32_1.0.200.202301161003/tools/bin/../lib/gcc/arm-none-eabi/10.3.1/thumb/v7e-m+fp/hard/crtn.o
 *(.fini)
 .fini          0x0000000008008040        0x4 c:/st/stm32cubeide_1.12.1/stm32cubeide/plugins/com.st.stm32cube.ide.mcu.externaltools.gnu-tools-for-stm32.10.3-2021.10.win32_1.0.200.202301161003/tools/bin/../lib/gcc/arm-none-eabi/10.3.1/thumb/v7e-m+fp/hard/crti.o
                0x0000000008008040                _fini
 .fini          0x0000000008008044        0x8 c:/st/stm32cubeide_1.12.1/stm32cubeide/plugins/com.st.stm32cube.ide.mcu.externaltools.gnu-tools-for-stm32.10.3-2021.10.win32_1.0.200.202301161003/tools/bin/../lib/gcc/arm-none-eabi/10.3.1/thumb/v7e-m+fp/hard/crtn.o
                0x000000000800804c                . = ALIGN (0x4)
                0x000000000800804c                _etext = .

.vfp11_veneer   0x000000000800804c        0x0
 .vfp11_veneer  0x000000000800804c        0x0 linker stubs

.v4_bx          0x000000000800804c        0x0
 .v4_bx         0x000000000800804c        0x0 linker stubs

.iplt           0x000000000800804c        0x0
 .iplt          0x000000000800804c        0x0 c:/st/stm32cubeide_1.12.1/stm32cubeide/plugins/com.st.stm32cube.ide.mcu.externaltools.gnu-tools-for-stm32.10.3-2021.10.win32_1.0.200.202301161003/tools/bin/../lib/gcc/arm-none-eabi/10.3.1/thumb/v7e-m+fp/hard/crtbegin.o

.rodata         0x000000000800804c       0x5c
                0x000000000800804c                . = ALIGN (0x4)
 *(.rodata)
 .rodata        0x000000000800804c        0x3 ./Core/Src/bootloader.o
 *fill*         0x000000000800804f        0x1 
 .rodata        0x0000000008008050       0x46 ./USB_DEVICE/App/usbd_desc.o
 *(.rodata*)
 *fill*         0x0000000008008096        0x2 
 .rodata.AHBPrescTable
                0x0000000008008098       0x10 ./Core/Src/system_stm32f4xx.o
                0x0000000008008098                AHBPrescTable
                0x00000000080080a8                . = ALIGN (0x4)

.ARM.extab      0x00000000080080a8        0x0
                0x00000000080080a8                . = ALIGN (0x4)
 *(.ARM.extab* .gnu.linkonce.armextab.*)
                0x00000000080080a8                . = ALIGN (0x4)

.ARM            0x00000000080080a8        0x8
                0x00000000080080a8                . = ALIGN (0x4)
                0x00000000080080a8                __exidx_start = .
 *(.ARM.exidx*)
 .ARM.exidx     0x00000000080080a8        0x8 c:/st/stm32cubeide_1.12.1/stm32cubeide/plugins/com.st.stm32cube.ide.mcu.externaltools.gnu-tools-for-stm32.10.3-2021.10.win32_1.0.200.202301161003/tools/bin/../lib/gcc/arm-none-eabi/10.3.1/thumb/v7e-m+fp/hard\libgcc.a(_udivmoddi4.o)
                0x00000000080080b0                __exidx_end = .
                0x00000000080080b0                . = ALIGN (0x4)

.rel.dyn        0x00000000080080b0        0x0
 .rel.iplt      0x00000000080080b0        0x0 c:/st/stm32cubeide_1.12.1/stm32cubeide/plugins/com.st.stm32cube.ide.mcu.externaltools.gnu-tools-for-stm32.10.3-2021.10.win32_1.0.200.202301161003/tools/bin/../lib/gcc/arm-none-eabi/10.3.1/thumb/v7e-m+fp/hard/crtbegin.o

.preinit_array  0x00000000080080b0        0x0
                0x00000000080080b0                . = ALIGN (0x4)
                0x00000000080080b0                PROVIDE (__preinit_array_start = .)
 *(.preinit_array*)
                0x00000000080080b0                PROVIDE (__preinit_array_end = .)
                0x00000000080080b0                . = ALIGN (0x4)

.init_array     0x00000000080080b0        0x4
                0x00000000080080b0                . = ALIGN (0x4)
                0x00000000080080b0                PROVIDE (__init_array_start = .)
 *(SORT_BY_NAME(.init_array.*))
 *(.init_array*)
 .init_array    0x00000000080080b0        0x4 c:/st/stm32cubeide_1.12.1/stm32cubeide/plugins/com.st.stm32cube.ide.mcu.externaltools.gnu-tools-for-stm32.10.3-2021.10.win32_1.0.200.202301161003/tools/bin/../lib/gcc/arm-none-eabi/10.3.1/thumb/v7e-m+fp/hard/crtbegin.o
                0x00000000080080b4                PROVIDE (__init_array_end = .)
                0x00000000080080b4                . = ALIGN (0x4)

.fini_array     0x00000000080080b4        0x4
                0x00000000080080b4                . = ALIGN (0x4)
                [!provide]                        PROVIDE (__fini_array_start = .)
 *(SORT_BY_NAME(.fini_array.*))
 *(.fini_array*)
 .fini_array    0x00000000080080b4        0x4 c:/st/stm32cubeide_1.12.1/stm32cubeide/plugins/com.st.stm32cube.ide.mcu.externaltools.gnu-tools-for-stm32.10.3-2021.10.win32_1.0.200.202301161003/tools/bin/../lib/gcc/arm-none-eabi/10.3.1/thumb/v7e-m+fp/hard/crtbegin.o
                [!provide]                        PROVIDE (__fini_array_end = .)
                0x00000000080080b8                . = ALIGN (0x4)
                0x00000000080080b8                _sidata = LOADADDR (.data)

.data           0x0000000020000000       0xfc load address 0x00000000080080b8
                0x0000000020000000                . = ALIGN (0x4)
                0x0000000020000000                _sdata = .
 *(.data)
 *(.data*)
 .data.SystemCoreClock
                0x0000000020000000        0x4 ./Core/Src/system_stm32f4xx.o
                0x0000000020000000                SystemCoreClock
 .data.uwTickPrio
                0x0000000020000004        0x4 ./Drivers/STM32F4xx_HAL_Driver/Src/stm32f4xx_hal.o
                0x0000000020000004                uwTickPrio
 .data.uwTickFreq
                0x0000000020000008        0x1 ./Drivers/STM32F4xx_HAL_Driver/Src/stm32f4xx_hal.o
                0x0000000020000008                uwTickFreq
 *fill*         0x0000000020000009        0x3 
 .data.USBD_CDC_DeviceQualifierDesc
                0x000000002000000c        0xa ./Middlewares/ST/STM32_USB_Device_Library/Class/CDC/Src/usbd_cdc.o
 *fill*         0x0000000020000016        0x2 
 .data.USBD_CDC
                0x0000000020000018       0x38 ./Middlewares/ST/STM32_USB_Device_Library/Class/CDC/Src/usbd_cdc.o
                0x0000000020000018                USBD_CDC
 .data.USBD_CDC_CfgDesc
                0x0000000020000050       0x43 ./Middlewares/ST/STM32_USB_Device_Library/Class/CDC/Src/usbd_cdc.o
 .data.CDCInEpAdd
                0x0000000020000093        0x1 ./Middlewares/ST/STM32_USB_Device_Library/Class/CDC/Src/usbd_cdc.o
 .data.CDCOutEpAdd
                0x0000000020000094        0x1 ./Middlewares/ST/STM32_USB_Device_Library/Class/CDC/Src/usbd_cdc.o
 .data.CDCCmdEpAdd
                0x0000000020000095        0x1 ./Middlewares/ST/STM32_USB_Device_Library/Class/CDC/Src/usbd_cdc.o
 *fill*         0x0000000020000096        0x2 
 .data.USBD_Interface_fops_FS
                0x0000000020000098       0x14 ./USB_DEVICE/App/usbd_cdc_if.o
                0x0000000020000098                USBD_Interface_fops_FS
 .data.FS_Desc  0x00000000200000ac       0x1c ./USB_DEVICE/App/usbd_desc.o
                0x00000000200000ac                FS_Desc
 .data.USBD_FS_DeviceDesc
                0x00000000200000c8       0x12 ./USB_DEVICE/App/usbd_desc.o
                0x00000000200000c8                USBD_FS_DeviceDesc
 *fill*         0x00000000200000da        0x2 
 .data.USBD_LangIDDesc
                0x00000000200000dc        0x4 ./USB_DEVICE/App/usbd_desc.o
                0x00000000200000dc                USBD_LangIDDesc
 .data.USBD_StringSerial
                0x00000000200000e0       0x1a ./USB_DEVICE/App/usbd_desc.o
                0x00000000200000e0                USBD_StringSerial
 *(.RamFunc)
 *(.RamFunc*)
                0x00000000200000fc                . = ALIGN (0x4)
 *fill*         0x00000000200000fa        0x2 
                0x00000000200000fc                _edata = .

.igot.plt       0x00000000200000fc        0x0 load address 0x00000000080081b4
 .igot.plt      0x00000000200000fc        0x0 c:/st/stm32cubeide_1.12.1/stm32cubeide/plugins/com.st.stm32cube.ide.mcu.externaltools.gnu-tools-for-stm32.10.3-2021.10.win32_1.0.200.202301161003/tools/bin/../lib/gcc/arm-none-eabi/10.3.1/thumb/v7e-m+fp/hard/crtbegin.o
                0x00000000200000fc                . = ALIGN (0x4)

.bss            0x00000000200000fc     0x20e4 load address 0x00000000080081b4
                0x00000000200000fc                _sbss = .
                0x00000000200000fc                __bss_start__ = _sbss
 *(.bss)
 .bss           0x00000000200000fc       0x1c c:/st/stm32cubeide_1.12.1/stm32cubeide/plugins/com.st.stm32cube.ide.mcu.externaltools.gnu-tools-for-stm32.10.3-2021.10.win32_1.0.200.202301161003/tools/bin/../lib/gcc/arm-none-eabi/10.3.1/thumb/v7e-m+fp/hard/crtbegin.o
 *(.bss*)
 .bss.packet_buffer
                0x0000000020000118       0x80 ./Core/Src/bootloader.o
 .bss.error_id  0x0000000020000198        0x1 ./Core/Src/bootloader.o
 *fill*         0x0000000020000199        0x3 
 .bss.hcrc      0x000000002000019c        0x8 ./Core/Src/main.o
                0x000000002000019c                hcrc
 .bss.uwTick    0x00000000200001a4        0x4 ./Drivers/STM32F4xx_HAL_Driver/Src/stm32f4xx_hal.o
                0x00000000200001a4                uwTick
 .bss.pFlash    0x00000000200001a8       0x20 ./Drivers/STM32F4xx_HAL_Driver/Src/stm32f4xx_hal_flash.o
                0x00000000200001a8                pFlash
 .bss.cfgidx.0  0x00000000200001c8        0x1 ./Middlewares/ST/STM32_USB_Device_Library/Core/Src/usbd_ctlreq.o
 *fill*         0x00000000200001c9        0x3 
 .bss.hUsbDeviceFS
                0x00000000200001cc      0x2dc ./USB_DEVICE/App/usb_device.o
                0x00000000200001cc                hUsbDeviceFS
 .bss.UserRxBufferFS
                0x00000000200004a8      0x800 ./USB_DEVICE/App/usbd_cdc_if.o
                0x00000000200004a8                UserRxBufferFS
 .bss.UserTxBufferFS
                0x0000000020000ca8      0x800 ./USB_DEVICE/App/usbd_cdc_if.o
                0x0000000020000ca8                UserTxBufferFS
 .bss.linecoding_cfg
                0x00000000200014a8        0x7 ./USB_DEVICE/App/usbd_cdc_if.o
                0x00000000200014a8                linecoding_cfg
 *fill*         0x00000000200014af        0x1 
 .bss.rxBuffer  0x00000000200014b0      0x400 ./USB_DEVICE/App/usbd_cdc_if.o
                0x00000000200014b0                rxBuffer
 .bss.rxBufferHeadPos
                0x00000000200018b0        0x2 ./USB_DEVICE/App/usbd_cdc_if.o
                0x00000000200018b0                rxBufferHeadPos
 .bss.rxBufferTailPos
                0x00000000200018b2        0x2 ./USB_DEVICE/App/usbd_cdc_if.o
                0x00000000200018b2                rxBufferTailPos
 .bss.USBD_StrDesc
                0x00000000200018b4      0x200 ./USB_DEVICE/App/usbd_desc.o
                0x00000000200018b4                USBD_StrDesc
 .bss.hpcd_USB_OTG_FS
                0x0000000020001ab4      0x50c ./USB_DEVICE/Target/usbd_conf.o
                0x0000000020001ab4                hpcd_USB_OTG_FS
 .bss.mem.0     0x0000000020001fc0      0x220 ./USB_DEVICE/Target/usbd_conf.o
 *(COMMON)
                0x00000000200021e0                . = ALIGN (0x4)
                0x00000000200021e0                _ebss = .
                0x00000000200021e0                __bss_end__ = _ebss

._user_heap_stack
                0x00000000200021e0      0x600 load address 0x00000000080081b4
                0x00000000200021e0                . = ALIGN (0x8)
                [!provide]                        PROVIDE (end = .)
                0x00000000200021e0                PROVIDE (_end = .)
                0x00000000200023e0                . = (. + _Min_Heap_Size)
 *fill*         0x00000000200021e0      0x200 
                0x00000000200027e0                . = (. + _Min_Stack_Size)
 *fill*         0x00000000200023e0      0x400 
                0x00000000200027e0                . = ALIGN (0x8)

/DISCARD/
 libc.a(*)
 libm.a(*)
 libgcc.a(*)

.ARM.attributes
                0x0000000000000000       0x30
 *(.ARM.attributes)
 .ARM.attributes
                0x0000000000000000       0x1e c:/st/stm32cubeide_1.12.1/stm32cubeide/plugins/com.st.stm32cube.ide.mcu.externaltools.gnu-tools-for-stm32.10.3-2021.10.win32_1.0.200.202301161003/tools/bin/../lib/gcc/arm-none-eabi/10.3.1/thumb/v7e-m+fp/hard/crti.o
 .ARM.attributes
                0x000000000000001e       0x34 c:/st/stm32cubeide_1.12.1/stm32cubeide/plugins/com.st.stm32cube.ide.mcu.externaltools.gnu-tools-for-stm32.10.3-2021.10.win32_1.0.200.202301161003/tools/bin/../lib/gcc/arm-none-eabi/10.3.1/thumb/v7e-m+fp/hard/crtbegin.o
 .ARM.attributes
                0x0000000000000052       0x34 ./Core/Src/bootloader.o
 .ARM.attributes
                0x0000000000000086       0x34 ./Core/Src/flash.o
 .ARM.attributes
                0x00000000000000ba       0x34 ./Core/Src/main.o
 .ARM.attributes
                0x00000000000000ee       0x34 ./Core/Src/stm32f4xx_hal_msp.o
 .ARM.attributes
                0x0000000000000122       0x34 ./Core/Src/stm32f4xx_it.o
 .ARM.attributes
                0x0000000000000156       0x34 ./Core/Src/system_stm32f4xx.o
 .ARM.attributes
                0x000000000000018a       0x21 ./Core/Startup/startup_stm32f411ceux.o
 .ARM.attributes
                0x00000000000001ab       0x34 ./Drivers/STM32F4xx_HAL_Driver/Src/stm32f4xx_hal.o
 .ARM.attributes
                0x00000000000001df       0x34 ./Drivers/STM32F4xx_HAL_Driver/Src/stm32f4xx_hal_cortex.o
 .ARM.attributes
                0x0000000000000213       0x34 ./Drivers/STM32F4xx_HAL_Driver/Src/stm32f4xx_hal_crc.o
 .ARM.attributes
                0x0000000000000247       0x34 ./Drivers/STM32F4xx_HAL_Driver/Src/stm32f4xx_hal_flash.o
 .ARM.attributes
                0x000000000000027b       0x34 ./Drivers/STM32F4xx_HAL_Driver/Src/stm32f4xx_hal_flash_ex.o
 .ARM.attributes
                0x00000000000002af       0x34 ./Drivers/STM32F4xx_HAL_Driver/Src/stm32f4xx_hal_gpio.o
 .ARM.attributes
                0x00000000000002e3       0x34 ./Drivers/STM32F4xx_HAL_Driver/Src/stm32f4xx_hal_pcd.o
 .ARM.attributes
                0x0000000000000317       0x34 ./Drivers/STM32F4xx_HAL_Driver/Src/stm32f4xx_hal_pcd_ex.o
 .ARM.attributes
                0x000000000000034b       0x34 ./Drivers/STM32F4xx_HAL_Driver/Src/stm32f4xx_hal_rcc.o
 .ARM.attributes
                0x000000000000037f       0x34 ./Drivers/STM32F4xx_HAL_Driver/Src/stm32f4xx_hal_rcc_ex.o
 .ARM.attributes
                0x00000000000003b3       0x34 ./Drivers/STM32F4xx_HAL_Driver/Src/stm32f4xx_ll_usb.o
 .ARM.attributes
                0x00000000000003e7       0x34 ./Middlewares/ST/STM32_USB_Device_Library/Class/CDC/Src/usbd_cdc.o
 .ARM.attributes
                0x000000000000041b       0x34 ./Middlewares/ST/STM32_USB_Device_Library/Core/Src/usbd_core.o
 .ARM.attributes
                0x000000000000044f       0x34 ./Middlewares/ST/STM32_USB_Device_Library/Core/Src/usbd_ctlreq.o
 .ARM.attributes
                0x0000000000000483       0x34 ./Middlewares/ST/STM32_USB_Device_Library/Core/Src/usbd_ioreq.o
 .ARM.attributes
                0x00000000000004b7       0x34 ./USB_DEVICE/App/usb_device.o
 .ARM.attributes
                0x00000000000004eb       0x34 ./USB_DEVICE/App/usbd_cdc_if.o
 .ARM.attributes
                0x000000000000051f       0x34 ./USB_DEVICE/App/usbd_desc.o
 .ARM.attributes
                0x0000000000000553       0x34 ./USB_DEVICE/Target/usbd_conf.o
 .ARM.attributes
                0x0000000000000587       0x34 c:/st/stm32cubeide_1.12.1/stm32cubeide/plugins/com.st.stm32cube.ide.mcu.externaltools.gnu-tools-for-stm32.10.3-2021.10.win32_1.0.200.202301161003/tools/bin/../lib/gcc/arm-none-eabi/10.3.1/../../../../arm-none-eabi/lib/thumb/v7e-m+fp/hard\libc_nano.a(lib_a-init.o)
 .ARM.attributes
                0x00000000000005bb       0x34 c:/st/stm32cubeide_1.12.1/stm32cubeide/plugins/com.st.stm32cube.ide.mcu.externaltools.gnu-tools-for-stm32.10.3-2021.10.win32_1.0.200.202301161003/tools/bin/../lib/gcc/arm-none-eabi/10.3.1/../../../../arm-none-eabi/lib/thumb/v7e-m+fp/hard\libc_nano.a(lib_a-memset.o)
 .ARM.attributes
                0x00000000000005ef       0x1e c:/st/stm32cubeide_1.12.1/stm32cubeide/plugins/com.st.stm32cube.ide.mcu.externaltools.gnu-tools-for-stm32.10.3-2021.10.win32_1.0.200.202301161003/tools/bin/../lib/gcc/arm-none-eabi/10.3.1/thumb/v7e-m+fp/hard\libgcc.a(_aeabi_uldivmod.o)
 .ARM.attributes
                0x000000000000060d       0x34 c:/st/stm32cubeide_1.12.1/stm32cubeide/plugins/com.st.stm32cube.ide.mcu.externaltools.gnu-tools-for-stm32.10.3-2021.10.win32_1.0.200.202301161003/tools/bin/../lib/gcc/arm-none-eabi/10.3.1/thumb/v7e-m+fp/hard\libgcc.a(_udivmoddi4.o)
 .ARM.attributes
                0x0000000000000641       0x1e c:/st/stm32cubeide_1.12.1/stm32cubeide/plugins/com.st.stm32cube.ide.mcu.externaltools.gnu-tools-for-stm32.10.3-2021.10.win32_1.0.200.202301161003/tools/bin/../lib/gcc/arm-none-eabi/10.3.1/thumb/v7e-m+fp/hard\libgcc.a(_dvmd_tls.o)
 .ARM.attributes
                0x000000000000065f       0x1e c:/st/stm32cubeide_1.12.1/stm32cubeide/plugins/com.st.stm32cube.ide.mcu.externaltools.gnu-tools-for-stm32.10.3-2021.10.win32_1.0.200.202301161003/tools/bin/../lib/gcc/arm-none-eabi/10.3.1/thumb/v7e-m+fp/hard/crtn.o
OUTPUT(Bootloader.elf elf32-littlearm)
LOAD linker stubs
LOAD c:/st/stm32cubeide_1.12.1/stm32cubeide/plugins/com.st.stm32cube.ide.mcu.externaltools.gnu-tools-for-stm32.10.3-2021.10.win32_1.0.200.202301161003/tools/bin/../lib/gcc/arm-none-eabi/10.3.1/../../../../arm-none-eabi/lib/thumb/v7e-m+fp/hard\libc.a
LOAD c:/st/stm32cubeide_1.12.1/stm32cubeide/plugins/com.st.stm32cube.ide.mcu.externaltools.gnu-tools-for-stm32.10.3-2021.10.win32_1.0.200.202301161003/tools/bin/../lib/gcc/arm-none-eabi/10.3.1/../../../../arm-none-eabi/lib/thumb/v7e-m+fp/hard\libm.a
LOAD c:/st/stm32cubeide_1.12.1/stm32cubeide/plugins/com.st.stm32cube.ide.mcu.externaltools.gnu-tools-for-stm32.10.3-2021.10.win32_1.0.200.202301161003/tools/bin/../lib/gcc/arm-none-eabi/10.3.1/thumb/v7e-m+fp/hard\libgcc.a

.debug_info     0x0000000000000000    0x1077e
 .debug_info    0x0000000000000000      0x86a ./Core/Src/bootloader.o
 .debug_info    0x000000000000086a      0x538 ./Core/Src/flash.o
 .debug_info    0x0000000000000da2      0x920 ./Core/Src/main.o
 .debug_info    0x00000000000016c2      0x471 ./Core/Src/stm32f4xx_hal_msp.o
 .debug_info    0x0000000000001b33      0x650 ./Core/Src/stm32f4xx_it.o
 .debug_info    0x0000000000002183      0x54f ./Core/Src/system_stm32f4xx.o
 .debug_info    0x00000000000026d2       0x22 ./Core/Startup/startup_stm32f411ceux.o
 .debug_info    0x00000000000026f4      0x90d ./Drivers/STM32F4xx_HAL_Driver/Src/stm32f4xx_hal.o
 .debug_info    0x0000000000003001      0xd8b ./Drivers/STM32F4xx_HAL_Driver/Src/stm32f4xx_hal_cortex.o
 .debug_info    0x0000000000003d8c      0x39f ./Drivers/STM32F4xx_HAL_Driver/Src/stm32f4xx_hal_crc.o
 .debug_info    0x000000000000412b      0x5cd ./Drivers/STM32F4xx_HAL_Driver/Src/stm32f4xx_hal_flash.o
 .debug_info    0x00000000000046f8      0x83e ./Drivers/STM32F4xx_HAL_Driver/Src/stm32f4xx_hal_flash_ex.o
 .debug_info    0x0000000000004f36      0x78e ./Drivers/STM32F4xx_HAL_Driver/Src/stm32f4xx_hal_gpio.o
 .debug_info    0x00000000000056c4     0x168d ./Drivers/STM32F4xx_HAL_Driver/Src/stm32f4xx_hal_pcd.o
 .debug_info    0x0000000000006d51      0x717 ./Drivers/STM32F4xx_HAL_Driver/Src/stm32f4xx_hal_pcd_ex.o
 .debug_info    0x0000000000007468      0x98d ./Drivers/STM32F4xx_HAL_Driver/Src/stm32f4xx_hal_rcc.o
 .debug_info    0x0000000000007df5      0x5d9 ./Drivers/STM32F4xx_HAL_Driver/Src/stm32f4xx_hal_rcc_ex.o
 .debug_info    0x00000000000083ce     0x1a97 ./Drivers/STM32F4xx_HAL_Driver/Src/stm32f4xx_ll_usb.o
 .debug_info    0x0000000000009e65     0x130c ./Middlewares/ST/STM32_USB_Device_Library/Class/CDC/Src/usbd_cdc.o
 .debug_info    0x000000000000b171      0xee7 ./Middlewares/ST/STM32_USB_Device_Library/Core/Src/usbd_core.o
 .debug_info    0x000000000000c058      0xb7f ./Middlewares/ST/STM32_USB_Device_Library/Core/Src/usbd_ctlreq.o
 .debug_info    0x000000000000cbd7      0x7da ./Middlewares/ST/STM32_USB_Device_Library/Core/Src/usbd_ioreq.o
 .debug_info    0x000000000000d3b1      0x76a ./USB_DEVICE/App/usb_device.o
 .debug_info    0x000000000000db1b      0xb10 ./USB_DEVICE/App/usbd_cdc_if.o
 .debug_info    0x000000000000e62b      0x498 ./USB_DEVICE/App/usbd_desc.o
 .debug_info    0x000000000000eac3     0x1cbb ./USB_DEVICE/Target/usbd_conf.o

.debug_abbrev   0x0000000000000000     0x35c1
 .debug_abbrev  0x0000000000000000      0x227 ./Core/Src/bootloader.o
 .debug_abbrev  0x0000000000000227      0x1bb ./Core/Src/flash.o
 .debug_abbrev  0x00000000000003e2      0x250 ./Core/Src/main.o
 .debug_abbrev  0x0000000000000632      0x157 ./Core/Src/stm32f4xx_hal_msp.o
 .debug_abbrev  0x0000000000000789      0x199 ./Core/Src/stm32f4xx_it.o
 .debug_abbrev  0x0000000000000922      0x116 ./Core/Src/system_stm32f4xx.o
 .debug_abbrev  0x0000000000000a38       0x12 ./Core/Startup/startup_stm32f411ceux.o
 .debug_abbrev  0x0000000000000a4a      0x23e ./Drivers/STM32F4xx_HAL_Driver/Src/stm32f4xx_hal.o
 .debug_abbrev  0x0000000000000c88      0x316 ./Drivers/STM32F4xx_HAL_Driver/Src/stm32f4xx_hal_cortex.o
 .debug_abbrev  0x0000000000000f9e      0x16f ./Drivers/STM32F4xx_HAL_Driver/Src/stm32f4xx_hal_crc.o
 .debug_abbrev  0x000000000000110d      0x283 ./Drivers/STM32F4xx_HAL_Driver/Src/stm32f4xx_hal_flash.o
 .debug_abbrev  0x0000000000001390      0x260 ./Drivers/STM32F4xx_HAL_Driver/Src/stm32f4xx_hal_flash_ex.o
 .debug_abbrev  0x00000000000015f0      0x1c4 ./Drivers/STM32F4xx_HAL_Driver/Src/stm32f4xx_hal_gpio.o
 .debug_abbrev  0x00000000000017b4      0x2bb ./Drivers/STM32F4xx_HAL_Driver/Src/stm32f4xx_hal_pcd.o
 .debug_abbrev  0x0000000000001a6f      0x1ce ./Drivers/STM32F4xx_HAL_Driver/Src/stm32f4xx_hal_pcd_ex.o
 .debug_abbrev  0x0000000000001c3d      0x2aa ./Drivers/STM32F4xx_HAL_Driver/Src/stm32f4xx_hal_rcc.o
 .debug_abbrev  0x0000000000001ee7      0x1a8 ./Drivers/STM32F4xx_HAL_Driver/Src/stm32f4xx_hal_rcc_ex.o
 .debug_abbrev  0x000000000000208f      0x296 ./Drivers/STM32F4xx_HAL_Driver/Src/stm32f4xx_ll_usb.o
 .debug_abbrev  0x0000000000002325      0x2be ./Middlewares/ST/STM32_USB_Device_Library/Class/CDC/Src/usbd_cdc.o
 .debug_abbrev  0x00000000000025e3      0x263 ./Middlewares/ST/STM32_USB_Device_Library/Core/Src/usbd_core.o
 .debug_abbrev  0x0000000000002846      0x25c ./Middlewares/ST/STM32_USB_Device_Library/Core/Src/usbd_ctlreq.o
 .debug_abbrev  0x0000000000002aa2      0x18a ./Middlewares/ST/STM32_USB_Device_Library/Core/Src/usbd_ioreq.o
 .debug_abbrev  0x0000000000002c2c      0x18a ./USB_DEVICE/App/usb_device.o
 .debug_abbrev  0x0000000000002db6      0x306 ./USB_DEVICE/App/usbd_cdc_if.o
 .debug_abbrev  0x00000000000030bc      0x1da ./USB_DEVICE/App/usbd_desc.o
 .debug_abbrev  0x0000000000003296      0x32b ./USB_DEVICE/Target/usbd_conf.o

.debug_aranges  0x0000000000000000      0xe18
 .debug_aranges
                0x0000000000000000       0x68 ./Core/Src/bootloader.o
 .debug_aranges
                0x0000000000000068       0x40 ./Core/Src/flash.o
 .debug_aranges
                0x00000000000000a8       0x40 ./Core/Src/main.o
 .debug_aranges
                0x00000000000000e8       0x30 ./Core/Src/stm32f4xx_hal_msp.o
 .debug_aranges
                0x0000000000000118       0x68 ./Core/Src/stm32f4xx_it.o
 .debug_aranges
                0x0000000000000180       0x28 ./Core/Src/system_stm32f4xx.o
 .debug_aranges
                0x00000000000001a8       0x28 ./Core/Startup/startup_stm32f411ceux.o
 .debug_aranges
                0x00000000000001d0       0xf0 ./Drivers/STM32F4xx_HAL_Driver/Src/stm32f4xx_hal.o
 .debug_aranges
                0x00000000000002c0      0x118 ./Drivers/STM32F4xx_HAL_Driver/Src/stm32f4xx_hal_cortex.o
 .debug_aranges
                0x00000000000003d8       0x50 ./Drivers/STM32F4xx_HAL_Driver/Src/stm32f4xx_hal_crc.o
 .debug_aranges
                0x0000000000000428       0xa0 ./Drivers/STM32F4xx_HAL_Driver/Src/stm32f4xx_hal_flash.o
 .debug_aranges
                0x00000000000004c8       0xc8 ./Drivers/STM32F4xx_HAL_Driver/Src/stm32f4xx_hal_flash_ex.o
 .debug_aranges
                0x0000000000000590       0x58 ./Drivers/STM32F4xx_HAL_Driver/Src/stm32f4xx_hal_gpio.o
 .debug_aranges
                0x00000000000005e8      0x148 ./Drivers/STM32F4xx_HAL_Driver/Src/stm32f4xx_hal_pcd.o
 .debug_aranges
                0x0000000000000730       0x38 ./Drivers/STM32F4xx_HAL_Driver/Src/stm32f4xx_hal_pcd_ex.o
 .debug_aranges
                0x0000000000000768       0x88 ./Drivers/STM32F4xx_HAL_Driver/Src/stm32f4xx_hal_rcc.o
 .debug_aranges
                0x00000000000007f0       0x50 ./Drivers/STM32F4xx_HAL_Driver/Src/stm32f4xx_hal_rcc_ex.o
 .debug_aranges
                0x0000000000000840      0x1a0 ./Drivers/STM32F4xx_HAL_Driver/Src/stm32f4xx_ll_usb.o
 .debug_aranges
                0x00000000000009e0       0x90 ./Middlewares/ST/STM32_USB_Device_Library/Class/CDC/Src/usbd_cdc.o
 .debug_aranges
                0x0000000000000a70       0xd8 ./Middlewares/ST/STM32_USB_Device_Library/Core/Src/usbd_core.o
 .debug_aranges
                0x0000000000000b48       0x90 ./Middlewares/ST/STM32_USB_Device_Library/Core/Src/usbd_ctlreq.o
 .debug_aranges
                0x0000000000000bd8       0x50 ./Middlewares/ST/STM32_USB_Device_Library/Core/Src/usbd_ioreq.o
 .debug_aranges
                0x0000000000000c28       0x20 ./USB_DEVICE/App/usb_device.o
 .debug_aranges
                0x0000000000000c48       0x60 ./USB_DEVICE/App/usbd_cdc_if.o
 .debug_aranges
                0x0000000000000ca8       0x60 ./USB_DEVICE/App/usbd_desc.o
 .debug_aranges
                0x0000000000000d08      0x110 ./USB_DEVICE/Target/usbd_conf.o

.debug_ranges   0x0000000000000000      0xc80
 .debug_ranges  0x0000000000000000       0x58 ./Core/Src/bootloader.o
 .debug_ranges  0x0000000000000058       0x30 ./Core/Src/flash.o
 .debug_ranges  0x0000000000000088       0x30 ./Core/Src/main.o
 .debug_ranges  0x00000000000000b8       0x20 ./Core/Src/stm32f4xx_hal_msp.o
 .debug_ranges  0x00000000000000d8       0x58 ./Core/Src/stm32f4xx_it.o
 .debug_ranges  0x0000000000000130       0x18 ./Core/Src/system_stm32f4xx.o
 .debug_ranges  0x0000000000000148       0x20 ./Core/Startup/startup_stm32f411ceux.o
 .debug_ranges  0x0000000000000168       0xe0 ./Drivers/STM32F4xx_HAL_Driver/Src/stm32f4xx_hal.o
 .debug_ranges  0x0000000000000248      0x108 ./Drivers/STM32F4xx_HAL_Driver/Src/stm32f4xx_hal_cortex.o
 .debug_ranges  0x0000000000000350       0x40 ./Drivers/STM32F4xx_HAL_Driver/Src/stm32f4xx_hal_crc.o
 .debug_ranges  0x0000000000000390       0x90 ./Drivers/STM32F4xx_HAL_Driver/Src/stm32f4xx_hal_flash.o
 .debug_ranges  0x0000000000000420       0xb8 ./Drivers/STM32F4xx_HAL_Driver/Src/stm32f4xx_hal_flash_ex.o
 .debug_ranges  0x00000000000004d8       0x48 ./Drivers/STM32F4xx_HAL_Driver/Src/stm32f4xx_hal_gpio.o
 .debug_ranges  0x0000000000000520      0x138 ./Drivers/STM32F4xx_HAL_Driver/Src/stm32f4xx_hal_pcd.o
 .debug_ranges  0x0000000000000658       0x28 ./Drivers/STM32F4xx_HAL_Driver/Src/stm32f4xx_hal_pcd_ex.o
 .debug_ranges  0x0000000000000680       0x78 ./Drivers/STM32F4xx_HAL_Driver/Src/stm32f4xx_hal_rcc.o
 .debug_ranges  0x00000000000006f8       0x40 ./Drivers/STM32F4xx_HAL_Driver/Src/stm32f4xx_hal_rcc_ex.o
 .debug_ranges  0x0000000000000738      0x190 ./Drivers/STM32F4xx_HAL_Driver/Src/stm32f4xx_ll_usb.o
 .debug_ranges  0x00000000000008c8       0x80 ./Middlewares/ST/STM32_USB_Device_Library/Class/CDC/Src/usbd_cdc.o
 .debug_ranges  0x0000000000000948       0xc8 ./Middlewares/ST/STM32_USB_Device_Library/Core/Src/usbd_core.o
 .debug_ranges  0x0000000000000a10       0x80 ./Middlewares/ST/STM32_USB_Device_Library/Core/Src/usbd_ctlreq.o
 .debug_ranges  0x0000000000000a90       0x40 ./Middlewares/ST/STM32_USB_Device_Library/Core/Src/usbd_ioreq.o
 .debug_ranges  0x0000000000000ad0       0x10 ./USB_DEVICE/App/usb_device.o
 .debug_ranges  0x0000000000000ae0       0x50 ./USB_DEVICE/App/usbd_cdc_if.o
 .debug_ranges  0x0000000000000b30       0x50 ./USB_DEVICE/App/usbd_desc.o
 .debug_ranges  0x0000000000000b80      0x100 ./USB_DEVICE/Target/usbd_conf.o

.debug_macro    0x0000000000000000    0x1942d
 .debug_macro   0x0000000000000000      0x442 ./Core/Src/bootloader.o
 .debug_macro   0x0000000000000442      0xa78 ./Core/Src/bootloader.o
 .debug_macro   0x0000000000000eba       0x22 ./Core/Src/bootloader.o
 .debug_macro   0x0000000000000edc       0x4c ./Core/Src/bootloader.o
 .debug_macro   0x0000000000000f28       0x1e ./Core/Src/bootloader.o
 .debug_macro   0x0000000000000f46       0x94 ./Core/Src/bootloader.o
 .debug_macro   0x0000000000000fda       0x3c ./Core/Src/bootloader.o
 .debug_macro   0x0000000000001016       0x34 ./Core/Src/bootloader.o
 .debug_macro   0x000000000000104a       0x16 ./Core/Src/bootloader.o
 .debug_macro   0x0000000000001060       0x57 ./Core/Src/bootloader.o
 .debug_macro   0x00000000000010b7       0x97 ./Core/Src/bootloader.o
 .debug_macro   0x000000000000114e      0x341 ./Core/Src/bootloader.o
 .debug_macro   0x000000000000148f       0xfd ./Core/Src/bootloader.o
 .debug_macro   0x000000000000158c       0x10 ./Core/Src/bootloader.o
 .debug_macro   0x000000000000159c       0x16 ./Core/Src/bootloader.o
 .debug_macro   0x00000000000015b2       0x43 ./Core/Src/bootloader.o
 .debug_macro   0x00000000000015f5       0x34 ./Core/Src/bootloader.o
 .debug_macro   0x0000000000001629       0x10 ./Core/Src/bootloader.o
 .debug_macro   0x0000000000001639       0x58 ./Core/Src/bootloader.o
 .debug_macro   0x0000000000001691       0x71 ./Core/Src/bootloader.o
 .debug_macro   0x0000000000001702       0x1c ./Core/Src/bootloader.o
 .debug_macro   0x000000000000171e      0x12a ./Core/Src/bootloader.o
 .debug_macro   0x0000000000001848       0x10 ./Core/Src/bootloader.o
 .debug_macro   0x0000000000001858       0x6a ./Core/Src/bootloader.o
 .debug_macro   0x00000000000018c2       0x1c ./Core/Src/bootloader.o
 .debug_macro   0x00000000000018de       0x52 ./Core/Src/bootloader.o
 .debug_macro   0x0000000000001930       0x22 ./Core/Src/bootloader.o
 .debug_macro   0x0000000000001952       0x10 ./Core/Src/bootloader.o
 .debug_macro   0x0000000000001962       0x52 ./Core/Src/bootloader.o
 .debug_macro   0x00000000000019b4       0xd5 ./Core/Src/bootloader.o
 .debug_macro   0x0000000000001a89       0x1c ./Core/Src/bootloader.o
 .debug_macro   0x0000000000001aa5       0x3d ./Core/Src/bootloader.o
 .debug_macro   0x0000000000001ae2       0x16 ./Core/Src/bootloader.o
 .debug_macro   0x0000000000001af8      0x145 ./Core/Src/bootloader.o
 .debug_macro   0x0000000000001c3d       0x16 ./Core/Src/bootloader.o
 .debug_macro   0x0000000000001c53       0x35 ./Core/Src/bootloader.o
 .debug_macro   0x0000000000001c88       0x16 ./Core/Src/bootloader.o
 .debug_macro   0x0000000000001c9e       0x29 ./Core/Src/bootloader.o
 .debug_macro   0x0000000000001cc7       0x16 ./Core/Src/bootloader.o
 .debug_macro   0x0000000000001cdd       0x20 ./Core/Src/bootloader.o
 .debug_macro   0x0000000000001cfd       0x22 ./Core/Src/bootloader.o
 .debug_macro   0x0000000000001d1f      0x29b ./Core/Src/bootloader.o
 .debug_macro   0x0000000000001fba       0x2e ./Core/Src/bootloader.o
 .debug_macro   0x0000000000001fe8       0x28 ./Core/Src/bootloader.o
 .debug_macro   0x0000000000002010      0x103 ./Core/Src/bootloader.o
 .debug_macro   0x0000000000002113      0x1df ./Core/Src/bootloader.o
 .debug_macro   0x00000000000022f2       0x1c ./Core/Src/bootloader.o
 .debug_macro   0x000000000000230e       0x22 ./Core/Src/bootloader.o
 .debug_macro   0x0000000000002330       0xd9 ./Core/Src/bootloader.o
 .debug_macro   0x0000000000002409     0x102d ./Core/Src/bootloader.o
 .debug_macro   0x0000000000003436      0x11f ./Core/Src/bootloader.o
 .debug_macro   0x0000000000003555     0xb953 ./Core/Src/bootloader.o
 .debug_macro   0x000000000000eea8       0x6d ./Core/Src/bootloader.o
 .debug_macro   0x000000000000ef15     0x367e ./Core/Src/bootloader.o
 .debug_macro   0x0000000000012593       0x56 ./Core/Src/bootloader.o
 .debug_macro   0x00000000000125e9      0x447 ./Core/Src/bootloader.o
 .debug_macro   0x0000000000012a30      0x9fe ./Core/Src/bootloader.o
 .debug_macro   0x000000000001342e      0x115 ./Core/Src/bootloader.o
 .debug_macro   0x0000000000013543      0x11b ./Core/Src/bootloader.o
 .debug_macro   0x000000000001365e       0xa5 ./Core/Src/bootloader.o
 .debug_macro   0x0000000000013703      0x15f ./Core/Src/bootloader.o
 .debug_macro   0x0000000000013862      0x287 ./Core/Src/bootloader.o
 .debug_macro   0x0000000000013ae9       0x5f ./Core/Src/bootloader.o
 .debug_macro   0x0000000000013b48      0x236 ./Core/Src/bootloader.o
 .debug_macro   0x0000000000013d7e       0x22 ./Core/Src/bootloader.o
 .debug_macro   0x0000000000013da0      0x132 ./Core/Src/bootloader.o
 .debug_macro   0x0000000000013ed2      0x264 ./Core/Src/bootloader.o
 .debug_macro   0x0000000000014136       0x2e ./Core/Src/bootloader.o
 .debug_macro   0x0000000000014164      0x11a ./Core/Src/bootloader.o
 .debug_macro   0x000000000001427e       0x85 ./Core/Src/bootloader.o
 .debug_macro   0x0000000000014303       0x89 ./Core/Src/bootloader.o
 .debug_macro   0x000000000001438c      0x248 ./Core/Src/bootloader.o
 .debug_macro   0x00000000000145d4       0xba ./Core/Src/bootloader.o
 .debug_macro   0x000000000001468e      0x126 ./Core/Src/bootloader.o
 .debug_macro   0x00000000000147b4       0x1c ./Core/Src/bootloader.o
 .debug_macro   0x00000000000147d0       0x65 ./Core/Src/bootloader.o
 .debug_macro   0x0000000000014835      0x20f ./Core/Src/bootloader.o
 .debug_macro   0x0000000000014a44       0x95 ./Core/Src/bootloader.o
 .debug_macro   0x0000000000014ad9       0x10 ./Core/Src/bootloader.o
 .debug_macro   0x0000000000014ae9       0xa6 ./Core/Src/bootloader.o
 .debug_macro   0x0000000000014b8f      0x3aa ./Core/Src/flash.o
 .debug_macro   0x0000000000014f39       0x8e ./Core/Src/flash.o
 .debug_macro   0x0000000000014fc7       0x51 ./Core/Src/flash.o
 .debug_macro   0x0000000000015018       0x52 ./Core/Src/flash.o
 .debug_macro   0x000000000001506a      0x43e ./Core/Src/main.o
 .debug_macro   0x00000000000154a8      0x174 ./Core/Src/main.o
 .debug_macro   0x000000000001561c       0x5c ./Core/Src/main.o
 .debug_macro   0x0000000000015678      0x1ed ./Core/Src/stm32f4xx_hal_msp.o
 .debug_macro   0x0000000000015865      0x1f7 ./Core/Src/stm32f4xx_it.o
 .debug_macro   0x0000000000015a5c      0x1de ./Core/Src/system_stm32f4xx.o
 .debug_macro   0x0000000000015c3a      0x23e ./Drivers/STM32F4xx_HAL_Driver/Src/stm32f4xx_hal.o
 .debug_macro   0x0000000000015e78      0x1de ./Drivers/STM32F4xx_HAL_Driver/Src/stm32f4xx_hal_cortex.o
 .debug_macro   0x0000000000016056      0x1de ./Drivers/STM32F4xx_HAL_Driver/Src/stm32f4xx_hal_crc.o
 .debug_macro   0x0000000000016234      0x1e4 ./Drivers/STM32F4xx_HAL_Driver/Src/stm32f4xx_hal_flash.o
 .debug_macro   0x0000000000016418      0x1e4 ./Drivers/STM32F4xx_HAL_Driver/Src/stm32f4xx_hal_flash_ex.o
 .debug_macro   0x00000000000165fc      0x1e4 ./Drivers/STM32F4xx_HAL_Driver/Src/stm32f4xx_hal_gpio.o
 .debug_macro   0x00000000000167e0      0x1ea ./Drivers/STM32F4xx_HAL_Driver/Src/stm32f4xx_hal_pcd.o
 .debug_macro   0x00000000000169ca      0x1de ./Drivers/STM32F4xx_HAL_Driver/Src/stm32f4xx_hal_pcd_ex.o
 .debug_macro   0x0000000000016ba8      0x202 ./Drivers/STM32F4xx_HAL_Driver/Src/stm32f4xx_hal_rcc.o
 .debug_macro   0x0000000000016daa      0x1de ./Drivers/STM32F4xx_HAL_Driver/Src/stm32f4xx_hal_rcc_ex.o
 .debug_macro   0x0000000000016f88      0x1de ./Drivers/STM32F4xx_HAL_Driver/Src/stm32f4xx_ll_usb.o
 .debug_macro   0x0000000000017166      0x403 ./Middlewares/ST/STM32_USB_Device_Library/Class/CDC/Src/usbd_cdc.o
 .debug_macro   0x0000000000017569      0x3ea ./Middlewares/ST/STM32_USB_Device_Library/Core/Src/usbd_core.o
 .debug_macro   0x0000000000017953      0x215 ./Middlewares/ST/STM32_USB_Device_Library/Core/Src/usbd_core.o
 .debug_macro   0x0000000000017b68      0x3f4 ./Middlewares/ST/STM32_USB_Device_Library/Core/Src/usbd_ctlreq.o
 .debug_macro   0x0000000000017f5c      0x3f0 ./Middlewares/ST/STM32_USB_Device_Library/Core/Src/usbd_ioreq.o
 .debug_macro   0x000000000001834c      0x423 ./USB_DEVICE/App/usb_device.o
 .debug_macro   0x000000000001876f       0x22 ./USB_DEVICE/App/usb_device.o
 .debug_macro   0x0000000000018791       0x22 ./USB_DEVICE/App/usb_device.o
 .debug_macro   0x00000000000187b3       0x16 ./USB_DEVICE/App/usb_device.o
 .debug_macro   0x00000000000187c9      0x414 ./USB_DEVICE/App/usbd_cdc_if.o
 .debug_macro   0x0000000000018bdd      0x42d ./USB_DEVICE/App/usbd_desc.o
 .debug_macro   0x000000000001900a       0x1c ./USB_DEVICE/App/usbd_desc.o
 .debug_macro   0x0000000000019026      0x407 ./USB_DEVICE/Target/usbd_conf.o

.debug_line     0x0000000000000000    0x12f86
 .debug_line    0x0000000000000000      0xd2a ./Core/Src/bootloader.o
 .debug_line    0x0000000000000d2a      0xa5d ./Core/Src/flash.o
 .debug_line    0x0000000000001787      0xb3e ./Core/Src/main.o
 .debug_line    0x00000000000022c5      0x710 ./Core/Src/stm32f4xx_hal_msp.o
 .debug_line    0x00000000000029d5      0x7b3 ./Core/Src/stm32f4xx_it.o
 .debug_line    0x0000000000003188      0x75a ./Core/Src/system_stm32f4xx.o
 .debug_line    0x00000000000038e2       0x88 ./Core/Startup/startup_stm32f411ceux.o
 .debug_line    0x000000000000396a      0x9c0 ./Drivers/STM32F4xx_HAL_Driver/Src/stm32f4xx_hal.o
 .debug_line    0x000000000000432a      0xc6f ./Drivers/STM32F4xx_HAL_Driver/Src/stm32f4xx_hal_cortex.o
 .debug_line    0x0000000000004f99      0x81f ./Drivers/STM32F4xx_HAL_Driver/Src/stm32f4xx_hal_crc.o
 .debug_line    0x00000000000057b8      0xa52 ./Drivers/STM32F4xx_HAL_Driver/Src/stm32f4xx_hal_flash.o
 .debug_line    0x000000000000620a      0xb64 ./Drivers/STM32F4xx_HAL_Driver/Src/stm32f4xx_hal_flash_ex.o
 .debug_line    0x0000000000006d6e      0xaf8 ./Drivers/STM32F4xx_HAL_Driver/Src/stm32f4xx_hal_gpio.o
 .debug_line    0x0000000000007866     0x1463 ./Drivers/STM32F4xx_HAL_Driver/Src/stm32f4xx_hal_pcd.o
 .debug_line    0x0000000000008cc9      0x7a3 ./Drivers/STM32F4xx_HAL_Driver/Src/stm32f4xx_hal_pcd_ex.o
 .debug_line    0x000000000000946c      0xd3a ./Drivers/STM32F4xx_HAL_Driver/Src/stm32f4xx_hal_rcc.o
 .debug_line    0x000000000000a1a6      0xa1a ./Drivers/STM32F4xx_HAL_Driver/Src/stm32f4xx_hal_rcc_ex.o
 .debug_line    0x000000000000abc0     0x1a7d ./Drivers/STM32F4xx_HAL_Driver/Src/stm32f4xx_ll_usb.o
 .debug_line    0x000000000000c63d      0xeed ./Middlewares/ST/STM32_USB_Device_Library/Class/CDC/Src/usbd_cdc.o
 .debug_line    0x000000000000d52a      0xf67 ./Middlewares/ST/STM32_USB_Device_Library/Core/Src/usbd_core.o
 .debug_line    0x000000000000e491     0x1138 ./Middlewares/ST/STM32_USB_Device_Library/Core/Src/usbd_ctlreq.o
 .debug_line    0x000000000000f5c9      0xa7f ./Middlewares/ST/STM32_USB_Device_Library/Core/Src/usbd_ioreq.o
 .debug_line    0x0000000000010048      0xa3b ./USB_DEVICE/App/usb_device.o
 .debug_line    0x0000000000010a83      0xbe8 ./USB_DEVICE/App/usbd_cdc_if.o
 .debug_line    0x000000000001166b      0xb04 ./USB_DEVICE/App/usbd_desc.o
 .debug_line    0x000000000001216f      0xe17 ./USB_DEVICE/Target/usbd_conf.o

.debug_str      0x0000000000000000    0x88313
 .debug_str     0x0000000000000000    0x842d1 ./Core/Src/bootloader.o
                                      0x845c5 (size before relaxing)
 .debug_str     0x00000000000842d1      0x1e6 ./Core/Src/flash.o
                                      0x8345d (size before relaxing)
 .debug_str     0x00000000000844b7      0x3a3 ./Core/Src/main.o
                                      0x844c4 (size before relaxing)
 .debug_str     0x000000000008485a       0x4e ./Core/Src/stm32f4xx_hal_msp.o
                                      0x7f1b2 (size before relaxing)
 .debug_str     0x00000000000848a8      0x443 ./Core/Src/stm32f4xx_it.o