Archive member included to satisfy reference by file (symbol)

c:/st/stm32cubeide_1.12.1/stm32cubeide/plugins/com.st.stm32cube.ide.mcu.externaltools.gnu-tools-for-stm32.10.3-2021.10.win32_1.0.200.202301161003/tools/bin/../lib/gcc/arm-none-eabi/10.3.1/../../../../arm-none-eabi/lib/thumb/v7e-m+fp/hard\libc_nano.a(lib_a-errno.o)
                              ./Core/Src/syscalls.o (__errno)
c:/st/stm32cubeide_1.12.1/stm32cubeide/plugins/com.st.stm32cube.ide.mcu.externaltools.gnu-tools-for-stm32.10.3-2021.10.win32_1.0.200.202301161003/tools/bin/../lib/gcc/arm-none-eabi/10.3.1/../../../../arm-none-eabi/lib/thumb/v7e-m+fp/hard\libc_nano.a(lib_a-exit.o)
                              c:/st/stm32cubeide_1.12.1/stm32cubeide/plugins/com.st.stm32cube.ide.mcu.externaltools.gnu-tools-for-stm32.10.3-2021.10.win32_1.0.200.202301161003/tools/bin/../lib/gcc/arm-none-eabi/10.3.1/../../../../arm-none-eabi/lib/thumb/v7e-m+fp/hard/crt0.o (exit)
c:/st/stm32cubeide_1.12.1/stm32cubeide/plugins/com.st.stm32cube.ide.mcu.externaltools.gnu-tools-for-stm32.10.3-2021.10.win32_1.0.200.202301161003/tools/bin/../lib/gcc/arm-none-eabi/10.3.1/../../../../arm-none-eabi/lib/thumb/v7e-m+fp/hard\libc_nano.a(lib_a-impure.o)
                              c:/st/stm32cubeide_1.12.1/stm32cubeide/plugins/com.st.stm32cube.ide.mcu.externaltools.gnu-tools-for-stm32.10.3-2021.10.win32_1.0.200.202301161003/tools/bin/../lib/gcc/arm-none-eabi/10.3.1/../../../../arm-none-eabi/lib/thumb/v7e-m+fp/hard\libc_nano.a(lib_a-exit.o) (_global_impure_ptr)
c:/st/stm32cubeide_1.12.1/stm32cubeide/plugins/com.st.stm32cube.ide.mcu.externaltools.gnu-tools-for-stm32.10.3-2021.10.win32_1.0.200.202301161003/tools/bin/../lib/gcc/arm-none-eabi/10.3.1/../../../../arm-none-eabi/lib/thumb/v7e-m+fp/hard\libc_nano.a(lib_a-init.o)
                              c:/st/stm32cubeide_1.12.1/stm32cubeide/plugins/com.st.stm32cube.ide.mcu.externaltools.gnu-tools-for-stm32.10.3-2021.10.win32_1.0.200.202301161003/tools/bin/../lib/gcc/arm-none-eabi/10.3.1/../../../../arm-none-eabi/lib/thumb/v7e-m+fp/hard/crt0.o (__libc_init_array)
c:/st/stm32cubeide_1.12.1/stm32cubeide/plugins/com.st.stm32cube.ide.mcu.externaltools.gnu-tools-for-stm32.10.3-2021.10.win32_1.0.200.202301161003/tools/bin/../lib/gcc/arm-none-eabi/10.3.1/../../../../arm-none-eabi/lib/thumb/v7e-m+fp/hard\libc_nano.a(lib_a-memset.o)
                              c:/st/stm32cubeide_1.12.1/stm32cubeide/plugins/com.st.stm32cube.ide.mcu.externaltools.gnu-tools-for-stm32.10.3-2021.10.win32_1.0.200.202301161003/tools/bin/../lib/gcc/arm-none-eabi/10.3.1/../../../../arm-none-eabi/lib/thumb/v7e-m+fp/hard/crt0.o (memset)
c:/st/stm32cubeide_1.12.1/stm32cubeide/plugins/com.st.stm32cube.ide.mcu.externaltools.gnu-tools-for-stm32.10.3-2021.10.win32_1.0.200.202301161003/tools/bin/../lib/gcc/arm-none-eabi/10.3.1/thumb/v7e-m+fp/hard\libgcc.a(_aeabi_uldivmod.o)
                              ./Drivers/STM32F4xx_HAL_Driver/Src/stm32f4xx_hal_rcc.o (__aeabi_uldivmod)
c:/st/stm32cubeide_1.12.1/stm32cubeide/plugins/com.st.stm32cube.ide.mcu.externaltools.gnu-tools-for-stm32.10.3-2021.10.win32_1.0.200.202301161003/tools/bin/../lib/gcc/arm-none-eabi/10.3.1/thumb/v7e-m+fp/hard\libgcc.a(_udivmoddi4.o)
                              c:/st/stm32cubeide_1.12.1/stm32cubeide/plugins/com.st.stm32cube.ide.mcu.externaltools.gnu-tools-for-stm32.10.3-2021.10.win32_1.0.200.202301161003/tools/bin/../lib/gcc/arm-none-eabi/10.3.1/thumb/v7e-m+fp/hard\libgcc.a(_aeabi_uldivmod.o) (__udivmoddi4)
c:/st/stm32cubeide_1.12.1/stm32cubeide/plugins/com.st.stm32cube.ide.mcu.externaltools.gnu-tools-for-stm32.10.3-2021.10.win32_1.0.200.202301161003/tools/bin/../lib/gcc/arm-none-eabi/10.3.1/thumb/v7e-m+fp/hard\libgcc.a(_dvmd_tls.o)
                              c:/st/stm32cubeide_1.12.1/stm32cubeide/plugins/com.st.stm32cube.ide.mcu.externaltools.gnu-tools-for-stm32.10.3-2021.10.win32_1.0.200.202301161003/tools/bin/../lib/gcc/arm-none-eabi/10.3.1/thumb/v7e-m+fp/hard\libgcc.a(_aeabi_uldivmod.o) (__aeabi_ldiv0)

Discarded input sections

 .text          0x0000000000000000        0x0 c:/st/stm32cubeide_1.12.1/stm32cubeide/plugins/com.st.stm32cube.ide.mcu.externaltools.gnu-tools-for-stm32.10.3-2021.10.win32_1.0.200.202301161003/tools/bin/../lib/gcc/arm-none-eabi/10.3.1/thumb/v7e-m+fp/hard/crti.o
 .data          0x0000000000000000        0x0 c:/st/stm32cubeide_1.12.1/stm32cubeide/plugins/com.st.stm32cube.ide.mcu.externaltools.gnu-tools-for-stm32.10.3-2021.10.win32_1.0.200.202301161003/tools/bin/../lib/gcc/arm-none-eabi/10.3.1/thumb/v7e-m+fp/hard/crti.o
 .bss           0x0000000000000000        0x0 c:/st/stm32cubeide_1.12.1/stm32cubeide/plugins/com.st.stm32cube.ide.mcu.externaltools.gnu-tools-for-stm32.10.3-2021.10.win32_1.0.200.202301161003/tools/bin/../lib/gcc/arm-none-eabi/10.3.1/thumb/v7e-m+fp/hard/crti.o
[...]
Memory Configuration

Name             Origin             Length             Attributes
RAM              0x0000000020000000 0x0000000000020000 xrw
FLASH            0x0000000008000000 0x0000000000010000 xr
*default*        0x0000000000000000 0xffffffffffffffff

Linker script and memory map

LOAD c:/st/stm32cubeide_1.12.1/stm32cubeide/plugins/com.st.stm32cube.ide.mcu.externaltools.gnu-tools-for-stm32.10.3-2021.10.win32_1.0.200.202301161003/tools/bin/../lib/gcc/arm-none-eabi/10.3.1/thumb/v7e-m+fp/hard/crti.o
LOAD c:/st/stm32cubeide_1.12.1/stm32cubeide/plugins/com.st.stm32cube.ide.mcu.externaltools.gnu-tools-for-stm32.10.3-2021.10.win32_1.0.200.202301161003/tools/bin/../lib/gcc/arm-none-eabi/10.3.1/thumb/v7e-m+fp/hard/crtbegin.o
LOAD c:/st/stm32cubeide_1.12.1/stm32cubeide/plugins/com.st.stm32cube.ide.mcu.externaltools.gnu-tools-for-stm32.10.3-2021.10.win32_1.0.200.202301161003/tools/bin/../lib/gcc/arm-none-eabi/10.3.1/../../../../arm-none-eabi/lib/thumb/v7e-m+fp/hard/crt0.o
LOAD ./Core/Src/bootloader.o
LOAD ./Core/Src/flash.o
LOAD ./Core/Src/main.o
LOAD ./Core/Src/stm32f4xx_hal_msp.o
LOAD ./Core/Src/stm32f4xx_it.o
LOAD ./Core/Src/syscalls.o
LOAD ./Core/Src/sysmem.o
LOAD ./Core/Src/system_stm32f4xx.o
LOAD ./Core/Startup/startup_stm32f411ceux.o
LOAD ./Drivers/STM32F4xx_HAL_Driver/Src/stm32f4xx_hal.o
LOAD ./Drivers/STM32F4xx_HAL_Driver/Src/stm32f4xx_hal_cortex.o
LOAD ./Drivers/STM32F4xx_HAL_Driver/Src/stm32f4xx_hal_crc.o
LOAD ./Drivers/STM32F4xx_HAL_Driver/Src/stm32f4xx_hal_dma.o
LOAD ./Drivers/STM32F4xx_HAL_Driver/Src/stm32f4xx_hal_dma_ex.o
LOAD ./Drivers/STM32F4xx_HAL_Driver/Src/stm32f4xx_hal_exti.o
LOAD ./Drivers/STM32F4xx_HAL_Driver/Src/stm32f4xx_hal_flash.o
LOAD ./Drivers/STM32F4xx_HAL_Driver/Src/stm32f4xx_hal_flash_ex.o
LOAD ./Drivers/STM32F4xx_HAL_Driver/Src/stm32f4xx_hal_flash_ramfunc.o
LOAD ./Drivers/STM32F4xx_HAL_Driver/Src/stm32f4xx_hal_gpio.o
LOAD ./Drivers/STM32F4xx_HAL_Driver/Src/stm32f4xx_hal_pcd.o
LOAD ./Drivers/STM32F4xx_HAL_Driver/Src/stm32f4xx_hal_pcd_ex.o
LOAD ./Drivers/STM32F4xx_HAL_Driver/Src/stm32f4xx_hal_pwr.o
LOAD ./Drivers/STM32F4xx_HAL_Driver/Src/stm32f4xx_hal_pwr_ex.o
LOAD ./Drivers/STM32F4xx_HAL_Driver/Src/stm32f4xx_hal_rcc.o
LOAD ./Drivers/STM32F4xx_HAL_Driver/Src/stm32f4xx_hal_rcc_ex.o
LOAD ./Drivers/STM32F4xx_HAL_Driver/Src/stm32f4xx_hal_tim.o
LOAD ./Drivers/STM32F4xx_HAL_Driver/Src/stm32f4xx_hal_tim_ex.o
LOAD ./Drivers/STM32F4xx_HAL_Driver/Src/stm32f4xx_ll_usb.o
LOAD ./Middlewares/ST/STM32_USB_Device_Library/Class/CDC/Src/usbd_cdc.o
LOAD ./Middlewares/ST/STM32_USB_Device_Library/Core/Src/usbd_core.o
LOAD ./Middlewares/ST/STM32_USB_Device_Library/Core/Src/usbd_ctlreq.o
LOAD ./Middlewares/ST/STM32_USB_Device_Library/Core/Src/usbd_ioreq.o
LOAD ./USB_DEVICE/App/usb_device.o
LOAD ./USB_DEVICE/App/usbd_cdc_if.o
LOAD ./USB_DEVICE/App/usbd_desc.o
LOAD ./USB_DEVICE/Target/usbd_conf.o
START GROUP
LOAD c:/st/stm32cubeide_1.12.1/stm32cubeide/plugins/com.st.stm32cube.ide.mcu.externaltools.gnu-tools-for-stm32.10.3-2021.10.win32_1.0.200.202301161003/tools/bin/../lib/gcc/arm-none-eabi/10.3.1/../../../../arm-none-eabi/lib/thumb/v7e-m+fp/hard\libc_nano.a
LOAD c:/st/stm32cubeide_1.12.1/stm32cubeide/plugins/com.st.stm32cube.ide.mcu.externaltools.gnu-tools-for-stm32.10.3-2021.10.win32_1.0.200.202301161003/tools/bin/../lib/gcc/arm-none-eabi/10.3.1/../../../../arm-none-eabi/lib/thumb/v7e-m+fp/hard\libm.a
END GROUP
START GROUP
LOAD c:/st/stm32cubeide_1.12.1/stm32cubeide/plugins/com.st.stm32cube.ide.mcu.externaltools.gnu-tools-for-stm32.10.3-2021.10.win32_1.0.200.202301161003/tools/bin/../lib/gcc/arm-none-eabi/10.3.1/thumb/v7e-m+fp/hard\libgcc.a
LOAD c:/st/stm32cubeide_1.12.1/stm32cubeide/plugins/com.st.stm32cube.ide.mcu.externaltools.gnu-tools-for-stm32.10.3-2021.10.win32_1.0.200.202301161003/tools/bin/../lib/gcc/arm-none-eabi/10.3.1/../../../../arm-none-eabi/lib/thumb/v7e-m+fp/hard\libc_nano.a
END GROUP
START GROUP
LOAD c:/st/stm32cubeide_1.12.1/stm32cubeide/plugins/com.st.stm32cube.ide.mcu.externaltools.gnu-tools-for-stm32.10.3-2021.10.win32_1.0.200.202301161003/tools/bin/../lib/gcc/arm-none-eabi/10.3.1/thumb/v7e-m+fp/hard\libgcc.a
LOAD c:/st/stm32cubeide_1.12.1/stm32cubeide/plugins/com.st.stm32cube.ide.mcu.externaltools.gnu-tools-for-stm32.10.3-2021.10.win32_1.0.200.202301161003/tools/bin/../lib/gcc/arm-none-eabi/10.3.1/../../../../arm-none-eabi/lib/thumb/v7e-m+fp/hard\libc_nano.a
LOAD c:/st/stm32cubeide_1.12.1/stm32cubeide/plugins/com.st.stm32cube.ide.mcu.externaltools.gnu-tools-for-stm32.10.3-2021.10.win32_1.0.200.202301161003/tools/bin/../lib/gcc/arm-none-eabi/10.3.1/../../../../arm-none-eabi/lib/thumb/v7e-m+fp/hard\libnosys.a
END GROUP
START GROUP
LOAD c:/st/stm32cubeide_1.12.1/stm32cubeide/plugins/com.st.stm32cube.ide.mcu.externaltools.gnu-tools-for-stm32.10.3-2021.10.win32_1.0.200.202301161003/tools/bin/../lib/gcc/arm-none-eabi/10.3.1/thumb/v7e-m+fp/hard\libgcc.a
LOAD c:/st/stm32cubeide_1.12.1/stm32cubeide/plugins/com.st.stm32cube.ide.mcu.externaltools.gnu-tools-for-stm32.10.3-2021.10.win32_1.0.200.202301161003/tools/bin/../lib/gcc/arm-none-eabi/10.3.1/../../../../arm-none-eabi/lib/thumb/v7e-m+fp/hard\libc_nano.a
LOAD c:/st/stm32cubeide_1.12.1/stm32cubeide/plugins/com.st.stm32cube.ide.mcu.externaltools.gnu-tools-for-stm32.10.3-2021.10.win32_1.0.200.202301161003/tools/bin/../lib/gcc/arm-none-eabi/10.3.1/../../../../arm-none-eabi/lib/thumb/v7e-m+fp/hard\libnosys.a
END GROUP
LOAD c:/st/stm32cubeide_1.12.1/stm32cubeide/plugins/com.st.stm32cube.ide.mcu.externaltools.gnu-tools-for-stm32.10.3-2021.10.win32_1.0.200.202301161003/tools/bin/../lib/gcc/arm-none-eabi/10.3.1/thumb/v7e-m+fp/hard/crtend.o
LOAD c:/st/stm32cubeide_1.12.1/stm32cubeide/plugins/com.st.stm32cube.ide.mcu.externaltools.gnu-tools-for-stm32.10.3-2021.10.win32_1.0.200.202301161003/tools/bin/../lib/gcc/arm-none-eabi/10.3.1/thumb/v7e-m+fp/hard/crtn.o
                0x0000000020020000                _estack = (ORIGIN (RAM) + LENGTH (RAM))
                0x0000000000000200                _Min_Heap_Size = 0x200
                0x0000000000000400                _Min_Stack_Size = 0x400

.isr_vector     0x0000000008000000      0x198
                0x0000000008000000                . = ALIGN (0x4)
 *(.isr_vector)
 .isr_vector    0x0000000008000000      0x198 ./Core/Startup/startup_stm32f411ceux.o
                0x0000000008000000                g_pfnVectors
                0x0000000008000198                . = ALIGN (0x4)

.text           0x0000000008000198     0x7bcc
                0x0000000008000198                . = ALIGN (0x4)
 *(.text)
 .text          0x0000000008000198       0x40 c:/st/stm32cubeide_1.12.1/stm32cubeide/plugins/com.st.stm32cube.ide.mcu.externaltools.gnu-tools-for-stm32.10.3-2021.10.win32_1.0.200.202301161003/tools/bin/../lib/gcc/arm-none-eabi/10.3.1/thumb/v7e-m+fp/hard/crtbegin.o
 .text          0x00000000080001d8       0x30 c:/st/stm32cubeide_1.12.1/stm32cubeide/plugins/com.st.stm32cube.ide.mcu.externaltools.gnu-tools-for-stm32.10.3-2021.10.win32_1.0.200.202301161003/tools/bin/../lib/gcc/arm-none-eabi/10.3.1/thumb/v7e-m+fp/hard\libgcc.a(_aeabi_uldivmod.o)
                0x00000000080001d8                __aeabi_uldivmod
 .text          0x0000000008000208      0x2d0 c:/st/stm32cubeide_1.12.1/stm32cubeide/plugins/com.st.stm32cube.ide.mcu.externaltools.gnu-tools-for-stm32.10.3-2021.10.win32_1.0.200.202301161003/tools/bin/../lib/gcc/arm-none-eabi/10.3.1/thumb/v7e-m+fp/hard\libgcc.a(_udivmoddi4.o)
                0x0000000008000208                __udivmoddi4
 .text          0x00000000080004d8        0x4 c:/st/stm32cubeide_1.12.1/stm32cubeide/plugins/com.st.stm32cube.ide.mcu.externaltools.gnu-tools-for-stm32.10.3-2021.10.win32_1.0.200.202301161003/tools/bin/../lib/gcc/arm-none-eabi/10.3.1/thumb/v7e-m+fp/hard\libgcc.a(_dvmd_tls.o)
                0x00000000080004d8                __aeabi_idiv0
                0x00000000080004d8                __aeabi_ldiv0
 *(.text*)
 .text.SendError
                0x00000000080004dc       0x44 ./Core/Src/bootloader.o
 .text.SendCmdAck
                0x0000000008000520       0x44 ./Core/Src/bootloader.o
 .text.SendPacketAck
                0x0000000008000564       0x4c ./Core/Src/bootloader.o
 .text.SendPacketNAck
                0x00000000080005b0       0x4c ./Core/Src/bootloader.o
 .text.Bootloader_Run
                0x00000000080005fc      0x198 ./Core/Src/bootloader.o
                0x00000000080005fc                Bootloader_Run
 .text.Bootloader_JumToApplication
                0x0000000008000794       0x5c ./Core/Src/bootloader.o
                0x0000000008000794                Bootloader_JumToApplication
 .text.Bootloader_CheckApplicationExist
                0x00000000080007f0       0x3c ./Core/Src/bootloader.o
                0x00000000080007f0                Bootloader_CheckApplicationExist
 .text.Bootloader_EraseApplication
                0x000000000800082c       0x52 ./Core/Src/bootloader.o
                0x000000000800082c                Bootloader_EraseApplication
 *fill*         0x000000000800087e        0x2 
 .text.Bootloader_DownloadFW
                0x0000000008000880       0xb0 ./Core/Src/bootloader.o
                0x0000000008000880                Bootloader_DownloadFW
 .text.Bootloader_VerifyAppChecksum
                0x0000000008000930       0x30 ./Core/Src/bootloader.o
                0x0000000008000930                Bootloader_VerifyAppChecksum
 .text.Flash_Init
                0x0000000008000960       0x2c ./Core/Src/flash.o
                0x0000000008000960                Flash_Init
 .text.Flash_EraseSector
                0x000000000800098c       0x50 ./Core/Src/flash.o
                0x000000000800098c                Flash_EraseSector
 .text.Flash_Read_Word
                0x00000000080009dc       0x74 ./Core/Src/flash.o
                0x00000000080009dc                Flash_Read_Word
 .text.Flash_GetChecksum
                0x0000000008000a50       0x24 ./Core/Src/flash.o
                0x0000000008000a50                Flash_GetChecksum
 .text.main     0x0000000008000a74       0x4c ./Core/Src/main.o
                0x0000000008000a74                main
 .text.SystemClock_Config
                0x0000000008000ac0       0xd8 ./Core/Src/main.o
                0x0000000008000ac0                SystemClock_Config
 .text.MX_CRC_Init
                0x0000000008000b98       0x28 ./Core/Src/main.o
 .text.MX_GPIO_Init
                0x0000000008000bc0       0xdc ./Core/Src/main.o
 .text.Error_Handler
                0x0000000008000c9c        0xa ./Core/Src/main.o
                0x0000000008000c9c                Error_Handler
 *fill*         0x0000000008000ca6        0x2 
 .text.HAL_MspInit
                0x0000000008000ca8       0x50 ./Core/Src/stm32f4xx_hal_msp.o
                0x0000000008000ca8                HAL_MspInit
 .text.HAL_CRC_MspInit
                0x0000000008000cf8       0x44 ./Core/Src/stm32f4xx_hal_msp.o
                0x0000000008000cf8                HAL_CRC_MspInit
 .text.NMI_Handler
                0x0000000008000d3c        0x6 ./Core/Src/stm32f4xx_it.o
                0x0000000008000d3c                NMI_Handler
 .text.HardFault_Handler
                0x0000000008000d42        0x6 ./Core/Src/stm32f4xx_it.o
                0x0000000008000d42                HardFault_Handler
 .text.MemManage_Handler
                0x0000000008000d48        0x6 ./Core/Src/stm32f4xx_it.o
                0x0000000008000d48                MemManage_Handler
 .text.BusFault_Handler
                0x0000000008000d4e        0x6 ./Core/Src/stm32f4xx_it.o
                0x0000000008000d4e                BusFault_Handler
 .text.UsageFault_Handler
                0x0000000008000d54        0x6 ./Core/Src/stm32f4xx_it.o
                0x0000000008000d54                UsageFault_Handler
 .text.SVC_Handler
                0x0000000008000d5a        0xe ./Core/Src/stm32f4xx_it.o
                0x0000000008000d5a                SVC_Handler
 .text.DebugMon_Handler
                0x0000000008000d68        0xe ./Core/Src/stm32f4xx_it.o
                0x0000000008000d68                DebugMon_Handler
 .text.PendSV_Handler
                0x0000000008000d76        0xe ./Core/Src/stm32f4xx_it.o
                0x0000000008000d76                PendSV_Handler
 .text.SysTick_Handler
                0x0000000008000d84        0xc ./Core/Src/stm32f4xx_it.o
                0x0000000008000d84                SysTick_Handler
 .text.OTG_FS_IRQHandler
                0x0000000008000d90       0x14 ./Core/Src/stm32f4xx_it.o
                0x0000000008000d90                OTG_FS_IRQHandler
 .text.SystemInit
                0x0000000008000da4       0x24 ./Core/Src/system_stm32f4xx.o
                0x0000000008000da4                SystemInit
 .text.Reset_Handler
                0x0000000008000dc8       0x50 ./Core/Startup/startup_stm32f411ceux.o
                0x0000000008000dc8                Reset_Handler
 .text.Default_Handler
                0x0000000008000e18        0x2 ./Core/Startup/startup_stm32f411ceux.o
                0x0000000008000e18                RTC_Alarm_IRQHandler
                0x0000000008000e18                EXTI2_IRQHandler
                0x0000000008000e18                SPI4_IRQHandler
                0x0000000008000e18                TIM1_CC_IRQHandler
                0x0000000008000e18                DMA2_Stream5_IRQHandler
                0x0000000008000e18                DMA1_Stream5_IRQHandler
                0x0000000008000e18                PVD_IRQHandler
                0x0000000008000e18                SDIO_IRQHandler
                0x0000000008000e18                TAMP_STAMP_IRQHandler
                0x0000000008000e18                EXTI3_IRQHandler
                0x0000000008000e18                TIM1_UP_TIM10_IRQHandler
                0x0000000008000e18                I2C3_ER_IRQHandler
                0x0000000008000e18                EXTI0_IRQHandler
                0x0000000008000e18                I2C2_EV_IRQHandler
                0x0000000008000e18                DMA1_Stream2_IRQHandler
                0x0000000008000e18                FPU_IRQHandler
                0x0000000008000e18                DMA2_Stream2_IRQHandler
                0x0000000008000e18                SPI1_IRQHandler
                0x0000000008000e18                TIM1_BRK_TIM9_IRQHandler
                0x0000000008000e18                DMA2_Stream3_IRQHandler
                0x0000000008000e18                USART6_IRQHandler
                0x0000000008000e18                DMA2_Stream0_IRQHandler
                0x0000000008000e18                TIM4_IRQHandler
                0x0000000008000e18                I2C1_EV_IRQHandler
                0x0000000008000e18                DMA1_Stream6_IRQHandler
                0x0000000008000e18                DMA1_Stream1_IRQHandler
                0x0000000008000e18                TIM3_IRQHandler
                0x0000000008000e18                RCC_IRQHandler
                0x0000000008000e18                Default_Handler
                0x0000000008000e18                EXTI15_10_IRQHandler
                0x0000000008000e18                ADC_IRQHandler
                0x0000000008000e18                DMA1_Stream7_IRQHandler
                0x0000000008000e18                SPI5_IRQHandler
                0x0000000008000e18                TIM5_IRQHandler
                0x0000000008000e18                DMA2_Stream7_IRQHandler
                0x0000000008000e18                I2C3_EV_IRQHandler
                0x0000000008000e18                EXTI9_5_IRQHandler
                0x0000000008000e18                RTC_WKUP_IRQHandler
                0x0000000008000e18                SPI2_IRQHandler
                0x0000000008000e18                DMA1_Stream0_IRQHandler
                0x0000000008000e18                EXTI4_IRQHandler
                0x0000000008000e18                WWDG_IRQHandler
                0x0000000008000e18                TIM2_IRQHandler
                0x0000000008000e18                OTG_FS_WKUP_IRQHandler
                0x0000000008000e18                TIM1_TRG_COM_TIM11_IRQHandler
                0x0000000008000e18                EXTI1_IRQHandler
                0x0000000008000e18                USART2_IRQHandler
                0x0000000008000e18                I2C2_ER_IRQHandler
                0x0000000008000e18                DMA2_Stream1_IRQHandler
                0x0000000008000e18                FLASH_IRQHandler
                0x0000000008000e18                DMA2_Stream4_IRQHandler
                0x0000000008000e18                USART1_IRQHandler
                0x0000000008000e18                SPI3_IRQHandler
                0x0000000008000e18                DMA1_Stream4_IRQHandler
                0x0000000008000e18                I2C1_ER_IRQHandler
                0x0000000008000e18                DMA2_Stream6_IRQHandler
                0x0000000008000e18                DMA1_Stream3_IRQHandler
 *fill*         0x0000000008000e1a        0x2 
 .text.HAL_Init
                0x0000000008000e1c       0x44 ./Drivers/STM32F4xx_HAL_Driver/Src/stm32f4xx_hal.o
                0x0000000008000e1c                HAL_Init
 .text.HAL_DeInit
                0x0000000008000e60       0x58 ./Drivers/STM32F4xx_HAL_Driver/Src/stm32f4xx_hal.o
                0x0000000008000e60                HAL_DeInit
 .text.HAL_MspDeInit
                0x0000000008000eb8        0xe ./Drivers/STM32F4xx_HAL_Driver/Src/stm32f4xx_hal.o
                0x0000000008000eb8                HAL_MspDeInit
 *fill*         0x0000000008000ec6        0x2 
 .text.HAL_InitTick
                0x0000000008000ec8       0x60 ./Drivers/STM32F4xx_HAL_Driver/Src/stm32f4xx_hal.o
                0x0000000008000ec8                HAL_InitTick
 .text.HAL_IncTick
                0x0000000008000f28       0x28 ./Drivers/STM32F4xx_HAL_Driver/Src/stm32f4xx_hal.o
                0x0000000008000f28                HAL_IncTick
 .text.HAL_GetTick
                0x0000000008000f50       0x18 ./Drivers/STM32F4xx_HAL_Driver/Src/stm32f4xx_hal.o
                0x0000000008000f50                HAL_GetTick
 .text.HAL_Delay
                0x0000000008000f68       0x48 ./Drivers/STM32F4xx_HAL_Driver/Src/stm32f4xx_hal.o
                0x0000000008000f68                HAL_Delay
 .text.__NVIC_SetPriorityGrouping
                0x0000000008000fb0       0x48 ./Drivers/STM32F4xx_HAL_Driver/Src/stm32f4xx_hal_cortex.o
 .text.__NVIC_GetPriorityGrouping
                0x0000000008000ff8       0x1c ./Drivers/STM32F4xx_HAL_Driver/Src/stm32f4xx_hal_cortex.o
 .text.__NVIC_EnableIRQ
                0x0000000008001014       0x3c ./Drivers/STM32F4xx_HAL_Driver/Src/stm32f4xx_hal_cortex.o
 .text.__NVIC_SetPriority
                0x0000000008001050       0x54 ./Drivers/STM32F4xx_HAL_Driver/Src/stm32f4xx_hal_cortex.o
 .text.NVIC_EncodePriority
                0x00000000080010a4       0x66 ./Drivers/STM32F4xx_HAL_Driver/Src/stm32f4xx_hal_cortex.o
 *fill*         0x000000000800110a        0x2 
 .text.SysTick_Config
                0x000000000800110c       0x44 ./Drivers/STM32F4xx_HAL_Driver/Src/stm32f4xx_hal_cortex.o
 .text.HAL_NVIC_SetPriorityGrouping
                0x0000000008001150       0x16 ./Drivers/STM32F4xx_HAL_Driver/Src/stm32f4xx_hal_cortex.o
                0x0000000008001150                HAL_NVIC_SetPriorityGrouping
 .text.HAL_NVIC_SetPriority
                0x0000000008001166       0x38 ./Drivers/STM32F4xx_HAL_Driver/Src/stm32f4xx_hal_cortex.o
                0x0000000008001166                HAL_NVIC_SetPriority
 .text.HAL_NVIC_EnableIRQ
                0x000000000800119e       0x1c ./Drivers/STM32F4xx_HAL_Driver/Src/stm32f4xx_hal_cortex.o
                0x000000000800119e                HAL_NVIC_EnableIRQ
 .text.HAL_SYSTICK_Config
                0x00000000080011ba       0x18 ./Drivers/STM32F4xx_HAL_Driver/Src/stm32f4xx_hal_cortex.o
                0x00000000080011ba                HAL_SYSTICK_Config
 .text.HAL_CRC_Init
                0x00000000080011d2       0x38 ./Drivers/STM32F4xx_HAL_Driver/Src/stm32f4xx_hal_crc.o
                0x00000000080011d2                HAL_CRC_Init
 .text.HAL_CRC_Calculate
                0x000000000800120a       0x66 ./Drivers/STM32F4xx_HAL_Driver/Src/stm32f4xx_hal_crc.o
                0x000000000800120a                HAL_CRC_Calculate
 .text.HAL_FLASH_Unlock
                0x0000000008001270       0x44 ./Drivers/STM32F4xx_HAL_Driver/Src/stm32f4xx_hal_flash.o
                0x0000000008001270                HAL_FLASH_Unlock
 .text.HAL_FLASH_Lock
                0x00000000080012b4       0x20 ./Drivers/STM32F4xx_HAL_Driver/Src/stm32f4xx_hal_flash.o
                0x00000000080012b4                HAL_FLASH_Lock
 .text.FLASH_WaitForLastOperation
                0x00000000080012d4       0x80 ./Drivers/STM32F4xx_HAL_Driver/Src/stm32f4xx_hal_flash.o
                0x00000000080012d4                FLASH_WaitForLastOperation
 .text.FLASH_SetErrorCode
                0x0000000008001354       0xcc ./Drivers/STM32F4xx_HAL_Driver/Src/stm32f4xx_hal_flash.o
 .text.HAL_FLASHEx_Erase
                0x0000000008001420       0xe0 ./Drivers/STM32F4xx_HAL_Driver/Src/stm32f4xx_hal_flash_ex.o
                0x0000000008001420                HAL_FLASHEx_Erase
 .text.FLASH_MassErase
                0x0000000008001500       0x48 ./Drivers/STM32F4xx_HAL_Driver/Src/stm32f4xx_hal_flash_ex.o
 .text.FLASH_Erase_Sector
                0x0000000008001548       0x90 ./Drivers/STM32F4xx_HAL_Driver/Src/stm32f4xx_hal_flash_ex.o
                0x0000000008001548                FLASH_Erase_Sector
 .text.FLASH_FlushCaches
                0x00000000080015d8       0x8c ./Drivers/STM32F4xx_HAL_Driver/Src/stm32f4xx_hal_flash_ex.o
                0x00000000080015d8                FLASH_FlushCaches
 .text.HAL_GPIO_Init
                0x0000000008001664      0x308 ./Drivers/STM32F4xx_HAL_Driver/Src/stm32f4xx_hal_gpio.o
                0x0000000008001664                HAL_GPIO_Init
 .text.HAL_GPIO_WritePin
                0x000000000800196c       0x32 ./Drivers/STM32F4xx_HAL_Driver/Src/stm32f4xx_hal_gpio.o
                0x000000000800196c                HAL_GPIO_WritePin
 .text.HAL_GPIO_TogglePin
                0x000000000800199e       0x34 ./Drivers/STM32F4xx_HAL_Driver/Src/stm32f4xx_hal_gpio.o
                0x000000000800199e                HAL_GPIO_TogglePin
 .text.HAL_PCD_Init
                0x00000000080019d2      0x23a ./Drivers/STM32F4xx_HAL_Driver/Src/stm32f4xx_hal_pcd.o
                0x00000000080019d2                HAL_PCD_Init
 .text.HAL_PCD_Start
                0x0000000008001c0c       0x66 ./Drivers/STM32F4xx_HAL_Driver/Src/stm32f4xx_hal_pcd.o
                0x0000000008001c0c                HAL_PCD_Start
 .text.HAL_PCD_IRQHandler
                0x0000000008001c72      0x93e ./Drivers/STM32F4xx_HAL_Driver/Src/stm32f4xx_hal_pcd.o
                0x0000000008001c72                HAL_PCD_IRQHandler
 .text.HAL_PCD_SetAddress
                0x00000000080025b0       0x4a ./Drivers/STM32F4xx_HAL_Driver/Src/stm32f4xx_hal_pcd.o
                0x00000000080025b0                HAL_PCD_SetAddress
 .text.HAL_PCD_EP_Open
                0x00000000080025fa       0xd0 ./Drivers/STM32F4xx_HAL_Driver/Src/stm32f4xx_hal_pcd.o
                0x00000000080025fa                HAL_PCD_EP_Open
 .text.HAL_PCD_EP_Close
                0x00000000080026ca       0x94 ./Drivers/STM32F4xx_HAL_Driver/Src/stm32f4xx_hal_pcd.o
                0x00000000080026ca                HAL_PCD_EP_Close
 .text.HAL_PCD_EP_Receive
                0x000000000800275e       0x96 ./Drivers/STM32F4xx_HAL_Driver/Src/stm32f4xx_hal_pcd.o
                0x000000000800275e                HAL_PCD_EP_Receive
 .text.HAL_PCD_EP_GetRxCount
                0x00000000080027f4       0x30 ./Drivers/STM32F4xx_HAL_Driver/Src/stm32f4xx_hal_pcd.o
                0x00000000080027f4                HAL_PCD_EP_GetRxCount
 .text.HAL_PCD_EP_Transmit
                0x0000000008002824       0x94 ./Drivers/STM32F4xx_HAL_Driver/Src/stm32f4xx_hal_pcd.o
                0x0000000008002824                HAL_PCD_EP_Transmit
 .text.HAL_PCD_EP_SetStall
                0x00000000080028b8       0xc8 ./Drivers/STM32F4xx_HAL_Driver/Src/stm32f4xx_hal_pcd.o
                0x00000000080028b8                HAL_PCD_EP_SetStall
 .text.HAL_PCD_EP_ClrStall
                0x0000000008002980       0xac ./Drivers/STM32F4xx_HAL_Driver/Src/stm32f4xx_hal_pcd.o
                0x0000000008002980                HAL_PCD_EP_ClrStall
 .text.HAL_PCD_EP_Abort
                0x0000000008002a2c       0x62 ./Drivers/STM32F4xx_HAL_Driver/Src/stm32f4xx_hal_pcd.o
                0x0000000008002a2c                HAL_PCD_EP_Abort
 .text.PCD_WriteEmptyTxFifo
                0x0000000008002a8e      0x11a ./Drivers/STM32F4xx_HAL_Driver/Src/stm32f4xx_hal_pcd.o
 .text.PCD_EP_OutXfrComplete_int
                0x0000000008002ba8      0x1d0 ./Drivers/STM32F4xx_HAL_Driver/Src/stm32f4xx_hal_pcd.o
 .text.PCD_EP_OutSetupPacket_int
                0x0000000008002d78       0x8c ./Drivers/STM32F4xx_HAL_Driver/Src/stm32f4xx_hal_pcd.o
 .text.HAL_PCDEx_SetTxFiFo
                0x0000000008002e04       0x8e ./Drivers/STM32F4xx_HAL_Driver/Src/stm32f4xx_hal_pcd_ex.o
                0x0000000008002e04                HAL_PCDEx_SetTxFiFo
 .text.HAL_PCDEx_SetRxFiFo
                0x0000000008002e92       0x22 ./Drivers/STM32F4xx_HAL_Driver/Src/stm32f4xx_hal_pcd_ex.o
                0x0000000008002e92                HAL_PCDEx_SetRxFiFo
 .text.HAL_PCDEx_LPM_Callback
                0x0000000008002eb4       0x18 ./Drivers/STM32F4xx_HAL_Driver/Src/stm32f4xx_hal_pcd_ex.o
                0x0000000008002eb4                HAL_PCDEx_LPM_Callback
 .text.HAL_RCC_OscConfig
                0x0000000008002ecc      0x4f0 ./Drivers/STM32F4xx_HAL_Driver/Src/stm32f4xx_hal_rcc.o
                0x0000000008002ecc                HAL_RCC_OscConfig
 .text.HAL_RCC_ClockConfig
                0x00000000080033bc      0x1cc ./Drivers/STM32F4xx_HAL_Driver/Src/stm32f4xx_hal_rcc.o
                0x00000000080033bc                HAL_RCC_ClockConfig
 .text.HAL_RCC_GetSysClockFreq
                0x0000000008003588      0x18c ./Drivers/STM32F4xx_HAL_Driver/Src/stm32f4xx_hal_rcc.o
                0x0000000008003588                HAL_RCC_GetSysClockFreq
 .text.HAL_RCC_GetHCLKFreq
                0x0000000008003714       0x18 ./Drivers/STM32F4xx_HAL_Driver/Src/stm32f4xx_hal_rcc.o
                0x0000000008003714                HAL_RCC_GetHCLKFreq
 .text.HAL_RCC_DeInit
                0x000000000800372c      0x19c ./Drivers/STM32F4xx_HAL_Driver/Src/stm32f4xx_hal_rcc_ex.o
                0x000000000800372c                HAL_RCC_DeInit
 .text.USB_CoreInit
                0x00000000080038c8       0xc2 ./Drivers/STM32F4xx_HAL_Driver/Src/stm32f4xx_ll_usb.o
                0x00000000080038c8                USB_CoreInit
 *fill*         0x000000000800398a        0x2 
 .text.USB_SetTurnaroundTime
                0x000000000800398c      0x144 ./Drivers/STM32F4xx_HAL_Driver/Src/stm32f4xx_ll_usb.o
                0x000000000800398c                USB_SetTurnaroundTime
 .text.USB_EnableGlobalInt
                0x0000000008003ad0       0x22 ./Drivers/STM32F4xx_HAL_Driver/Src/stm32f4xx_ll_usb.o
                0x0000000008003ad0                USB_EnableGlobalInt
 .text.USB_DisableGlobalInt
                0x0000000008003af2       0x22 ./Drivers/STM32F4xx_HAL_Driver/Src/stm32f4xx_ll_usb.o
                0x0000000008003af2                USB_DisableGlobalInt
 .text.USB_SetCurrentMode
                0x0000000008003b14       0x98 ./Drivers/STM32F4xx_HAL_Driver/Src/stm32f4xx_ll_usb.o
                0x0000000008003b14                USB_SetCurrentMode
 .text.USB_DevInit
                0x0000000008003bac      0x2c8 ./Drivers/STM32F4xx_HAL_Driver/Src/stm32f4xx_ll_usb.o
                0x0000000008003bac                USB_DevInit
 .text.USB_FlushTxFifo
                0x0000000008003e74       0x68 ./Drivers/STM32F4xx_HAL_Driver/Src/stm32f4xx_ll_usb.o
                0x0000000008003e74                USB_FlushTxFifo
 .text.USB_FlushRxFifo
                0x0000000008003edc       0x60 ./Drivers/STM32F4xx_HAL_Driver/Src/stm32f4xx_ll_usb.o
                0x0000000008003edc                USB_FlushRxFifo
 .text.USB_SetDevSpeed
                0x0000000008003f3c       0x32 ./Drivers/STM32F4xx_HAL_Driver/Src/stm32f4xx_ll_usb.o
                0x0000000008003f3c                USB_SetDevSpeed
 .text.USB_GetDevSpeed
                0x0000000008003f6e       0x4a ./Drivers/STM32F4xx_HAL_Driver/Src/stm32f4xx_ll_usb.o
                0x0000000008003f6e                USB_GetDevSpeed
 .text.USB_ActivateEndpoint
                0x0000000008003fb8      0x10e ./Drivers/STM32F4xx_HAL_Driver/Src/stm32f4xx_ll_usb.o
                0x0000000008003fb8                USB_ActivateEndpoint
 *fill*         0x00000000080040c6        0x2 
 .text.USB_DeactivateEndpoint
                0x00000000080040c8      0x1b8 ./Drivers/STM32F4xx_HAL_Driver/Src/stm32f4xx_ll_usb.o
                0x00000000080040c8                USB_DeactivateEndpoint
 .text.USB_EPStartXfer
                0x0000000008004280      0x490 ./Drivers/STM32F4xx_HAL_Driver/Src/stm32f4xx_ll_usb.o
                0x0000000008004280                USB_EPStartXfer
 .text.USB_EP0StartXfer
                0x0000000008004710      0x2b0 ./Drivers/STM32F4xx_HAL_Driver/Src/stm32f4xx_ll_usb.o
                0x0000000008004710                USB_EP0StartXfer
 .text.USB_EPStopXfer
                0x00000000080049c0      0x154 ./Drivers/STM32F4xx_HAL_Driver/Src/stm32f4xx_ll_usb.o
                0x00000000080049c0                USB_EPStopXfer
 .text.USB_WritePacket
                0x0000000008004b14       0x7c ./Drivers/STM32F4xx_HAL_Driver/Src/stm32f4xx_ll_usb.o
                0x0000000008004b14                USB_WritePacket
 .text.USB_ReadPacket
                0x0000000008004b90       0xb0 ./Drivers/STM32F4xx_HAL_Driver/Src/stm32f4xx_ll_usb.o
                0x0000000008004b90                USB_ReadPacket
 .text.USB_EPSetStall
                0x0000000008004c40       0xdc ./Drivers/STM32F4xx_HAL_Driver/Src/stm32f4xx_ll_usb.o
                0x0000000008004c40                USB_EPSetStall
 .text.USB_EPClearStall
                0x0000000008004d1c       0xcc ./Drivers/STM32F4xx_HAL_Driver/Src/stm32f4xx_ll_usb.o
                0x0000000008004d1c                USB_EPClearStall
 .text.USB_SetDevAddress
                0x0000000008004de8       0x4c ./Drivers/STM32F4xx_HAL_Driver/Src/stm32f4xx_ll_usb.o
                0x0000000008004de8                USB_SetDevAddress
 .text.USB_DevConnect
                0x0000000008004e34       0x42 ./Drivers/STM32F4xx_HAL_Driver/Src/stm32f4xx_ll_usb.o
                0x0000000008004e34                USB_DevConnect
 .text.USB_DevDisconnect
                0x0000000008004e76       0x42 ./Drivers/STM32F4xx_HAL_Driver/Src/stm32f4xx_ll_usb.o
                0x0000000008004e76                USB_DevDisconnect
 .text.USB_ReadInterrupts
                0x0000000008004eb8       0x26 ./Drivers/STM32F4xx_HAL_Driver/Src/stm32f4xx_ll_usb.o
                0x0000000008004eb8                USB_ReadInterrupts
 .text.USB_ReadDevAllOutEpInterrupt
                0x0000000008004ede       0x34 ./Drivers/STM32F4xx_HAL_Driver/Src/stm32f4xx_ll_usb.o
                0x0000000008004ede                USB_ReadDevAllOutEpInterrupt
 .text.USB_ReadDevAllInEpInterrupt
                0x0000000008004f12       0x34 ./Drivers/STM32F4xx_HAL_Driver/Src/stm32f4xx_ll_usb.o
                0x0000000008004f12                USB_ReadDevAllInEpInterrupt
 .text.USB_ReadDevOutEPInterrupt
                0x0000000008004f46       0x3c ./Drivers/STM32F4xx_HAL_Driver/Src/stm32f4xx_ll_usb.o
                0x0000000008004f46                USB_ReadDevOutEPInterrupt
 .text.USB_ReadDevInEPInterrupt
                0x0000000008004f82       0x5c ./Drivers/STM32F4xx_HAL_Driver/Src/stm32f4xx_ll_usb.o
                0x0000000008004f82                USB_ReadDevInEPInterrupt
 .text.USB_GetMode
                0x0000000008004fde       0x1c ./Drivers/STM32F4xx_HAL_Driver/Src/stm32f4xx_ll_usb.o
                0x0000000008004fde                USB_GetMode
 .text.USB_ActivateSetup
                0x0000000008004ffa       0x46 ./Drivers/STM32F4xx_HAL_Driver/Src/stm32f4xx_ll_usb.o
                0x0000000008004ffa                USB_ActivateSetup
 .text.USB_EP0_OutStart
                0x0000000008005040       0xbc ./Drivers/STM32F4xx_HAL_Driver/Src/stm32f4xx_ll_usb.o
                0x0000000008005040                USB_EP0_OutStart
 .text.USB_CoreReset
                0x00000000080050fc       0x68 ./Drivers/STM32F4xx_HAL_Driver/Src/stm32f4xx_ll_usb.o
 .text.USBD_CDC_Init
                0x0000000008005164      0x1f0 ./Middlewares/ST/STM32_USB_Device_Library/Class/CDC/Src/usbd_cdc.o
 .text.USBD_CDC_DeInit
                0x0000000008005354      0x104 ./Middlewares/ST/STM32_USB_Device_Library/Class/CDC/Src/usbd_cdc.o
 .text.USBD_CDC_Setup
                0x0000000008005458      0x1b8 ./Middlewares/ST/STM32_USB_Device_Library/Class/CDC/Src/usbd_cdc.o
 .text.USBD_CDC_DataIn
                0x0000000008005610       0xfe ./Middlewares/ST/STM32_USB_Device_Library/Class/CDC/Src/usbd_cdc.o
 .text.USBD_CDC_DataOut
                0x000000000800570e       0x70 ./Middlewares/ST/STM32_USB_Device_Library/Class/CDC/Src/usbd_cdc.o
 .text.USBD_CDC_EP0_RxReady
                0x000000000800577e       0x76 ./Middlewares/ST/STM32_USB_Device_Library/Class/CDC/Src/usbd_cdc.o
 .text.USBD_CDC_GetFSCfgDesc
                0x00000000080057f4       0x70 ./Middlewares/ST/STM32_USB_Device_Library/Class/CDC/Src/usbd_cdc.o
 .text.USBD_CDC_GetHSCfgDesc
                0x0000000008005864       0x70 ./Middlewares/ST/STM32_USB_Device_Library/Class/CDC/Src/usbd_cdc.o
 .text.USBD_CDC_GetOtherSpeedCfgDesc
                0x00000000080058d4       0x70 ./Middlewares/ST/STM32_USB_Device_Library/Class/CDC/Src/usbd_cdc.o
 .text.USBD_CDC_GetDeviceQualifierDescriptor
                0x0000000008005944       0x20 ./Middlewares/ST/STM32_USB_Device_Library/Class/CDC/Src/usbd_cdc.o
                0x0000000008005944                USBD_CDC_GetDeviceQualifierDescriptor
 .text.USBD_CDC_RegisterInterface
                0x0000000008005964       0x34 ./Middlewares/ST/STM32_USB_Device_Library/Class/CDC/Src/usbd_cdc.o
                0x0000000008005964                USBD_CDC_RegisterInterface
 .text.USBD_CDC_SetTxBuffer
                0x0000000008005998       0x44 ./Middlewares/ST/STM32_USB_Device_Library/Class/CDC/Src/usbd_cdc.o
                0x0000000008005998                USBD_CDC_SetTxBuffer
 .text.USBD_CDC_SetRxBuffer
                0x00000000080059dc       0x3a ./Middlewares/ST/STM32_USB_Device_Library/Class/CDC/Src/usbd_cdc.o
                0x00000000080059dc                USBD_CDC_SetRxBuffer
 *fill*         0x0000000008005a16        0x2 
 .text.USBD_CDC_TransmitPacket
                0x0000000008005a18       0x8c ./Middlewares/ST/STM32_USB_Device_Library/Class/CDC/Src/usbd_cdc.o
                0x0000000008005a18                USBD_CDC_TransmitPacket
 .text.USBD_CDC_ReceivePacket
                0x0000000008005aa4       0x6c ./Middlewares/ST/STM32_USB_Device_Library/Class/CDC/Src/usbd_cdc.o
                0x0000000008005aa4                USBD_CDC_ReceivePacket
 .text.USBD_Init
                0x0000000008005b10       0x60 ./Middlewares/ST/STM32_USB_Device_Library/Core/Src/usbd_core.o
                0x0000000008005b10                USBD_Init
 .text.USBD_RegisterClass
                0x0000000008005b70       0x6c ./Middlewares/ST/STM32_USB_Device_Library/Core/Src/usbd_core.o
                0x0000000008005b70                USBD_RegisterClass
 .text.USBD_Start
                0x0000000008005bdc       0x18 ./Middlewares/ST/STM32_USB_Device_Library/Core/Src/usbd_core.o
                0x0000000008005bdc                USBD_Start
 .text.USBD_RunTestMode
                0x0000000008005bf4       0x16 ./Middlewares/ST/STM32_USB_Device_Library/Core/Src/usbd_core.o
                0x0000000008005bf4                USBD_RunTestMode
 .text.USBD_SetClassConfig
                0x0000000008005c0a       0x38 ./Middlewares/ST/STM32_USB_Device_Library/Core/Src/usbd_core.o
                0x0000000008005c0a                USBD_SetClassConfig
 .text.USBD_ClrClassConfig
                0x0000000008005c42       0x34 ./Middlewares/ST/STM32_USB_Device_Library/Core/Src/usbd_core.o
                0x0000000008005c42                USBD_ClrClassConfig
 .text.USBD_LL_SetupStage
                0x0000000008005c76       0xaa ./Middlewares/ST/STM32_USB_Device_Library/Core/Src/usbd_core.o
                0x0000000008005c76                USBD_LL_SetupStage
 .text.USBD_LL_DataOutStage
                0x0000000008005d20      0x166 ./Middlewares/ST/STM32_USB_Device_Library/Core/Src/usbd_core.o
                0x0000000008005d20                USBD_LL_DataOutStage
 .text.USBD_LL_DataInStage
                0x0000000008005e86      0x164 ./Middlewares/ST/STM32_USB_Device_Library/Core/Src/usbd_core.o
                0x0000000008005e86                USBD_LL_DataInStage
 .text.USBD_LL_Reset
                0x0000000008005fea       0xa4 ./Middlewares/ST/STM32_USB_Device_Library/Core/Src/usbd_core.o
                0x0000000008005fea                USBD_LL_Reset
 .text.USBD_LL_SetSpeed
                0x000000000800608e       0x20 ./Middlewares/ST/STM32_USB_Device_Library/Core/Src/usbd_core.o
                0x000000000800608e                USBD_LL_SetSpeed
 .text.USBD_LL_Suspend
                0x00000000080060ae       0x2c ./Middlewares/ST/STM32_USB_Device_Library/Core/Src/usbd_core.o
                0x00000000080060ae                USBD_LL_Suspend
 .text.USBD_LL_Resume
                0x00000000080060da       0x30 ./Middlewares/ST/STM32_USB_Device_Library/Core/Src/usbd_core.o
                0x00000000080060da                USBD_LL_Resume
 .text.USBD_LL_SOF
                0x000000000800610a       0x40 ./Middlewares/ST/STM32_USB_Device_Library/Core/Src/usbd_core.o
                0x000000000800610a                USBD_LL_SOF
 .text.USBD_LL_IsoINIncomplete
                0x000000000800614a       0x64 ./Middlewares/ST/STM32_USB_Device_Library/Core/Src/usbd_core.o
                0x000000000800614a                USBD_LL_IsoINIncomplete
 .text.USBD_LL_IsoOUTIncomplete
                0x00000000080061ae       0x64 ./Middlewares/ST/STM32_USB_Device_Library/Core/Src/usbd_core.o
                0x00000000080061ae                USBD_LL_IsoOUTIncomplete
 .text.USBD_LL_DevConnected
                0x0000000008006212       0x16 ./Middlewares/ST/STM32_USB_Device_Library/Core/Src/usbd_core.o
                0x0000000008006212                USBD_LL_DevConnected
 .text.USBD_LL_DevDisconnected
                0x0000000008006228       0x46 ./Middlewares/ST/STM32_USB_Device_Library/Core/Src/usbd_core.o
                0x0000000008006228                USBD_LL_DevDisconnected
 .text.USBD_CoreFindIF
                0x000000000800626e       0x1a ./Middlewares/ST/STM32_USB_Device_Library/Core/Src/usbd_core.o
                0x000000000800626e                USBD_CoreFindIF
 .text.USBD_CoreFindEP
                0x0000000008006288       0x1a ./Middlewares/ST/STM32_USB_Device_Library/Core/Src/usbd_core.o
                0x0000000008006288                USBD_CoreFindEP
 .text.USBD_GetEpDesc
                0x00000000080062a2       0x74 ./Middlewares/ST/STM32_USB_Device_Library/Core/Src/usbd_core.o
                0x00000000080062a2                USBD_GetEpDesc
 .text.USBD_GetNextDesc
                0x0000000008006316       0x3a ./Middlewares/ST/STM32_USB_Device_Library/Core/Src/usbd_core.o
                0x0000000008006316                USBD_GetNextDesc
 .text.SWAPBYTE
                0x0000000008006350       0x3c ./Middlewares/ST/STM32_USB_Device_Library/Core/Src/usbd_ctlreq.o
 .text.USBD_StdDevReq
                0x000000000800638c       0xe4 ./Middlewares/ST/STM32_USB_Device_Library/Core/Src/usbd_ctlreq.o
                0x000000000800638c                USBD_StdDevReq
 .text.USBD_StdItfReq
                0x0000000008006470       0xd8 ./Middlewares/ST/STM32_USB_Device_Library/Core/Src/usbd_ctlreq.o
                0x0000000008006470                USBD_StdItfReq
 .text.USBD_StdEPReq
                0x0000000008006548      0x33a ./Middlewares/ST/STM32_USB_Device_Library/Core/Src/usbd_ctlreq.o
                0x0000000008006548                USBD_StdEPReq
 *fill*         0x0000000008006882        0x2 
 .text.USBD_GetDescriptor
                0x0000000008006884      0x2d4 ./Middlewares/ST/STM32_USB_Device_Library/Core/Src/usbd_ctlreq.o
 .text.USBD_SetAddress
                0x0000000008006b58       0x88 ./Middlewares/ST/STM32_USB_Device_Library/Core/Src/usbd_ctlreq.o
 .text.USBD_SetConfig
                0x0000000008006be0      0x154 ./Middlewares/ST/STM32_USB_Device_Library/Core/Src/usbd_ctlreq.o
 .text.USBD_GetConfig
                0x0000000008006d34       0x6c ./Middlewares/ST/STM32_USB_Device_Library/Core/Src/usbd_ctlreq.o
 .text.USBD_GetStatus
                0x0000000008006da0       0x68 ./Middlewares/ST/STM32_USB_Device_Library/Core/Src/usbd_ctlreq.o
 .text.USBD_SetFeature
                0x0000000008006e08       0x52 ./Middlewares/ST/STM32_USB_Device_Library/Core/Src/usbd_ctlreq.o
 .text.USBD_ClrFeature
                0x0000000008006e5a       0x44 ./Middlewares/ST/STM32_USB_Device_Library/Core/Src/usbd_ctlreq.o
 .text.USBD_ParseSetupRequest
                0x0000000008006e9e       0x74 ./Middlewares/ST/STM32_USB_Device_Library/Core/Src/usbd_ctlreq.o
                0x0000000008006e9e                USBD_ParseSetupRequest
 .text.USBD_CtlError
                0x0000000008006f12       0x22 ./Middlewares/ST/STM32_USB_Device_Library/Core/Src/usbd_ctlreq.o
                0x0000000008006f12                USBD_CtlError
 .text.USBD_GetString
                0x0000000008006f34       0x8c ./Middlewares/ST/STM32_USB_Device_Library/Core/Src/usbd_ctlreq.o
                0x0000000008006f34                USBD_GetString
 .text.USBD_GetLen
                0x0000000008006fc0       0x34 ./Middlewares/ST/STM32_USB_Device_Library/Core/Src/usbd_ctlreq.o
 .text.USBD_CtlSendData
                0x0000000008006ff4       0x36 ./Middlewares/ST/STM32_USB_Device_Library/Core/Src/usbd_ioreq.o
                0x0000000008006ff4                USBD_CtlSendData
 .text.USBD_CtlContinueSendData
                0x000000000800702a       0x22 ./Middlewares/ST/STM32_USB_Device_Library/Core/Src/usbd_ioreq.o
                0x000000000800702a                USBD_CtlContinueSendData
 .text.USBD_CtlPrepareRx
                0x000000000800704c       0x3a ./Middlewares/ST/STM32_USB_Device_Library/Core/Src/usbd_ioreq.o
                0x000000000800704c                USBD_CtlPrepareRx
 .text.USBD_CtlContinueRx
                0x0000000008007086       0x22 ./Middlewares/ST/STM32_USB_Device_Library/Core/Src/usbd_ioreq.o
                0x0000000008007086                USBD_CtlContinueRx
 .text.USBD_CtlSendStatus
                0x00000000080070a8       0x26 ./Middlewares/ST/STM32_USB_Device_Library/Core/Src/usbd_ioreq.o
                0x00000000080070a8                USBD_CtlSendStatus
 .text.USBD_CtlReceiveStatus
                0x00000000080070ce       0x26 ./Middlewares/ST/STM32_USB_Device_Library/Core/Src/usbd_ioreq.o
                0x00000000080070ce                USBD_CtlReceiveStatus
 .text.MX_USB_DEVICE_Init
                0x00000000080070f4       0x60 ./USB_DEVICE/App/usb_device.o
                0x00000000080070f4                MX_USB_DEVICE_Init
 .text.CDC_Init_FS
                0x0000000008007154       0x70 ./USB_DEVICE/App/usbd_cdc_if.o
 .text.CDC_DeInit_FS
                0x00000000080071c4       0x10 ./USB_DEVICE/App/usbd_cdc_if.o
 .text.CDC_Control_FS
                0x00000000080071d4       0xe4 ./USB_DEVICE/App/usbd_cdc_if.o
 .text.CDC_Receive_FS
                0x00000000080072b8       0x84 ./USB_DEVICE/App/usbd_cdc_if.o
 .text.CDC_Transmit_FS
                0x000000000800733c       0x4c ./USB_DEVICE/App/usbd_cdc_if.o
                0x000000000800733c                CDC_Transmit_FS
 .text.CDC_TransmitCplt_FS
                0x0000000008007388       0x22 ./USB_DEVICE/App/usbd_cdc_if.o
 *fill*         0x00000000080073aa        0x2 
 .text.CDC_ReadRxBuffer_FS
                0x00000000080073ac       0x98 ./USB_DEVICE/App/usbd_cdc_if.o
                0x00000000080073ac                CDC_ReadRxBuffer_FS
 .text.CDC_GetRxBufferBytesAvailable_FS
                0x0000000008007444       0x50 ./USB_DEVICE/App/usbd_cdc_if.o
                0x0000000008007444                CDC_GetRxBufferBytesAvailable_FS
 .text.CDC_FlushRxBuffer_FS
                0x0000000008007494       0x2c ./USB_DEVICE/App/usbd_cdc_if.o
                0x0000000008007494                CDC_FlushRxBuffer_FS
 .text.USBD_FS_DeviceDescriptor
                0x00000000080074c0       0x24 ./USB_DEVICE/App/usbd_desc.o
                0x00000000080074c0                USBD_FS_DeviceDescriptor
 .text.USBD_FS_LangIDStrDescriptor
                0x00000000080074e4       0x24 ./USB_DEVICE/App/usbd_desc.o
                0x00000000080074e4                USBD_FS_LangIDStrDescriptor
 .text.USBD_FS_ProductStrDescriptor
                0x0000000008007508       0x3c ./USB_DEVICE/App/usbd_desc.o
                0x0000000008007508                USBD_FS_ProductStrDescriptor
 .text.USBD_FS_ManufacturerStrDescriptor
                0x0000000008007544       0x28 ./USB_DEVICE/App/usbd_desc.o
                0x0000000008007544                USBD_FS_ManufacturerStrDescriptor
 .text.USBD_FS_SerialStrDescriptor
                0x000000000800756c       0x24 ./USB_DEVICE/App/usbd_desc.o
                0x000000000800756c                USBD_FS_SerialStrDescriptor
 .text.USBD_FS_ConfigStrDescriptor
                0x0000000008007590       0x3c ./USB_DEVICE/App/usbd_desc.o
                0x0000000008007590                USBD_FS_ConfigStrDescriptor
 .text.USBD_FS_InterfaceStrDescriptor
                0x00000000080075cc       0x3c ./USB_DEVICE/App/usbd_desc.o
                0x00000000080075cc                USBD_FS_InterfaceStrDescriptor
 .text.Get_SerialNum
                0x0000000008007608       0x58 ./USB_DEVICE/App/usbd_desc.o
 .text.IntToUnicode
                0x0000000008007660       0x7e ./USB_DEVICE/App/usbd_desc.o
 *fill*         0x00000000080076de        0x2 
 .text.HAL_PCD_MspInit
                0x00000000080076e0       0xa8 ./USB_DEVICE/Target/usbd_conf.o
                0x00000000080076e0                HAL_PCD_MspInit
 .text.HAL_PCD_SetupStageCallback
                0x0000000008007788       0x24 ./USB_DEVICE/Target/usbd_conf.o
                0x0000000008007788                HAL_PCD_SetupStageCallback
 .text.HAL_PCD_DataOutStageCallback
                0x00000000080077ac       0x36 ./USB_DEVICE/Target/usbd_conf.o
                0x00000000080077ac                HAL_PCD_DataOutStageCallback
 .text.HAL_PCD_DataInStageCallback
                0x00000000080077e2       0x34 ./USB_DEVICE/Target/usbd_conf.o
                0x00000000080077e2                HAL_PCD_DataInStageCallback
 .text.HAL_PCD_SOFCallback
                0x0000000008007816       0x1c ./USB_DEVICE/Target/usbd_conf.o
                0x0000000008007816                HAL_PCD_SOFCallback
 .text.HAL_PCD_ResetCallback
                0x0000000008007832       0x3c ./USB_DEVICE/Target/usbd_conf.o
                0x0000000008007832                HAL_PCD_ResetCallback
 *fill*         0x000000000800786e        0x2 
 .text.HAL_PCD_SuspendCallback
                0x0000000008007870       0x4c ./USB_DEVICE/Target/usbd_conf.o
                0x0000000008007870                HAL_PCD_SuspendCallback
 .text.HAL_PCD_ResumeCallback
                0x00000000080078bc       0x1c ./USB_DEVICE/Target/usbd_conf.o
                0x00000000080078bc                HAL_PCD_ResumeCallback
 .text.HAL_PCD_ISOOUTIncompleteCallback
                0x00000000080078d8       0x24 ./USB_DEVICE/Target/usbd_conf.o
                0x00000000080078d8                HAL_PCD_ISOOUTIncompleteCallback
 .text.HAL_PCD_ISOINIncompleteCallback
                0x00000000080078fc       0x24 ./USB_DEVICE/Target/usbd_conf.o
                0x00000000080078fc                HAL_PCD_ISOINIncompleteCallback
 .text.HAL_PCD_ConnectCallback
                0x0000000008007920       0x1c ./USB_DEVICE/Target/usbd_conf.o
                0x0000000008007920                HAL_PCD_ConnectCallback
 .text.HAL_PCD_DisconnectCallback
                0x000000000800793c       0x1c ./USB_DEVICE/Target/usbd_conf.o
                0x000000000800793c                HAL_PCD_DisconnectCallback
 .text.USBD_LL_Init
                0x0000000008007958       0x98 ./USB_DEVICE/Target/usbd_conf.o
                0x0000000008007958                USBD_LL_Init
 .text.USBD_LL_Start
                0x00000000080079f0       0x36 ./USB_DEVICE/Target/usbd_conf.o
                0x00000000080079f0                USBD_LL_Start
 .text.USBD_LL_OpenEP
                0x0000000008007a26       0x4c ./USB_DEVICE/Target/usbd_conf.o
                0x0000000008007a26                USBD_LL_OpenEP
 .text.USBD_LL_CloseEP
                0x0000000008007a72       0x3e ./USB_DEVICE/Target/usbd_conf.o
                0x0000000008007a72                USBD_LL_CloseEP
 .text.USBD_LL_StallEP
                0x0000000008007ab0       0x3e ./USB_DEVICE/Target/usbd_conf.o
                0x0000000008007ab0                USBD_LL_StallEP
 .text.USBD_LL_ClearStallEP
                0x0000000008007aee       0x3e ./USB_DEVICE/Target/usbd_conf.o
                0x0000000008007aee                USBD_LL_ClearStallEP
 .text.USBD_LL_IsStallEP
                0x0000000008007b2c       0x58 ./USB_DEVICE/Target/usbd_conf.o
                0x0000000008007b2c                USBD_LL_IsStallEP
 .text.USBD_LL_SetUSBAddress
                0x0000000008007b84       0x3e ./USB_DEVICE/Target/usbd_conf.o
                0x0000000008007b84                USBD_LL_SetUSBAddress
 .text.USBD_LL_Transmit
                0x0000000008007bc2       0x42 ./USB_DEVICE/Target/usbd_conf.o
                0x0000000008007bc2                USBD_LL_Transmit
 .text.USBD_LL_PrepareReceive
                0x0000000008007c04       0x42 ./USB_DEVICE/Target/usbd_conf.o
                0x0000000008007c04                USBD_LL_PrepareReceive
 .text.USBD_LL_GetRxDataSize
                0x0000000008007c46       0x26 ./USB_DEVICE/Target/usbd_conf.o
                0x0000000008007c46                USBD_LL_GetRxDataSize
 .text.USBD_static_malloc
                0x0000000008007c6c       0x1c ./USB_DEVICE/Target/usbd_conf.o
                0x0000000008007c6c                USBD_static_malloc
 .text.USBD_static_free
                0x0000000008007c88       0x14 ./USB_DEVICE/Target/usbd_conf.o
                0x0000000008007c88                USBD_static_free
 .text.USBD_Get_USB_Status
                0x0000000008007c9c       0x58 ./USB_DEVICE/Target/usbd_conf.o
                0x0000000008007c9c                USBD_Get_USB_Status
 .text.__libc_init_array
                0x0000000008007cf4       0x48 c:/st/stm32cubeide_1.12.1/stm32cubeide/plugins/com.st.stm32cube.ide.mcu.externaltools.gnu-tools-for-stm32.10.3-2021.10.win32_1.0.200.202301161003/tools/bin/../lib/gcc/arm-none-eabi/10.3.1/../../../../arm-none-eabi/lib/thumb/v7e-m+fp/hard\libc_nano.a(lib_a-init.o)
                0x0000000008007cf4                __libc_init_array
 .text.memset   0x0000000008007d3c       0x10 c:/st/stm32cubeide_1.12.1/stm32cubeide/plugins/com.st.stm32cube.ide.mcu.externaltools.gnu-tools-for-stm32.10.3-2021.10.win32_1.0.200.202301161003/tools/bin/../lib/gcc/arm-none-eabi/10.3.1/../../../../arm-none-eabi/lib/thumb/v7e-m+fp/hard\libc_nano.a(lib_a-memset.o)
                0x0000000008007d3c                memset
 *(.glue_7)
 .glue_7        0x0000000008007d4c        0x0 linker stubs
 *(.glue_7t)
 .glue_7t       0x0000000008007d4c        0x0 linker stubs
 *(.eh_frame)
 .eh_frame      0x0000000008007d4c        0x0 c:/st/stm32cubeide_1.12.1/stm32cubeide/plugins/com.st.stm32cube.ide.mcu.externaltools.gnu-tools-for-stm32.10.3-2021.10.win32_1.0.200.202301161003/tools/bin/../lib/gcc/arm-none-eabi/10.3.1/thumb/v7e-m+fp/hard/crtbegin.o
 *(.init)
 .init          0x0000000008007d4c        0x4 c:/st/stm32cubeide_1.12.1/stm32cubeide/plugins/com.st.stm32cube.ide.mcu.externaltools.gnu-tools-for-stm32.10.3-2021.10.win32_1.0.200.202301161003/tools/bin/../lib/gcc/arm-none-eabi/10.3.1/thumb/v7e-m+fp/hard/crti.o
                0x0000000008007d4c                _init
 .init          0x0000000008007d50        0x8 c:/st/stm32cubeide_1.12.1/stm32cubeide/plugins/com.st.stm32cube.ide.mcu.externaltools.gnu-tools-for-stm32.10.3-2021.10.win32_1.0.200.202301161003/tools/bin/../lib/gcc/arm-none-eabi/10.3.1/thumb/v7e-m+fp/hard/crtn.o
 *(.fini)
 .fini          0x0000000008007d58        0x4 c:/st/stm32cubeide_1.12.1/stm32cubeide/plugins/com.st.stm32cube.ide.mcu.externaltools.gnu-tools-for-stm32.10.3-2021.10.win32_1.0.200.202301161003/tools/bin/../lib/gcc/arm-none-eabi/10.3.1/thumb/v7e-m+fp/hard/crti.o
                0x0000000008007d58                _fini
 .fini          0x0000000008007d5c        0x8 c:/st/stm32cubeide_1.12.1/stm32cubeide/plugins/com.st.stm32cube.ide.mcu.externaltools.gnu-tools-for-stm32.10.3-2021.10.win32_1.0.200.202301161003/tools/bin/../lib/gcc/arm-none-eabi/10.3.1/thumb/v7e-m+fp/hard/crtn.o
                0x0000000008007d64                . = ALIGN (0x4)
                0x0000000008007d64                _etext = .

.vfp11_veneer   0x0000000008007d64        0x0
 .vfp11_veneer  0x0000000008007d64        0x0 linker stubs

.v4_bx          0x0000000008007d64        0x0
 .v4_bx         0x0000000008007d64        0x0 linker stubs

.iplt           0x0000000008007d64        0x0
 .iplt          0x0000000008007d64        0x0 c:/st/stm32cubeide_1.12.1/stm32cubeide/plugins/com.st.stm32cube.ide.mcu.externaltools.gnu-tools-for-stm32.10.3-2021.10.win32_1.0.200.202301161003/tools/bin/../lib/gcc/arm-none-eabi/10.3.1/thumb/v7e-m+fp/hard/crtbegin.o

.rodata         0x0000000008007d64       0x5c
                0x0000000008007d64                . = ALIGN (0x4)
 *(.rodata)
 .rodata        0x0000000008007d64        0x3 ./Core/Src/bootloader.o
 *fill*         0x0000000008007d67        0x1 
 .rodata        0x0000000008007d68       0x46 ./USB_DEVICE/App/usbd_desc.o
 *(.rodata*)
 *fill*         0x0000000008007dae        0x2 
 .rodata.AHBPrescTable
                0x0000000008007db0       0x10 ./Core/Src/system_stm32f4xx.o
                0x0000000008007db0                AHBPrescTable
                0x0000000008007dc0                . = ALIGN (0x4)

.ARM.extab      0x0000000008007dc0        0x0
                0x0000000008007dc0                . = ALIGN (0x4)
 *(.ARM.extab* .gnu.linkonce.armextab.*)
                0x0000000008007dc0                . = ALIGN (0x4)

.ARM            0x0000000008007dc0        0x8
                0x0000000008007dc0                . = ALIGN (0x4)
                0x0000000008007dc0                __exidx_start = .
 *(.ARM.exidx*)
 .ARM.exidx     0x0000000008007dc0        0x8 c:/st/stm32cubeide_1.12.1/stm32cubeide/plugins/com.st.stm32cube.ide.mcu.externaltools.gnu-tools-for-stm32.10.3-2021.10.win32_1.0.200.202301161003/tools/bin/../lib/gcc/arm-none-eabi/10.3.1/thumb/v7e-m+fp/hard\libgcc.a(_udivmoddi4.o)
                0x0000000008007dc8                __exidx_end = .
                0x0000000008007dc8                . = ALIGN (0x4)

.rel.dyn        0x0000000008007dc8        0x0
 .rel.iplt      0x0000000008007dc8        0x0 c:/st/stm32cubeide_1.12.1/stm32cubeide/plugins/com.st.stm32cube.ide.mcu.externaltools.gnu-tools-for-stm32.10.3-2021.10.win32_1.0.200.202301161003/tools/bin/../lib/gcc/arm-none-eabi/10.3.1/thumb/v7e-m+fp/hard/crtbegin.o

.preinit_array  0x0000000008007dc8        0x0
                0x0000000008007dc8                . = ALIGN (0x4)
                0x0000000008007dc8                PROVIDE (__preinit_array_start = .)
 *(.preinit_array*)
                0x0000000008007dc8                PROVIDE (__preinit_array_end = .)
                0x0000000008007dc8                . = ALIGN (0x4)

.init_array     0x0000000008007dc8        0x4
                0x0000000008007dc8                . = ALIGN (0x4)
                0x0000000008007dc8                PROVIDE (__init_array_start = .)
 *(SORT_BY_NAME(.init_array.*))
 *(.init_array*)
 .init_array    0x0000000008007dc8        0x4 c:/st/stm32cubeide_1.12.1/stm32cubeide/plugins/com.st.stm32cube.ide.mcu.externaltools.gnu-tools-for-stm32.10.3-2021.10.win32_1.0.200.202301161003/tools/bin/../lib/gcc/arm-none-eabi/10.3.1/thumb/v7e-m+fp/hard/crtbegin.o
                0x0000000008007dcc                PROVIDE (__init_array_end = .)
                0x0000000008007dcc                . = ALIGN (0x4)

.fini_array     0x0000000008007dcc        0x4
                0x0000000008007dcc                . = ALIGN (0x4)
                [!provide]                        PROVIDE (__fini_array_start = .)
 *(SORT_BY_NAME(.fini_array.*))
 *(.fini_array*)
 .fini_array    0x0000000008007dcc        0x4 c:/st/stm32cubeide_1.12.1/stm32cubeide/plugins/com.st.stm32cube.ide.mcu.externaltools.gnu-tools-for-stm32.10.3-2021.10.win32_1.0.200.202301161003/tools/bin/../lib/gcc/arm-none-eabi/10.3.1/thumb/v7e-m+fp/hard/crtbegin.o
                [!provide]                        PROVIDE (__fini_array_end = .)
                0x0000000008007dd0                . = ALIGN (0x4)
                0x0000000008007dd0                _sidata = LOADADDR (.data)

.data           0x0000000020000000       0xfc load address 0x0000000008007dd0
                0x0000000020000000                . = ALIGN (0x4)
                0x0000000020000000                _sdata = .
 *(.data)
 *(.data*)
 .data.SystemCoreClock
                0x0000000020000000        0x4 ./Core/Src/system_stm32f4xx.o
                0x0000000020000000                SystemCoreClock
 .data.uwTickPrio
                0x0000000020000004        0x4 ./Drivers/STM32F4xx_HAL_Driver/Src/stm32f4xx_hal.o
                0x0000000020000004                uwTickPrio
 .data.uwTickFreq
                0x0000000020000008        0x1 ./Drivers/STM32F4xx_HAL_Driver/Src/stm32f4xx_hal.o
                0x0000000020000008                uwTickFreq
 *fill*         0x0000000020000009        0x3 
 .data.USBD_CDC_DeviceQualifierDesc
                0x000000002000000c        0xa ./Middlewares/ST/STM32_USB_Device_Library/Class/CDC/Src/usbd_cdc.o
 *fill*         0x0000000020000016        0x2 
 .data.USBD_CDC
                0x0000000020000018       0x38 ./Middlewares/ST/STM32_USB_Device_Library/Class/CDC/Src/usbd_cdc.o
                0x0000000020000018                USBD_CDC
 .data.USBD_CDC_CfgDesc
                0x0000000020000050       0x43 ./Middlewares/ST/STM32_USB_Device_Library/Class/CDC/Src/usbd_cdc.o
 .data.CDCInEpAdd
                0x0000000020000093        0x1 ./Middlewares/ST/STM32_USB_Device_Library/Class/CDC/Src/usbd_cdc.o
 .data.CDCOutEpAdd
                0x0000000020000094        0x1 ./Middlewares/ST/STM32_USB_Device_Library/Class/CDC/Src/usbd_cdc.o
 .data.CDCCmdEpAdd
                0x0000000020000095        0x1 ./Middlewares/ST/STM32_USB_Device_Library/Class/CDC/Src/usbd_cdc.o
 *fill*         0x0000000020000096        0x2 
 .data.USBD_Interface_fops_FS
                0x0000000020000098       0x14 ./USB_DEVICE/App/usbd_cdc_if.o
                0x0000000020000098                USBD_Interface_fops_FS
 .data.FS_Desc  0x00000000200000ac       0x1c ./USB_DEVICE/App/usbd_desc.o
                0x00000000200000ac                FS_Desc
 .data.USBD_FS_DeviceDesc
                0x00000000200000c8       0x12 ./USB_DEVICE/App/usbd_desc.o
                0x00000000200000c8                USBD_FS_DeviceDesc
 *fill*         0x00000000200000da        0x2 
 .data.USBD_LangIDDesc
                0x00000000200000dc        0x4 ./USB_DEVICE/App/usbd_desc.o
                0x00000000200000dc                USBD_LangIDDesc
 .data.USBD_StringSerial
                0x00000000200000e0       0x1a ./USB_DEVICE/App/usbd_desc.o
                0x00000000200000e0                USBD_StringSerial
 *(.RamFunc)
 *(.RamFunc*)
                0x00000000200000fc                . = ALIGN (0x4)
 *fill*         0x00000000200000fa        0x2 
                0x00000000200000fc                _edata = .

.igot.plt       0x00000000200000fc        0x0 load address 0x0000000008007ecc
 .igot.plt      0x00000000200000fc        0x0 c:/st/stm32cubeide_1.12.1/stm32cubeide/plugins/com.st.stm32cube.ide.mcu.externaltools.gnu-tools-for-stm32.10.3-2021.10.win32_1.0.200.202301161003/tools/bin/../lib/gcc/arm-none-eabi/10.3.1/thumb/v7e-m+fp/hard/crtbegin.o
                0x00000000200000fc                . = ALIGN (0x4)

.bss            0x00000000200000fc     0x20e4 load address 0x0000000008007ecc
                0x00000000200000fc                _sbss = .
                0x00000000200000fc                __bss_start__ = _sbss
 *(.bss)
 .bss           0x00000000200000fc       0x1c c:/st/stm32cubeide_1.12.1/stm32cubeide/plugins/com.st.stm32cube.ide.mcu.externaltools.gnu-tools-for-stm32.10.3-2021.10.win32_1.0.200.202301161003/tools/bin/../lib/gcc/arm-none-eabi/10.3.1/thumb/v7e-m+fp/hard/crtbegin.o
 *(.bss*)
 .bss.packet_buffer
                0x0000000020000118       0x80 ./Core/Src/bootloader.o
 .bss.error_id  0x0000000020000198        0x1 ./Core/Src/bootloader.o
 *fill*         0x0000000020000199        0x3 
 .bss.hcrc      0x000000002000019c        0x8 ./Core/Src/main.o
                0x000000002000019c                hcrc
 .bss.uwTick    0x00000000200001a4        0x4 ./Drivers/STM32F4xx_HAL_Driver/Src/stm32f4xx_hal.o
                0x00000000200001a4                uwTick
 .bss.pFlash    0x00000000200001a8       0x20 ./Drivers/STM32F4xx_HAL_Driver/Src/stm32f4xx_hal_flash.o
                0x00000000200001a8                pFlash
 .bss.cfgidx.0  0x00000000200001c8        0x1 ./Middlewares/ST/STM32_USB_Device_Library/Core/Src/usbd_ctlreq.o
 *fill*         0x00000000200001c9        0x3 
 .bss.hUsbDeviceFS
                0x00000000200001cc      0x2dc ./USB_DEVICE/App/usb_device.o
                0x00000000200001cc                hUsbDeviceFS
 .bss.UserRxBufferFS
                0x00000000200004a8      0x800 ./USB_DEVICE/App/usbd_cdc_if.o
                0x00000000200004a8                UserRxBufferFS
 .bss.UserTxBufferFS
                0x0000000020000ca8      0x800 ./USB_DEVICE/App/usbd_cdc_if.o
                0x0000000020000ca8                UserTxBufferFS
 .bss.linecoding_cfg
                0x00000000200014a8        0x7 ./USB_DEVICE/App/usbd_cdc_if.o
                0x00000000200014a8                linecoding_cfg
 *fill*         0x00000000200014af        0x1 
 .bss.rxBuffer  0x00000000200014b0      0x400 ./USB_DEVICE/App/usbd_cdc_if.o
                0x00000000200014b0                rxBuffer
 .bss.rxBufferHeadPos
                0x00000000200018b0        0x2 ./USB_DEVICE/App/usbd_cdc_if.o
                0x00000000200018b0                rxBufferHeadPos
 .bss.rxBufferTailPos
                0x00000000200018b2        0x2 ./USB_DEVICE/App/usbd_cdc_if.o
                0x00000000200018b2                rxBufferTailPos
 .bss.USBD_StrDesc
                0x00000000200018b4      0x200 ./USB_DEVICE/App/usbd_desc.o
                0x00000000200018b4                USBD_StrDesc
 .bss.hpcd_USB_OTG_FS
                0x0000000020001ab4      0x50c ./USB_DEVICE/Target/usbd_conf.o
                0x0000000020001ab4                hpcd_USB_OTG_FS
 .bss.mem.0     0x0000000020001fc0      0x220 ./USB_DEVICE/Target/usbd_conf.o
 *(COMMON)
                0x00000000200021e0                . = ALIGN (0x4)
                0x00000000200021e0                _ebss = .
                0x00000000200021e0                __bss_end__ = _ebss

._user_heap_stack
                0x00000000200021e0      0x600 load address 0x0000000008007ecc
                0x00000000200021e0                . = ALIGN (0x8)
                [!provide]                        PROVIDE (end = .)
                0x00000000200021e0                PROVIDE (_end = .)
                0x00000000200023e0                . = (. + _Min_Heap_Size)
 *fill*         0x00000000200021e0      0x200 
                0x00000000200027e0                . = (. + _Min_Stack_Size)
 *fill*         0x00000000200023e0      0x400 
                0x00000000200027e0                . = ALIGN (0x8)

/DISCARD/
 libc.a(*)
 libm.a(*)
 libgcc.a(*)

.ARM.attributes
                0x0000000000000000       0x30
 *(.ARM.attributes)
 .ARM.attributes
                0x0000000000000000       0x1e c:/st/stm32cubeide_1.12.1/stm32cubeide/plugins/com.st.stm32cube.ide.mcu.externaltools.gnu-tools-for-stm32.10.3-2021.10.win32_1.0.200.202301161003/tools/bin/../lib/gcc/arm-none-eabi/10.3.1/thumb/v7e-m+fp/hard/crti.o
 .ARM.attributes
                0x000000000000001e       0x34 c:/st/stm32cubeide_1.12.1/stm32cubeide/plugins/com.st.stm32cube.ide.mcu.externaltools.gnu-tools-for-stm32.10.3-2021.10.win32_1.0.200.202301161003/tools/bin/../lib/gcc/arm-none-eabi/10.3.1/thumb/v7e-m+fp/hard/crtbegin.o
 .ARM.attributes
                0x0000000000000052       0x34 ./Core/Src/bootloader.o
 .ARM.attributes
                0x0000000000000086       0x34 ./Core/Src/flash.o
 .ARM.attributes
                0x00000000000000ba       0x34 ./Core/Src/main.o
 .ARM.attributes
                0x00000000000000ee       0x34 ./Core/Src/stm32f4xx_hal_msp.o
 .ARM.attributes
                0x0000000000000122       0x34 ./Core/Src/stm32f4xx_it.o
 .ARM.attributes
                0x0000000000000156       0x34 ./Core/Src/system_stm32f4xx.o
 .ARM.attributes
                0x000000000000018a       0x21 ./Core/Startup/startup_stm32f411ceux.o
 .ARM.attributes
                0x00000000000001ab       0x34 ./Drivers/STM32F4xx_HAL_Driver/Src/stm32f4xx_hal.o
 .ARM.attributes
                0x00000000000001df       0x34 ./Drivers/STM32F4xx_HAL_Driver/Src/stm32f4xx_hal_cortex.o
 .ARM.attributes
                0x0000000000000213       0x34 ./Drivers/STM32F4xx_HAL_Driver/Src/stm32f4xx_hal_crc.o
 .ARM.attributes
                0x0000000000000247       0x34 ./Drivers/STM32F4xx_HAL_Driver/Src/stm32f4xx_hal_flash.o
 .ARM.attributes
                0x000000000000027b       0x34 ./Drivers/STM32F4xx_HAL_Driver/Src/stm32f4xx_hal_flash_ex.o
 .ARM.attributes
                0x00000000000002af       0x34 ./Drivers/STM32F4xx_HAL_Driver/Src/stm32f4xx_hal_gpio.o
 .ARM.attributes
                0x00000000000002e3       0x34 ./Drivers/STM32F4xx_HAL_Driver/Src/stm32f4xx_hal_pcd.o
 .ARM.attributes
                0x0000000000000317       0x34 ./Drivers/STM32F4xx_HAL_Driver/Src/stm32f4xx_hal_pcd_ex.o
 .ARM.attributes
                0x000000000000034b       0x34 ./Drivers/STM32F4xx_HAL_Driver/Src/stm32f4xx_hal_rcc.o
 .ARM.attributes
                0x000000000000037f       0x34 ./Drivers/STM32F4xx_HAL_Driver/Src/stm32f4xx_hal_rcc_ex.o
 .ARM.attributes
                0x00000000000003b3       0x34 ./Drivers/STM32F4xx_HAL_Driver/Src/stm32f4xx_ll_usb.o
 .ARM.attributes
                0x00000000000003e7       0x34 ./Middlewares/ST/STM32_USB_Device_Library/Class/CDC/Src/usbd_cdc.o
 .ARM.attributes
                0x000000000000041b       0x34 ./Middlewares/ST/STM32_USB_Device_Library/Core/Src/usbd_core.o
 .ARM.attributes
                0x000000000000044f       0x34 ./Middlewares/ST/STM32_USB_Device_Library/Core/Src/usbd_ctlreq.o
 .ARM.attributes
                0x0000000000000483       0x34 ./Middlewares/ST/STM32_USB_Device_Library/Core/Src/usbd_ioreq.o
 .ARM.attributes
                0x00000000000004b7       0x34 ./USB_DEVICE/App/usb_device.o
 .ARM.attributes
                0x00000000000004eb       0x34 ./USB_DEVICE/App/usbd_cdc_if.o
 .ARM.attributes
                0x000000000000051f       0x34 ./USB_DEVICE/App/usbd_desc.o
 .ARM.attributes
                0x0000000000000553       0x34 ./USB_DEVICE/Target/usbd_conf.o
 .ARM.attributes
                0x0000000000000587       0x34 c:/st/stm32cubeide_1.12.1/stm32cubeide/plugins/com.st.stm32cube.ide.mcu.externaltools.gnu-tools-for-stm32.10.3-2021.10.win32_1.0.200.202301161003/tools/bin/../lib/gcc/arm-none-eabi/10.3.1/../../../../arm-none-eabi/lib/thumb/v7e-m+fp/hard\libc_nano.a(lib_a-init.o)
 .ARM.attributes
                0x00000000000005bb       0x34 c:/st/stm32cubeide_1.12.1/stm32cubeide/plugins/com.st.stm32cube.ide.mcu.externaltools.gnu-tools-for-stm32.10.3-2021.10.win32_1.0.200.202301161003/tools/bin/../lib/gcc/arm-none-eabi/10.3.1/../../../../arm-none-eabi/lib/thumb/v7e-m+fp/hard\libc_nano.a(lib_a-memset.o)
 .ARM.attributes
                0x00000000000005ef       0x1e c:/st/stm32cubeide_1.12.1/stm32cubeide/plugins/com.st.stm32cube.ide.mcu.externaltools.gnu-tools-for-stm32.10.3-2021.10.win32_1.0.200.202301161003/tools/bin/../lib/gcc/arm-none-eabi/10.3.1/thumb/v7e-m+fp/hard\libgcc.a(_aeabi_uldivmod.o)
 .ARM.attributes
                0x000000000000060d       0x34 c:/st/stm32cubeide_1.12.1/stm32cubeide/plugins/com.st.stm32cube.ide.mcu.externaltools.gnu-tools-for-stm32.10.3-2021.10.win32_1.0.200.202301161003/tools/bin/../lib/gcc/arm-none-eabi/10.3.1/thumb/v7e-m+fp/hard\libgcc.a(_udivmoddi4.o)
 .ARM.attributes
                0x0000000000000641       0x1e c:/st/stm32cubeide_1.12.1/stm32cubeide/plugins/com.st.stm32cube.ide.mcu.externaltools.gnu-tools-for-stm32.10.3-2021.10.win32_1.0.200.202301161003/tools/bin/../lib/gcc/arm-none-eabi/10.3.1/thumb/v7e-m+fp/hard\libgcc.a(_dvmd_tls.o)
 .ARM.attributes
                0x000000000000065f       0x1e c:/st/stm32cubeide_1.12.1/stm32cubeide/plugins/com.st.stm32cube.ide.mcu.externaltools.gnu-tools-for-stm32.10.3-2021.10.win32_1.0.200.202301161003/tools/bin/../lib/gcc/arm-none-eabi/10.3.1/thumb/v7e-m+fp/hard/crtn.o
OUTPUT(Bootloader.elf elf32-littlearm)
LOAD linker stubs
LOAD c:/st/stm32cubeide_1.12.1/stm32cubeide/plugins/com.st.stm32cube.ide.mcu.externaltools.gnu-tools-for-stm32.10.3-2021.10.win32_1.0.200.202301161003/tools/bin/../lib/gcc/arm-none-eabi/10.3.1/../../../../arm-none-eabi/lib/thumb/v7e-m+fp/hard\libc.a
LOAD c:/st/stm32cubeide_1.12.1/stm32cubeide/plugins/com.st.stm32cube.ide.mcu.externaltools.gnu-tools-for-stm32.10.3-2021.10.win32_1.0.200.202301161003/tools/bin/../lib/gcc/arm-none-eabi/10.3.1/../../../../arm-none-eabi/lib/thumb/v7e-m+fp/hard\libm.a
LOAD c:/st/stm32cubeide_1.12.1/stm32cubeide/plugins/com.st.stm32cube.ide.mcu.externaltools.gnu-tools-for-stm32.10.3-2021.10.win32_1.0.200.202301161003/tools/bin/../lib/gcc/arm-none-eabi/10.3.1/thumb/v7e-m+fp/hard\libgcc.a

.debug_info     0x0000000000000000    0x10738
 .debug_info    0x0000000000000000      0x85a ./Core/Src/bootloader.o
 .debug_info    0x000000000000085a      0x538 ./Core/Src/flash.o
 .debug_info    0x0000000000000d92      0x8ea ./Core/Src/main.o
 .debug_info    0x000000000000167c      0x471 ./Core/Src/stm32f4xx_hal_msp.o
 .debug_info    0x0000000000001aed      0x650 ./Core/Src/stm32f4xx_it.o
 .debug_info    0x000000000000213d      0x54f ./Core/Src/system_stm32f4xx.o
 .debug_info    0x000000000000268c       0x22 ./Core/Startup/startup_stm32f411ceux.o
 .debug_info    0x00000000000026ae      0x90d ./Drivers/STM32F4xx_HAL_Driver/Src/stm32f4xx_hal.o
 .debug_info    0x0000000000002fbb      0xd8b ./Drivers/STM32F4xx_HAL_Driver/Src/stm32f4xx_hal_cortex.o
 .debug_info    0x0000000000003d46      0x39f ./Drivers/STM32F4xx_HAL_Driver/Src/stm32f4xx_hal_crc.o
 .debug_info    0x00000000000040e5      0x5cd ./Drivers/STM32F4xx_HAL_Driver/Src/stm32f4xx_hal_flash.o
 .debug_info    0x00000000000046b2      0x83e ./Drivers/STM32F4xx_HAL_Driver/Src/stm32f4xx_hal_flash_ex.o
 .debug_info    0x0000000000004ef0      0x78e ./Drivers/STM32F4xx_HAL_Driver/Src/stm32f4xx_hal_gpio.o
 .debug_info    0x000000000000567e     0x168d ./Drivers/STM32F4xx_HAL_Driver/Src/stm32f4xx_hal_pcd.o
 .debug_info    0x0000000000006d0b      0x717 ./Drivers/STM32F4xx_HAL_Driver/Src/stm32f4xx_hal_pcd_ex.o
 .debug_info    0x0000000000007422      0x98d ./Drivers/STM32F4xx_HAL_Driver/Src/stm32f4xx_hal_rcc.o
 .debug_info    0x0000000000007daf      0x5d9 ./Drivers/STM32F4xx_HAL_Driver/Src/stm32f4xx_hal_rcc_ex.o
 .debug_info    0x0000000000008388     0x1a97 ./Drivers/STM32F4xx_HAL_Driver/Src/stm32f4xx_ll_usb.o
 .debug_info    0x0000000000009e1f     0x130c ./Middlewares/ST/STM32_USB_Device_Library/Class/CDC/Src/usbd_cdc.o
 .debug_info    0x000000000000b12b      0xee7 ./Middlewares/ST/STM32_USB_Device_Library/Core/Src/usbd_core.o
 .debug_info    0x000000000000c012      0xb7f ./Middlewares/ST/STM32_USB_Device_Library/Core/Src/usbd_ctlreq.o
 .debug_info    0x000000000000cb91      0x7da ./Middlewares/ST/STM32_USB_Device_Library/Core/Src/usbd_ioreq.o
 .debug_info    0x000000000000d36b      0x76a ./USB_DEVICE/App/usb_device.o
 .debug_info    0x000000000000dad5      0xb10 ./USB_DEVICE/App/usbd_cdc_if.o
 .debug_info    0x000000000000e5e5      0x498 ./USB_DEVICE/App/usbd_desc.o
 .debug_info    0x000000000000ea7d     0x1cbb ./USB_DEVICE/Target/usbd_conf.o

.debug_abbrev   0x0000000000000000     0x35c1
 .debug_abbrev  0x0000000000000000      0x227 ./Core/Src/bootloader.o
 .debug_abbrev  0x0000000000000227      0x1bb ./Core/Src/flash.o
 .debug_abbrev  0x00000000000003e2      0x250 ./Core/Src/main.o
 .debug_abbrev  0x0000000000000632      0x157 ./Core/Src/stm32f4xx_hal_msp.o
 .debug_abbrev  0x0000000000000789      0x199 ./Core/Src/stm32f4xx_it.o
 .debug_abbrev  0x0000000000000922      0x116 ./Core/Src/system_stm32f4xx.o
 .debug_abbrev  0x0000000000000a38       0x12 ./Core/Startup/startup_stm32f411ceux.o
 .debug_abbrev  0x0000000000000a4a      0x23e ./Drivers/STM32F4xx_HAL_Driver/Src/stm32f4xx_hal.o
 .debug_abbrev  0x0000000000000c88      0x316 ./Drivers/STM32F4xx_HAL_Driver/Src/stm32f4xx_hal_cortex.o
 .debug_abbrev  0x0000000000000f9e      0x16f ./Drivers/STM32F4xx_HAL_Driver/Src/stm32f4xx_hal_crc.o
 .debug_abbrev  0x000000000000110d      0x283 ./Drivers/STM32F4xx_HAL_Driver/Src/stm32f4xx_hal_flash.o
 .debug_abbrev  0x0000000000001390      0x260 ./Drivers/STM32F4xx_HAL_Driver/Src/stm32f4xx_hal_flash_ex.o
 .debug_abbrev  0x00000000000015f0      0x1c4 ./Drivers/STM32F4xx_HAL_Driver/Src/stm32f4xx_hal_gpio.o
 .debug_abbrev  0x00000000000017b4      0x2bb ./Drivers/STM32F4xx_HAL_Driver/Src/stm32f4xx_hal_pcd.o
 .debug_abbrev  0x0000000000001a6f      0x1ce ./Drivers/STM32F4xx_HAL_Driver/Src/stm32f4xx_hal_pcd_ex.o
 .debug_abbrev  0x0000000000001c3d      0x2aa ./Drivers/STM32F4xx_HAL_Driver/Src/stm32f4xx_hal_rcc.o
 .debug_abbrev  0x0000000000001ee7      0x1a8 ./Drivers/STM32F4xx_HAL_Driver/Src/stm32f4xx_hal_rcc_ex.o
 .debug_abbrev  0x000000000000208f      0x296 ./Drivers/STM32F4xx_HAL_Driver/Src/stm32f4xx_ll_usb.o
 .debug_abbrev  0x0000000000002325      0x2be ./Middlewares/ST/STM32_USB_Device_Library/Class/CDC/Src/usbd_cdc.o
 .debug_abbrev  0x00000000000025e3      0x263 ./Middlewares/ST/STM32_USB_Device_Library/Core/Src/usbd_core.o
 .debug_abbrev  0x0000000000002846      0x25c ./Middlewares/ST/STM32_USB_Device_Library/Core/Src/usbd_ctlreq.o
 .debug_abbrev  0x0000000000002aa2      0x18a ./Middlewares/ST/STM32_USB_Device_Library/Core/Src/usbd_ioreq.o
 .debug_abbrev  0x0000000000002c2c      0x18a ./USB_DEVICE/App/usb_device.o
 .debug_abbrev  0x0000000000002db6      0x306 ./USB_DEVICE/App/usbd_cdc_if.o
 .debug_abbrev  0x00000000000030bc      0x1da ./USB_DEVICE/App/usbd_desc.o
 .debug_abbrev  0x0000000000003296      0x32b ./USB_DEVICE/Target/usbd_conf.o

.debug_aranges  0x0000000000000000      0xe18
 .debug_aranges
                0x0000000000000000       0x68 ./Core/Src/bootloader.o
 .debug_aranges
                0x0000000000000068       0x40 ./Core/Src/flash.o
 .debug_aranges
                0x00000000000000a8       0x40 ./Core/Src/main.o
 .debug_aranges
                0x00000000000000e8       0x30 ./Core/Src/stm32f4xx_hal_msp.o
 .debug_aranges
                0x0000000000000118       0x68 ./Core/Src/stm32f4xx_it.o
 .debug_aranges
                0x0000000000000180       0x28 ./Core/Src/system_stm32f4xx.o
 .debug_aranges
                0x00000000000001a8       0x28 ./Core/Startup/startup_stm32f411ceux.o
 .debug_aranges
                0x00000000000001d0       0xf0 ./Drivers/STM32F4xx_HAL_Driver/Src/stm32f4xx_hal.o
 .debug_aranges
                0x00000000000002c0      0x118 ./Drivers/STM32F4xx_HAL_Driver/Src/stm32f4xx_hal_cortex.o
 .debug_aranges
                0x00000000000003d8       0x50 ./Drivers/STM32F4xx_HAL_Driver/Src/stm32f4xx_hal_crc.o
 .debug_aranges
                0x0000000000000428       0xa0 ./Drivers/STM32F4xx_HAL_Driver/Src/stm32f4xx_hal_flash.o
 .debug_aranges
                0x00000000000004c8       0xc8 ./Drivers/STM32F4xx_HAL_Driver/Src/stm32f4xx_hal_flash_ex.o
 .debug_aranges
                0x0000000000000590       0x58 ./Drivers/STM32F4xx_HAL_Driver/Src/stm32f4xx_hal_gpio.o
 .debug_aranges
                0x00000000000005e8      0x148 ./Drivers/STM32F4xx_HAL_Driver/Src/stm32f4xx_hal_pcd.o
 .debug_aranges
                0x0000000000000730       0x38 ./Drivers/STM32F4xx_HAL_Driver/Src/stm32f4xx_hal_pcd_ex.o
 .debug_aranges
                0x0000000000000768       0x88 ./Drivers/STM32F4xx_HAL_Driver/Src/stm32f4xx_hal_rcc.o
 .debug_aranges
                0x00000000000007f0       0x50 ./Drivers/STM32F4xx_HAL_Driver/Src/stm32f4xx_hal_rcc_ex.o
 .debug_aranges
                0x0000000000000840      0x1a0 ./Drivers/STM32F4xx_HAL_Driver/Src/stm32f4xx_ll_usb.o
 .debug_aranges
                0x00000000000009e0       0x90 ./Middlewares/ST/STM32_USB_Device_Library/Class/CDC/Src/usbd_cdc.o
 .debug_aranges
                0x0000000000000a70       0xd8 ./Middlewares/ST/STM32_USB_Device_Library/Core/Src/usbd_core.o
 .debug_aranges
                0x0000000000000b48       0x90 ./Middlewares/ST/STM32_USB_Device_Library/Core/Src/usbd_ctlreq.o
 .debug_aranges
                0x0000000000000bd8       0x50 ./Middlewares/ST/STM32_USB_Device_Library/Core/Src/usbd_ioreq.o
 .debug_aranges
                0x0000000000000c28       0x20 ./USB_DEVICE/App/usb_device.o
 .debug_aranges
                0x0000000000000c48       0x60 ./USB_DEVICE/App/usbd_cdc_if.o
 .debug_aranges
                0x0000000000000ca8       0x60 ./USB_DEVICE/App/usbd_desc.o
 .debug_aranges
                0x0000000000000d08      0x110 ./USB_DEVICE/Target/usbd_conf.o

.debug_ranges   0x0000000000000000      0xc80
 .debug_ranges  0x0000000000000000       0x58 ./Core/Src/bootloader.o
 .debug_ranges  0x0000000000000058       0x30 ./Core/Src/flash.o
 .debug_ranges  0x0000000000000088       0x30 ./Core/Src/main.o
 .debug_ranges  0x00000000000000b8       0x20 ./Core/Src/stm32f4xx_hal_msp.o
 .debug_ranges  0x00000000000000d8       0x58 ./Core/Src/stm32f4xx_it.o
 .debug_ranges  0x0000000000000130       0x18 ./Core/Src/system_stm32f4xx.o
 .debug_ranges  0x0000000000000148       0x20 ./Core/Startup/startup_stm32f411ceux.o
 .debug_ranges  0x0000000000000168       0xe0 ./Drivers/STM32F4xx_HAL_Driver/Src/stm32f4xx_hal.o
 .debug_ranges  0x0000000000000248      0x108 ./Drivers/STM32F4xx_HAL_Driver/Src/stm32f4xx_hal_cortex.o
 .debug_ranges  0x0000000000000350       0x40 ./Drivers/STM32F4xx_HAL_Driver/Src/stm32f4xx_hal_crc.o
 .debug_ranges  0x0000000000000390       0x90 ./Drivers/STM32F4xx_HAL_Driver/Src/stm32f4xx_hal_flash.o
 .debug_ranges  0x0000000000000420       0xb8 ./Drivers/STM32F4xx_HAL_Driver/Src/stm32f4xx_hal_flash_ex.o
 .debug_ranges  0x00000000000004d8       0x48 ./Drivers/STM32F4xx_HAL_Driver/Src/stm32f4xx_hal_gpio.o
 .debug_ranges  0x0000000000000520      0x138 ./Drivers/STM32F4xx_HAL_Driver/Src/stm32f4xx_hal_pcd.o
 .debug_ranges  0x0000000000000658       0x28 ./Drivers/STM32F4xx_HAL_Driver/Src/stm32f4xx_hal_pcd_ex.o
 .debug_ranges  0x0000000000000680       0x78 ./Drivers/STM32F4xx_HAL_Driver/Src/stm32f4xx_hal_rcc.o
 .debug_ranges  0x00000000000006f8       0x40 ./Drivers/STM32F4xx_HAL_Driver/Src/stm32f4xx_hal_rcc_ex.o
 .debug_ranges  0x0000000000000738      0x190 ./Drivers/STM32F4xx_HAL_Driver/Src/stm32f4xx_ll_usb.o
 .debug_ranges  0x00000000000008c8       0x80 ./Middlewares/ST/STM32_USB_Device_Library/Class/CDC/Src/usbd_cdc.o
 .debug_ranges  0x0000000000000948       0xc8 ./Middlewares/ST/STM32_USB_Device_Library/Core/Src/usbd_core.o
 .debug_ranges  0x0000000000000a10       0x80 ./Middlewares/ST/STM32_USB_Device_Library/Core/Src/usbd_ctlreq.o
 .debug_ranges  0x0000000000000a90       0x40 ./Middlewares/ST/STM32_USB_Device_Library/Core/Src/usbd_ioreq.o
 .debug_ranges  0x0000000000000ad0       0x10 ./USB_DEVICE/App/usb_device.o
 .debug_ranges  0x0000000000000ae0       0x50 ./USB_DEVICE/App/usbd_cdc_if.o
 .debug_ranges  0x0000000000000b30       0x50 ./USB_DEVICE/App/usbd_desc.o
 .debug_ranges  0x0000000000000b80      0x100 ./USB_DEVICE/Target/usbd_conf.o

.debug_macro    0x0000000000000000    0x1942d
 .debug_macro   0x0000000000000000      0x442 ./Core/Src/bootloader.o
 .debug_macro   0x0000000000000442      0xa78 ./Core/Src/bootloader.o
 .debug_macro   0x0000000000000eba       0x22 ./Core/Src/bootloader.o
 .debug_macro   0x0000000000000edc       0x4c ./Core/Src/bootloader.o
 .debug_macro   0x0000000000000f28       0x1e ./Core/Src/bootloader.o
 .debug_macro   0x0000000000000f46       0x94 ./Core/Src/bootloader.o
 .debug_macro   0x0000000000000fda       0x3c ./Core/Src/bootloader.o
 .debug_macro   0x0000000000001016       0x34 ./Core/Src/bootloader.o
 .debug_macro   0x000000000000104a       0x16 ./Core/Src/bootloader.o
 .debug_macro   0x0000000000001060       0x57 ./Core/Src/bootloader.o
 .debug_macro   0x00000000000010b7       0x97 ./Core/Src/bootloader.o
 .debug_macro   0x000000000000114e      0x341 ./Core/Src/bootloader.o
 .debug_macro   0x000000000000148f       0xfd ./Core/Src/bootloader.o
 .debug_macro   0x000000000000158c       0x10 ./Core/Src/bootloader.o
 .debug_macro   0x000000000000159c       0x16 ./Core/Src/bootloader.o
 .debug_macro   0x00000000000015b2       0x43 ./Core/Src/bootloader.o
 .debug_macro   0x00000000000015f5       0x34 ./Core/Src/bootloader.o
 .debug_macro   0x0000000000001629       0x10 ./Core/Src/bootloader.o
 .debug_macro   0x0000000000001639       0x58 ./Core/Src/bootloader.o
 .debug_macro   0x0000000000001691       0x71 ./Core/Src/bootloader.o
 .debug_macro   0x0000000000001702       0x1c ./Core/Src/bootloader.o
 .debug_macro   0x000000000000171e      0x12a ./Core/Src/bootloader.o
 .debug_macro   0x0000000000001848       0x10 ./Core/Src/bootloader.o
 .debug_macro   0x0000000000001858       0x6a ./Core/Src/bootloader.o
 .debug_macro   0x00000000000018c2       0x1c ./Core/Src/bootloader.o
 .debug_macro   0x00000000000018de       0x52 ./Core/Src/bootloader.o
 .debug_macro   0x0000000000001930       0x22 ./Core/Src/bootloader.o
 .debug_macro   0x0000000000001952       0x10 ./Core/Src/bootloader.o
 .debug_macro   0x0000000000001962       0x52 ./Core/Src/bootloader.o
 .debug_macro   0x00000000000019b4       0xd5 ./Core/Src/bootloader.o
 .debug_macro   0x0000000000001a89       0x1c ./Core/Src/bootloader.o
 .debug_macro   0x0000000000001aa5       0x3d ./Core/Src/bootloader.o
 .debug_macro   0x0000000000001ae2       0x16 ./Core/Src/bootloader.o
 .debug_macro   0x0000000000001af8      0x145 ./Core/Src/bootloader.o
 .debug_macro   0x0000000000001c3d       0x16 ./Core/Src/bootloader.o
 .debug_macro   0x0000000000001c53       0x35 ./Core/Src/bootloader.o
 .debug_macro   0x0000000000001c88       0x16 ./Core/Src/bootloader.o
 .debug_macro   0x0000000000001c9e       0x29 ./Core/Src/bootloader.o
 .debug_macro   0x0000000000001cc7       0x16 ./Core/Src/bootloader.o
 .debug_macro   0x0000000000001cdd       0x20 ./Core/Src/bootloader.o
 .debug_macro   0x0000000000001cfd       0x22 ./Core/Src/bootloader.o
 .debug_macro   0x0000000000001d1f      0x29b ./Core/Src/bootloader.o
 .debug_macro   0x0000000000001fba       0x2e ./Core/Src/bootloader.o
 .debug_macro   0x0000000000001fe8       0x28 ./Core/Src/bootloader.o
 .debug_macro   0x0000000000002010      0x103 ./Core/Src/bootloader.o
 .debug_macro   0x0000000000002113      0x1df ./Core/Src/bootloader.o
 .debug_macro   0x00000000000022f2       0x1c ./Core/Src/bootloader.o
 .debug_macro   0x000000000000230e       0x22 ./Core/Src/bootloader.o
 .debug_macro   0x0000000000002330       0xd9 ./Core/Src/bootloader.o
 .debug_macro   0x0000000000002409     0x102d ./Core/Src/bootloader.o
 .debug_macro   0x0000000000003436      0x11f ./Core/Src/bootloader.o
 .debug_macro   0x0000000000003555     0xb953 ./Core/Src/bootloader.o
 .debug_macro   0x000000000000eea8       0x6d ./Core/Src/bootloader.o
 .debug_macro   0x000000000000ef15     0x367e ./Core/Src/bootloader.o
 .debug_macro   0x0000000000012593       0x56 ./Core/Src/bootloader.o
 .debug_macro   0x00000000000125e9      0x447 ./Core/Src/bootloader.o
 .debug_macro   0x0000000000012a30      0x9fe ./Core/Src/bootloader.o
 .debug_macro   0x000000000001342e      0x115 ./Core/Src/bootloader.o
 .debug_macro   0x0000000000013543      0x11b ./Core/Src/bootloader.o
 .debug_macro   0x000000000001365e       0xa5 ./Core/Src/bootloader.o
 .debug_macro   0x0000000000013703      0x15f ./Core/Src/bootloader.o
 .debug_macro   0x0000000000013862      0x287 ./Core/Src/bootloader.o
 .debug_macro   0x0000000000013ae9       0x5f ./Core/Src/bootloader.o
 .debug_macro   0x0000000000013b48      0x236 ./Core/Src/bootloader.o
 .debug_macro   0x0000000000013d7e       0x22 ./Core/Src/bootloader.o
 .debug_macro   0x0000000000013da0      0x132 ./Core/Src/bootloader.o
 .debug_macro   0x0000000000013ed2      0x264 ./Core/Src/bootloader.o
 .debug_macro   0x0000000000014136       0x2e ./Core/Src/bootloader.o
 .debug_macro   0x0000000000014164      0x11a ./Core/Src/bootloader.o
 .debug_macro   0x000000000001427e       0x85 ./Core/Src/bootloader.o
 .debug_macro   0x0000000000014303       0x89 ./Core/Src/bootloader.o
 .debug_macro   0x000000000001438c      0x248 ./Core/Src/bootloader.o
 .debug_macro   0x00000000000145d4       0xba ./Core/Src/bootloader.o
 .debug_macro   0x000000000001468e      0x126 ./Core/Src/bootloader.o
 .debug_macro   0x00000000000147b4       0x1c ./Core/Src/bootloader.o
 .debug_macro   0x00000000000147d0       0x65 ./Core/Src/bootloader.o
 .debug_macro   0x0000000000014835      0x20f ./Core/Src/bootloader.o
 .debug_macro   0x0000000000014a44       0x95 ./Core/Src/bootloader.o
 .debug_macro   0x0000000000014ad9       0x10 ./Core/Src/bootloader.o
 .debug_macro   0x0000000000014ae9       0xa6 ./Core/Src/bootloader.o
 .debug_macro   0x0000000000014b8f      0x3aa ./Core/Src/flash.o
 .debug_macro   0x0000000000014f39       0x8e ./Core/Src/flash.o
 .debug_macro   0x0000000000014fc7       0x51 ./Core/Src/flash.o
 .debug_macro   0x0000000000015018       0x52 ./Core/Src/flash.o
 .debug_macro   0x000000000001506a      0x43e ./Core/Src/main.o
 .debug_macro   0x00000000000154a8      0x174 ./Core/Src/main.o
 .debug_macro   0x000000000001561c       0x5c ./Core/Src/main.o
 .debug_macro   0x0000000000015678      0x1ed ./Core/Src/stm32f4xx_hal_msp.o
 .debug_macro   0x0000000000015865      0x1f7 ./Core/Src/stm32f4xx_it.o
 .debug_macro   0x0000000000015a5c      0x1de ./Core/Src/system_stm32f4xx.o
 .debug_macro   0x0000000000015c3a      0x23e ./Drivers/STM32F4xx_HAL_Driver/Src/stm32f4xx_hal.o
 .debug_macro   0x0000000000015e78      0x1de ./Drivers/STM32F4xx_HAL_Driver/Src/stm32f4xx_hal_cortex.o
 .debug_macro   0x0000000000016056      0x1de ./Drivers/STM32F4xx_HAL_Driver/Src/stm32f4xx_hal_crc.o
 .debug_macro   0x0000000000016234      0x1e4 ./Drivers/STM32F4xx_HAL_Driver/Src/stm32f4xx_hal_flash.o
 .debug_macro   0x0000000000016418      0x1e4 ./Drivers/STM32F4xx_HAL_Driver/Src/stm32f4xx_hal_flash_ex.o
 .debug_macro   0x00000000000165fc      0x1e4 ./Drivers/STM32F4xx_HAL_Driver/Src/stm32f4xx_hal_gpio.o
 .debug_macro   0x00000000000167e0      0x1ea ./Drivers/STM32F4xx_HAL_Driver/Src/stm32f4xx_hal_pcd.o
 .debug_macro   0x00000000000169ca      0x1de ./Drivers/STM32F4xx_HAL_Driver/Src/stm32f4xx_hal_pcd_ex.o
 .debug_macro   0x0000000000016ba8      0x202 ./Drivers/STM32F4xx_HAL_Driver/Src/stm32f4xx_hal_rcc.o
 .debug_macro   0x0000000000016daa      0x1de ./Drivers/STM32F4xx_HAL_Driver/Src/stm32f4xx_hal_rcc_ex.o
 .debug_macro   0x0000000000016f88      0x1de ./Drivers/STM32F4xx_HAL_Driver/Src/stm32f4xx_ll_usb.o
 .debug_macro   0x0000000000017166      0x403 ./Middlewares/ST/STM32_USB_Device_Library/Class/CDC/Src/usbd_cdc.o
 .debug_macro   0x0000000000017569      0x3ea ./Middlewares/ST/STM32_USB_Device_Library/Core/Src/usbd_core.o
 .debug_macro   0x0000000000017953      0x215 ./Middlewares/ST/STM32_USB_Device_Library/Core/Src/usbd_core.o
 .debug_macro   0x0000000000017b68      0x3f4 ./Middlewares/ST/STM32_USB_Device_Library/Core/Src/usbd_ctlreq.o
 .debug_macro   0x0000000000017f5c      0x3f0 ./Middlewares/ST/STM32_USB_Device_Library/Core/Src/usbd_ioreq.o
 .debug_macro   0x000000000001834c      0x423 ./USB_DEVICE/App/usb_device.o
 .debug_macro   0x000000000001876f       0x22 ./USB_DEVICE/App/usb_device.o
 .debug_macro   0x0000000000018791       0x22 ./USB_DEVICE/App/usb_device.o
 .debug_macro   0x00000000000187b3       0x16 ./USB_DEVICE/App/usb_device.o
 .debug_macro   0x00000000000187c9      0x414 ./USB_DEVICE/App/usbd_cdc_if.o
 .debug_macro   0x0000000000018bdd      0x42d ./USB_DEVICE/App/usbd_desc.o
 .debug_macro   0x000000000001900a       0x1c ./USB_DEVICE/App/usbd_desc.o
 .debug_macro   0x0000000000019026      0x407 ./USB_DEVICE/Target/usbd_conf.o

.debug_line     0x0000000000000000    0x12f89
 .debug_line    0x0000000000000000      0xd3a ./Core/Src/bootloader.o
 .debug_line    0x0000000000000d3a      0xa5d ./Core/Src/flash.o
 .debug_line    0x0000000000001797      0xb31 ./Core/Src/main.o
 .debug_line    0x00000000000022c8      0x710 ./Core/Src/stm32f4xx_hal_msp.o
 .debug_line    0x00000000000029d8      0x7b3 ./Core/Src/stm32f4xx_it.o
 .debug_line    0x000000000000318b      0x75a ./Core/Src/system_stm32f4xx.o
 .debug_line    0x00000000000038e5       0x88 ./Core/Startup/startup_stm32f411ceux.o
 .debug_line    0x000000000000396d      0x9c0 ./Drivers/STM32F4xx_HAL_Driver/Src/stm32f4xx_hal.o
 .debug_line    0x000000000000432d      0xc6f ./Drivers/STM32F4xx_HAL_Driver/Src/stm32f4xx_hal_cortex.o
 .debug_line    0x0000000000004f9c      0x81f ./Drivers/STM32F4xx_HAL_Driver/Src/stm32f4xx_hal_crc.o
 .debug_line    0x00000000000057bb      0xa52 ./Drivers/STM32F4xx_HAL_Driver/Src/stm32f4xx_hal_flash.o
 .debug_line    0x000000000000620d      0xb64 ./Drivers/STM32F4xx_HAL_Driver/Src/stm32f4xx_hal_flash_ex.o
 .debug_line    0x0000000000006d71      0xaf8 ./Drivers/STM32F4xx_HAL_Driver/Src/stm32f4xx_hal_gpio.o
 .debug_line    0x0000000000007869     0x1463 ./Drivers/STM32F4xx_HAL_Driver/Src/stm32f4xx_hal_pcd.o
 .debug_line    0x0000000000008ccc      0x7a3 ./Drivers/STM32F4xx_HAL_Driver/Src/stm32f4xx_hal_pcd_ex.o
 .debug_line    0x000000000000946f      0xd3a ./Drivers/STM32F4xx_HAL_Driver/Src/stm32f4xx_hal_rcc.o
 .debug_line    0x000000000000a1a9      0xa1a ./Drivers/STM32F4xx_HAL_Driver/Src/stm32f4xx_hal_rcc_ex.o
 .debug_line    0x000000000000abc3     0x1a7d ./Drivers/STM32F4xx_HAL_Driver/Src/stm32f4xx_ll_usb.o
 .debug_line    0x000000000000c640      0xeed ./Middlewares/ST/STM32_USB_Device_Library/Class/CDC/Src/usbd_cdc.o
 .debug_line    0x000000000000d52d      0xf67 ./Middlewares/ST/STM32_USB_Device_Library/Core/Src/usbd_core.o
 .debug_line    0x000000000000e494     0x1138 ./Middlewares/ST/STM32_USB_Device_Library/Core/Src/usbd_ctlreq.o
 .debug_line    0x000000000000f5cc      0xa7f ./Middlewares/ST/STM32_USB_Device_Library/Core/Src/usbd_ioreq.o
 .debug_line    0x000000000001004b      0xa3b ./USB_DEVICE/App/usb_device.o
 .debug_line    0x0000000000010a86      0xbe8 ./USB_DEVICE/App/usbd_cdc_if.o
 .debug_line    0x000000000001166e      0xb04 ./USB_DEVICE/App/usbd_desc.o
 .debug_line    0x0000000000012172      0xe17 ./USB_DEVICE/Target/usbd_conf.o

.debug_str      0x0000000000000000    0x8831b
 .debug_str     0x0000000000000000    0x842c8 ./Core/Src/bootloader.o
                                      0x845bc (size before relaxing)
 .debug_str     0x00000000000842c8      0x1f7 ./Core/Src/flash.o
                                      0x8345d (size before relaxing)
 .debug_str     0x00000000000844bf      0x392 ./Core/Src/main.o
                                      0x84470 (size before relaxing)
 .debug_str     0x0000000000084851       0x4e ./Core/Src/stm32f4xx_hal_msp.o
                                      0x7f1b2 (size before relaxing)
 .debug_str     0x000000000008489f      0x443 ./Core/Src/stm32f4xx_it.o
                                      0x7f41b (size before relaxing)
 .debug_str     0x0000000000084ce2       0x87 ./Core/Src/system_stm32f4xx.o
                                      0x7f0de (size before relaxing)
 .debug_str     0x0000000000084d69       0x36 ./Core/Startup/startup_stm32f411ceux.o
                                         0x75 (size before relaxing)
 .debug_str     0x0000000000084d9f      0x972 ./Drivers/STM32F4xx_HAL_Driver/Src/stm32f4xx_hal.o
                                      0x7fb0a (size before relaxing)
 .debug_str     0x0000000000085711      0x359 ./Drivers/STM32F4xx_HAL_Driver/Src/stm32f4xx_hal_cortex.o
                                      0x7f82b (size before relaxing)
 .debug_str     0x0000000000085a6a       0x8b ./Drivers/STM32F4xx_HAL_Driver/Src/stm32f4xx_hal_crc.o
                                      0x7f0fa (size before relaxing)
 .debug_str     0x0000000000085af5      0x299 ./Drivers/STM32F4xx_HAL_Driver/Src/stm32f4xx_hal_flash.o
                                      0x7f2bc (size before relaxing)