../USB_DEVICE/App/usbd_cdc_if.c:167:15:CDC_Init_FS	16	static
../USB_DEVICE/App/usbd_cdc_if.c:193:15:CDC_DeInit_FS	4	static
../USB_DEVICE/App/usbd_cdc_if.c:207:15:CDC_Control_FS	16	static
../USB_DEVICE/App/usbd_cdc_if.c:288:15:CDC_Receive_FS	32	static
../USB_DEVICE/App/usbd_cdc_if.c:326:9:CDC_Transmit_FS	24	static
../USB_DEVICE/App/usbd_cdc_if.c:355:15:CDC_TransmitCplt_FS	32	static
../USB_DEVICE/App/usbd_cdc_if.c:369:9:CDC_ReadRxBuffer_FS	32	static
../USB_DEVICE/App/usbd_cdc_if.c:396:10:CDC_GetRxBufferBytesAvailable_FS	4	static
../USB_DEVICE/App/usbd_cdc_if.c:407:6:CDC_FlushRxBuffer_FS	8	static
